<html>
<body>
<pre>
<h1>µVision Build Log</h1>
<h2>Tool Versions:</h2>
IDE-Version: µVision V5.34.0.0
Copyright (C) 2021 ARM Ltd and ARM Germany GmbH. All rights reserved.
License Information: Augusto Cesar de Lima, N/A, LIC=----
 
Tool Versions:
Toolchain:       MDK-Lite  Version: 5.34.0.0
Toolchain Path:  C:\Keil_v5\ARM\ARMCC\Bin
C Compiler:      Armcc.exe V5.06 update 7 (build 960)
Assembler:       Armasm.exe V5.06 update 7 (build 960)
Linker/Locator:  ArmLink.exe V5.06 update 7 (build 960)
Library Manager: ArmAr.exe V5.06 update 7 (build 960)
Hex Converter:   FromElf.exe V5.06 update 7 (build 960)
CPU DLL:         SARMCM3.DLL V5.34.0.0
Dialog DLL:      DCM.DLL V1.17.3.0
Target DLL:      STLink\ST-LINKIII-KEIL_SWO.dll V3.0.8.0
Dialog DLL:      TCM.DLL V1.48.0.0
 
<h2>Project:</h2>
C:\Users\Augusto\Desktop\Meu Drive\Repositorios\stm32_ethernet\MDK-ARM\Projeto_10.uvprojx
Project File Date:  05/29/2021

<h2>Output:</h2>
*** Using Compiler 'V5.06 update 7 (build 960)', folder: 'C:\Keil_v5\ARM\ARMCC\Bin'
Rebuild target 'stm32_ethernet'
assembling startup_stm32f103xe.s...
compiling stm32f1xx_hal_rcc_ex.c...
compiling stm32f1xx_it.c...
compiling stm32f1xx_hal_msp.c...
compiling usbd_cdc_if.c...
compiling stm32f1xx_hal_pcd_ex.c...
compiling stm32f1xx_hal_gpio_ex.c...
compiling stm32f1xx_hal.c...
compiling main.c...
compiling ethernet_client.c...
compiling usbd_desc.c...
compiling usbd_conf.c...
compiling usb_device.c...
compiling ethernet_clp.c...
compiling stm32f1xx_hal_rcc.c...
compiling stm32f1xx_hal_pcd.c...
compiling stm32f1xx_ll_usb.c...
compiling stm32f1xx_hal_tim.c...
compiling system_stm32f1xx.c...
compiling stm32f1xx_hal_tim_ex.c...
compiling stm32f1xx_hal_pwr.c...
compiling stm32f1xx_hal_flash.c...
compiling stm32f1xx_hal_exti.c...
compiling stm32f1xx_hal_flash_ex.c...
compiling stm32f1xx_hal_cortex.c...
compiling stm32f1xx_hal_gpio.c...
compiling stm32f1xx_hal_dma.c...
compiling stm32f1xx_hal_adc.c...
compiling stm32f1xx_hal_adc_ex.c...
compiling loopback.c...
compiling usbd_core.c...
compiling w5500.c...
compiling wizchip_conf.c...
compiling socket.c...
compiling stm32f1xx_hal_uart.c...
compiling SSL_Random.c...
compiling dns.c...
compiling stm32f1xx_hal_spi.c...
compiling aesni.c...
compiling arc4.c...
compiling SSLInterface.c...
..\_library\Security\SSLInterface.c(34): warning:  #940-D: missing return statement at end of non-void function "WIZnetSend" 
  }
..\_library\Security\SSLInterface.c(92): warning:  #167-D: argument of type "unsigned char *" is incompatible with parameter of type "const char *"
  	mbedtls_ssl_set_hostname(tlsContext->ssl, sslHostName);
..\_library\Security\SSLInterface.c(95): warning:  #223-D: function "strlen" declared implicitly
  	ret = mbedtls_x509_crt_parse((tlsContext->cacert),(unsigned char *)CERTIFICATE, strlen(CERTIFICATE));
..\_library\Security\SSLInterface.c(54): warning:  #177-D: variable "error_buf"  was declared but never referenced
  	char error_buf[100];
..\_library\Security\SSLInterface.c(149): warning:  #223-D: function "memset" declared implicitly
      memset(tempBuf,0,1024);
..\_library\Security\SSLInterface.c(170): warning:  #223-D: function "mbedtls_strerror" declared implicitly
              mbedtls_strerror( ret, (char *) tempBuf, DEBUG_BUFFER_SIZE );
..\_library\Security\SSLInterface.c(173): warning:  #68-D: integer conversion resulted in a change of sign
              return( -1 );
..\_library\Security\SSLInterface.c(200): warning:  #223-D: function "memset" declared implicitly
  	memset(tempBuf,0,1024);
..\_library\Security\SSLInterface.c(208): warning:  #167-D: argument of type "unsigned char *" is incompatible with parameter of type "char *"
  		mbedtls_x509_crt_verify_info( tempBuf, DEBUG_BUFFER_SIZE, "  ! ", flags );
..\_library\Security\SSLInterface.c(229): warning:  #68-D: integer conversion resulted in a change of sign
  	while( rc == MBEDTLS_ERR_SSL_WANT_WRITE );
..\_library\Security\SSLInterface.c: 10 warnings, 0 errors
compiling blowfish.c...
compiling dhcp.c...
compiling asn1parse.c...
compiling camellia.c...
compiling aes.c...
compiling base64.c...
compiling asn1write.c...
compiling ccm.c...
compiling certs.c...
compiling cipher_wrap.c...
compiling cmac.c...
compiling ecdh.c...
compiling dhm.c...
compiling des.c...
compiling cipher.c...
compiling ctr_drbg.c...
compiling ecjpake.c...
compiling debug.c...
compiling ecdsa.c...
compiling ecp.c...
compiling entropy.c...
compiling entropy_poll.c...
compiling ecp_curves.c...
compiling stm32f1xx_hal_i2c.c...
compiling bignum.c...
compiling hmac_drbg.c...
compiling gcm.c...
compiling md_wrap.c...
compiling havege.c...
compiling md2.c...
compiling md4.c...
compiling error.c...
compiling md5.c...
compiling memory_buffer_alloc.c...
compiling md.c...
compiling usbd_ioreq.c...
compiling usbd_ctlreq.c...
compiling padlock.c...
compiling net_sockets.c...
compiling pkcs12.c...
compiling pkcs5.c...
compiling pk_wrap.c...
compiling pem.c...
compiling pkwrite.c...
compiling pkcs11.c...
compiling oid.c...
compiling usbd_cdc.c...
compiling pk.c...
compiling platform.c...
compiling ripemd160.c...
compiling pkparse.c...
compiling uart_usb.c...
compiling sha1.c...
compiling rsa_internal.c...
compiling sha512.c...
compiling ssl_cache.c...
compiling ssl_cookie.c...
compiling threading.c...
compiling timing.c...
compiling ssl_srv.c...
compiling ssl_ticket.c...
compiling ssl_ciphersuites.c...
compiling version.c...
compiling rsa.c...
compiling version_features.c...
compiling x509_create.c...
compiling x509_csr.c...
compiling x509_crl.c...
compiling sha256.c...
compiling x509write_crt.c...
compiling x509write_csr.c...
compiling ssl_cli.c...
compiling xtea.c...
compiling ethernet_ssl.c...
compiling x509.c...
compiling x509_crt.c...
compiling ssl_tls.c...
linking...
Program Size: Code=28774 RO-data=666 RW-data=588 ZI-data=9932  
FromELF: creating hex file...
"Projeto_10\Projeto_10.axf" - 0 Error(s), 10 Warning(s).

<h2>Software Packages used:</h2>

Package Vendor: ARM
                http://www.keil.com/pack/ARM.CMSIS.5.7.0.pack
                ARM.CMSIS.5.7.0
                CMSIS (Cortex Microcontroller Software Interface Standard)
   * Component: CORE Version: 5.4.0

Package Vendor: Keil
                http://www.keil.com/pack/Keil.STM32F1xx_DFP.2.3.0.pack
                Keil.STM32F1xx_DFP.2.3.0
                STMicroelectronics STM32F1 Series Device Support, Drivers and Examples

<h2>Collection of Component include folders:</h2>
  .\RTE\_stm32_ethernet
  C:\Users\Augusto\AppData\Local\Arm\Packs\ARM\CMSIS\5.7.0\CMSIS\Core\Include
  C:\Users\Augusto\AppData\Local\Arm\Packs\Keil\STM32F1xx_DFP\2.3.0\Device\Include

<h2>Collection of Component Files used:</h2>

   * Component: ARM::CMSIS:CORE:5.4.0
      Include file:  CMSIS\Core\Include\tz_context.h
Build Time Elapsed:  00:00:06
</pre>
</body>
</html>
