Component: ARM Compiler 5.06 update 7 (build 960) Tool: armlink [4d3601]

==============================================================================

Section Cross References

    startup_stm32f103xe.o(RESET) refers to startup_stm32f103xe.o(STACK) for __initial_sp
    startup_stm32f103xe.o(RESET) refers to startup_stm32f103xe.o(.text) for Reset_Handler
    startup_stm32f103xe.o(RESET) refers to stm32f1xx_it.o(i.NMI_Handler) for NMI_Handler
    startup_stm32f103xe.o(RESET) refers to stm32f1xx_it.o(i.HardFault_Handler) for HardFault_Handler
    startup_stm32f103xe.o(RESET) refers to stm32f1xx_it.o(i.MemManage_Handler) for MemManage_Handler
    startup_stm32f103xe.o(RESET) refers to stm32f1xx_it.o(i.BusFault_Handler) for BusFault_Handler
    startup_stm32f103xe.o(RESET) refers to stm32f1xx_it.o(i.UsageFault_Handler) for UsageFault_Handler
    startup_stm32f103xe.o(RESET) refers to stm32f1xx_it.o(i.SVC_Handler) for SVC_Handler
    startup_stm32f103xe.o(RESET) refers to stm32f1xx_it.o(i.DebugMon_Handler) for DebugMon_Handler
    startup_stm32f103xe.o(RESET) refers to stm32f1xx_it.o(i.PendSV_Handler) for PendSV_Handler
    startup_stm32f103xe.o(RESET) refers to stm32f1xx_it.o(i.SysTick_Handler) for SysTick_Handler
    startup_stm32f103xe.o(RESET) refers to stm32f1xx_it.o(i.USB_LP_CAN1_RX0_IRQHandler) for USB_LP_CAN1_RX0_IRQHandler
    startup_stm32f103xe.o(.text) refers to system_stm32f1xx.o(i.SystemInit) for SystemInit
    startup_stm32f103xe.o(.text) refers to entry.o(.ARM.Collect$$$$00000000) for __main
    main.o(i.MX_ADC1_Init) refers to stm32f1xx_hal_adc.o(i.HAL_ADC_Init) for HAL_ADC_Init
    main.o(i.MX_ADC1_Init) refers to stm32f1xx_hal_adc.o(i.HAL_ADC_ConfigChannel) for HAL_ADC_ConfigChannel
    main.o(i.MX_ADC1_Init) refers to main.o(.bss) for .bss
    main.o(i.MX_GPIO_Init) refers to stm32f1xx_hal_gpio.o(i.HAL_GPIO_WritePin) for HAL_GPIO_WritePin
    main.o(i.MX_GPIO_Init) refers to stm32f1xx_hal_gpio.o(i.HAL_GPIO_Init) for HAL_GPIO_Init
    main.o(i.MX_SPI1_Init) refers to stm32f1xx_hal_spi.o(i.HAL_SPI_Init) for HAL_SPI_Init
    main.o(i.MX_SPI1_Init) refers to main.o(.bss) for .bss
    main.o(i.SystemClock_Config) refers to memseta.o(.text) for __aeabi_memclr4
    main.o(i.SystemClock_Config) refers to stm32f1xx_hal_rcc.o(i.HAL_RCC_OscConfig) for HAL_RCC_OscConfig
    main.o(i.SystemClock_Config) refers to stm32f1xx_hal_rcc.o(i.HAL_RCC_ClockConfig) for HAL_RCC_ClockConfig
    main.o(i.SystemClock_Config) refers to stm32f1xx_hal_rcc_ex.o(i.HAL_RCCEx_PeriphCLKConfig) for HAL_RCCEx_PeriphCLKConfig
    main.o(i.main) refers to stm32f1xx_hal.o(i.HAL_Init) for HAL_Init
    main.o(i.main) refers to main.o(i.SystemClock_Config) for SystemClock_Config
    main.o(i.main) refers to main.o(i.MX_GPIO_Init) for MX_GPIO_Init
    main.o(i.main) refers to main.o(i.MX_SPI1_Init) for MX_SPI1_Init
    main.o(i.main) refers to usb_device.o(i.MX_USB_DEVICE_Init) for MX_USB_DEVICE_Init
    main.o(i.main) refers to main.o(i.MX_ADC1_Init) for MX_ADC1_Init
    main.o(i.main) refers to stm32f1xx_hal_i2c.o(i.HAL_I2C_Init) for HAL_I2C_Init
    main.o(i.main) refers to stm32f1xx_hal_uart.o(i.HAL_UART_Init) for HAL_UART_Init
    main.o(i.main) refers to ethernet_clp.o(i.init_ethernet_dinamico) for init_ethernet_dinamico
    main.o(i.main) refers to ethernet_clp.o(i.consulta_DNS) for consulta_DNS
    main.o(i.main) refers to ethernet_client.o(i.client_request) for client_request
    main.o(i.main) refers to stm32f1xx_hal_gpio.o(i.HAL_GPIO_TogglePin) for HAL_GPIO_TogglePin
    main.o(i.main) refers to stm32f1xx_hal.o(i.HAL_Delay) for HAL_Delay
    main.o(i.main) refers to main.o(.bss) for .bss
    main.o(i.main) refers to main.o(.data) for .data
    usb_device.o(i.MX_USB_DEVICE_Init) refers to usbd_core.o(i.USBD_Init) for USBD_Init
    usb_device.o(i.MX_USB_DEVICE_Init) refers to main.o(i.Error_Handler) for Error_Handler
    usb_device.o(i.MX_USB_DEVICE_Init) refers to usbd_core.o(i.USBD_RegisterClass) for USBD_RegisterClass
    usb_device.o(i.MX_USB_DEVICE_Init) refers to usbd_cdc.o(i.USBD_CDC_RegisterInterface) for USBD_CDC_RegisterInterface
    usb_device.o(i.MX_USB_DEVICE_Init) refers to usbd_core.o(i.USBD_Start) for USBD_Start
    usb_device.o(i.MX_USB_DEVICE_Init) refers to usbd_desc.o(.data) for FS_Desc
    usb_device.o(i.MX_USB_DEVICE_Init) refers to usb_device.o(.bss) for .bss
    usb_device.o(i.MX_USB_DEVICE_Init) refers to usbd_cdc.o(.data) for USBD_CDC
    usb_device.o(i.MX_USB_DEVICE_Init) refers to usbd_cdc_if.o(.data) for USBD_Interface_fops_FS
    usbd_conf.o(i.HAL_PCD_ConnectCallback) refers to usbd_core.o(i.USBD_LL_DevConnected) for USBD_LL_DevConnected
    usbd_conf.o(i.HAL_PCD_DataInStageCallback) refers to usbd_core.o(i.USBD_LL_DataInStage) for USBD_LL_DataInStage
    usbd_conf.o(i.HAL_PCD_DataOutStageCallback) refers to usbd_core.o(i.USBD_LL_DataOutStage) for USBD_LL_DataOutStage
    usbd_conf.o(i.HAL_PCD_DisconnectCallback) refers to usbd_core.o(i.USBD_LL_DevDisconnected) for USBD_LL_DevDisconnected
[...]
    i.send                                   0x080065c8   Section        0  socket.o(i.send)
    i.send_DHCP_DECLINE                      0x080066e4   Section        0  dhcp.o(i.send_DHCP_DECLINE)
    i.send_DHCP_DISCOVER                     0x080067e4   Section        0  dhcp.o(i.send_DHCP_DISCOVER)
    i.send_DHCP_REQUEST                      0x080069bc   Section        0  dhcp.o(i.send_DHCP_REQUEST)
    i.sendto                                 0x08006c4c   Section        0  socket.o(i.sendto)
    i.socket                                 0x08006dcc   Section        0  socket.o(i.socket)
    i.spi_rb                                 0x08006ee8   Section        0  ethernet_clp.o(i.spi_rb)
    i.spi_wb                                 0x08006f04   Section        0  ethernet_clp.o(i.spi_wb)
    i.wiz_recv_data                          0x08006f1c   Section        0  w5500.o(i.wiz_recv_data)
    i.wiz_recv_ignore                        0x08006f7c   Section        0  w5500.o(i.wiz_recv_ignore)
    i.wiz_send_data                          0x08006fbe   Section        0  w5500.o(i.wiz_send_data)
    i.wizchip_bus_readdata                   0x0800701e   Section        0  wizchip_conf.o(i.wizchip_bus_readdata)
    i.wizchip_bus_writedata                  0x08007022   Section        0  wizchip_conf.o(i.wizchip_bus_writedata)
    i.wizchip_cris_enter                     0x08007026   Section        0  wizchip_conf.o(i.wizchip_cris_enter)
    i.wizchip_cris_exit                      0x08007028   Section        0  wizchip_conf.o(i.wizchip_cris_exit)
    i.wizchip_cs_deselect                    0x0800702a   Section        0  wizchip_conf.o(i.wizchip_cs_deselect)
    i.wizchip_cs_select                      0x0800702c   Section        0  wizchip_conf.o(i.wizchip_cs_select)
    i.wizchip_init                           0x0800702e   Section        0  wizchip_conf.o(i.wizchip_init)
    i.wizchip_setnetinfo                     0x080070a8   Section        0  wizchip_conf.o(i.wizchip_setnetinfo)
    i.wizchip_spi_readburst                  0x08007100   Section        0  wizchip_conf.o(i.wizchip_spi_readburst)
    i.wizchip_spi_readbyte                   0x08007102   Section        0  wizchip_conf.o(i.wizchip_spi_readbyte)
    i.wizchip_spi_writeburst                 0x08007106   Section        0  wizchip_conf.o(i.wizchip_spi_writeburst)
    i.wizchip_spi_writebyte                  0x08007108   Section        0  wizchip_conf.o(i.wizchip_spi_writebyte)
    i.wizchip_sw_reset                       0x0800710a   Section        0  wizchip_conf.o(i.wizchip_sw_reset)
    .constdata                               0x0800717e   Section      179  ethernet_client.o(.constdata)
    server_ip                                0x0800717e   Data           4  ethernet_client.o(.constdata)
    FIREBASE                                 0x08007182   Data         175  ethernet_client.o(.constdata)
    .constdata                               0x08007234   Section       47  ethernet_clp.o(.constdata)
    .constdata                               0x08007263   Section       16  system_stm32f1xx.o(.constdata)
    .constdata                               0x08007273   Section        8  system_stm32f1xx.o(.constdata)
    .conststring                             0x0800727c   Section       73  ethernet_clp.o(.conststring)
    .data                                    0x20000000   Section       10  main.o(.data)
    request                                  0x20000000   Data          10  main.o(.data)
    .data                                    0x2000000c   Section       28  usbd_desc.o(.data)
    .data                                    0x20000028   Section       50  usbd_desc.o(.data)
    .data                                    0x2000005c   Section       16  usbd_cdc_if.o(.data)
    .data                                    0x2000006c   Section        8  ethernet_client.o(.data)
    length                                   0x2000006c   Data           2  ethernet_client.o(.data)
    request1                                 0x20000070   Data           4  ethernet_client.o(.data)
    .data                                    0x20000074   Section       17  ethernet_clp.o(.data)
    .data                                    0x20000088   Section       12  stm32f1xx_hal.o(.data)
    .data                                    0x20000094   Section        4  system_stm32f1xx.o(.data)
    .data                                    0x20000098   Section        1  usbd_ctlreq.o(.data)
    cfgidx                                   0x20000098   Data           1  usbd_ctlreq.o(.data)
    .data                                    0x2000009c   Section      215  usbd_cdc.o(.data)
    USBD_CDC_DeviceQualifierDesc             0x2000009c   Data          10  usbd_cdc.o(.data)
    .data                                    0x20000174   Section       56  usbd_cdc.o(.data)
    .data                                    0x200001ac   Section       14  socket.o(.data)
    sock_any_port                            0x200001ac   Data           2  socket.o(.data)
    sock_io_mode                             0x200001ae   Data           2  socket.o(.data)
    sock_is_sending                          0x200001b0   Data           2  socket.o(.data)
    .data                                    0x200001bc   Section       52  wizchip_conf.o(.data)
    _DHCP_                                   0x200001bc   Data           1  wizchip_conf.o(.data)
    _DNS_                                    0x200001bd   Data           4  wizchip_conf.o(.data)
    .data                                    0x200001f0   Section       12  dns.o(.data)
    retry_count                              0x200001f1   Data           1  dns.o(.data)
    .data                                    0x200001fc   Section       78  dhcp.o(.data)
    .bss                                     0x2000024c   Section      284  main.o(.bss)
    .bss                                     0x20000368   Section      708  usb_device.o(.bss)
    .bss                                     0x2000062c   Section     1292  usbd_conf.o(.bss)
    mem                                      0x2000062c   Data         544  usbd_conf.o(.bss)
    .bss                                     0x20000b38   Section      512  usbd_desc.o(.bss)
    .bss                                     0x20000d38   Section     2000  usbd_cdc_if.o(.bss)
    .bss                                     0x20001508   Section     2048  ethernet_client.o(.bss)
    recv_buf                                 0x20001508   Data        2048  ethernet_client.o(.bss)
    .bss                                     0x20001d08   Section     2048  ethernet_clp.o(.bss)
    .bss                                     0x20002508   Section       16  socket.o(.bss)
    sock_remained_size                       0x20002508   Data          16  socket.o(.bss)
    STACK                                    0x20002518   Section     1024  startup_stm32f103xe.o(STACK)

    Global Symbols

    Symbol Name                              Value     Ov Type        Size  Object(Section)

    BuildAttributes$$THM_ISAv4$P$D$K$B$S$PE$A:L22UL41UL21$X:L11$S22US41US21$IEEE1$IW$USESV6$~STKCKD$USESV7$~SHL$OSPACE$ROPI$EBA8$MICROLIB$REQ8$PRES8$EABIv2 0x00000000   Number         0  anon$$obj.o ABSOLUTE
    __ARM_use_no_argv                        0x00000000   Number         0  main.o ABSOLUTE
    _printf_a                                0x00000000   Number         0  stubs.o ABSOLUTE
    _printf_c                                0x00000000   Number         0  stubs.o ABSOLUTE
    _printf_charcount                        0x00000000   Number         0  stubs.o ABSOLUTE
    _printf_d                                0x00000000   Number         0  stubs.o ABSOLUTE
    _printf_e                                0x00000000   Number         0  stubs.o ABSOLUTE
    _printf_f                                0x00000000   Number         0  stubs.o ABSOLUTE
    _printf_flags                            0x00000000   Number         0  stubs.o ABSOLUTE
    _printf_fp_dec                           0x00000000   Number         0  stubs.o ABSOLUTE
    _printf_fp_hex                           0x00000000   Number         0  stubs.o ABSOLUTE
    _printf_g                                0x00000000   Number         0  stubs.o ABSOLUTE
    _printf_i                                0x00000000   Number         0  stubs.o ABSOLUTE
    _printf_int_dec                          0x00000000   Number         0  stubs.o ABSOLUTE
    _printf_l                                0x00000000   Number         0  stubs.o ABSOLUTE
    _printf_lc                               0x00000000   Number         0  stubs.o ABSOLUTE
    _printf_ll                               0x00000000   Number         0  stubs.o ABSOLUTE
    _printf_lld                              0x00000000   Number         0  stubs.o ABSOLUTE
    _printf_lli                              0x00000000   Number         0  stubs.o ABSOLUTE
    _printf_llo                              0x00000000   Number         0  stubs.o ABSOLUTE
    _printf_llu                              0x00000000   Number         0  stubs.o ABSOLUTE
    _printf_llx                              0x00000000   Number         0  stubs.o ABSOLUTE
    _printf_longlong_dec                     0x00000000   Number         0  stubs.o ABSOLUTE
    _printf_longlong_hex                     0x00000000   Number         0  stubs.o ABSOLUTE
    _printf_longlong_oct                     0x00000000   Number         0  stubs.o ABSOLUTE
    _printf_ls                               0x00000000   Number         0  stubs.o ABSOLUTE
    _printf_mbtowc                           0x00000000   Number         0  stubs.o ABSOLUTE
    _printf_n                                0x00000000   Number         0  stubs.o ABSOLUTE
    _printf_o                                0x00000000   Number         0  stubs.o ABSOLUTE
    _printf_p                                0x00000000   Number         0  stubs.o ABSOLUTE
    _printf_percent                          0x00000000   Number         0  stubs.o ABSOLUTE
    _printf_pre_padding                      0x00000000   Number         0  stubs.o ABSOLUTE
    _printf_return_value                     0x00000000   Number         0  stubs.o ABSOLUTE
    _printf_s                                0x00000000   Number         0  stubs.o ABSOLUTE
    _printf_sizespec                         0x00000000   Number         0  stubs.o ABSOLUTE
    _printf_str                              0x00000000   Number         0  stubs.o ABSOLUTE
    _printf_truncate_signed                  0x00000000   Number         0  stubs.o ABSOLUTE
    _printf_truncate_unsigned                0x00000000   Number         0  stubs.o ABSOLUTE
    _printf_u                                0x00000000   Number         0  stubs.o ABSOLUTE
    _printf_wc                               0x00000000   Number         0  stubs.o ABSOLUTE
    _printf_wctomb                           0x00000000   Number         0  stubs.o ABSOLUTE
    _printf_widthprec                        0x00000000   Number         0  stubs.o ABSOLUTE
    _printf_x                                0x00000000   Number         0  stubs.o ABSOLUTE
    __arm_fini_                               - Undefined Weak Reference
    __cpp_initialize__aeabi_                  - Undefined Weak Reference
    __cxa_finalize                            - Undefined Weak Reference
    _clock_init                               - Undefined Weak Reference
    _microlib_exit                            - Undefined Weak Reference
    __Vectors_Size                           0x00000130   Number         0  startup_stm32f103xe.o ABSOLUTE
    __Vectors                                0x08000000   Data           4  startup_stm32f103xe.o(RESET)
    __Vectors_End                            0x08000130   Data           0  startup_stm32f103xe.o(RESET)
    __main                                   0x08000131   Thumb Code     0  entry.o(.ARM.Collect$$$$00000000)
    _main_stk                                0x08000131   Thumb Code     0  entry2.o(.ARM.Collect$$$$00000001)
    _main_scatterload                        0x08000135   Thumb Code     0  entry5.o(.ARM.Collect$$$$00000004)
    __main_after_scatterload                 0x08000139   Thumb Code     0  entry5.o(.ARM.Collect$$$$00000004)
    _main_clock                              0x08000139   Thumb Code     0  entry7b.o(.ARM.Collect$$$$00000008)
    _main_cpp_init                           0x08000139   Thumb Code     0  entry8b.o(.ARM.Collect$$$$0000000A)
    _main_init                               0x08000139   Thumb Code     0  entry9a.o(.ARM.Collect$$$$0000000B)
    __rt_lib_shutdown_fini                   0x08000141   Thumb Code     0  entry12b.o(.ARM.Collect$$$$0000000E)
    __rt_final_cpp                           0x08000145   Thumb Code     0  entry10a.o(.ARM.Collect$$$$0000000F)
    __rt_final_exit                          0x08000145   Thumb Code     0  entry11a.o(.ARM.Collect$$$$00000011)
    Reset_Handler                            0x08000149   Thumb Code     8  startup_stm32f103xe.o(.text)
    ADC1_2_IRQHandler                        0x08000163   Thumb Code     0  startup_stm32f103xe.o(.text)
    ADC3_IRQHandler                          0x08000163   Thumb Code     0  startup_stm32f103xe.o(.text)
    CAN1_RX1_IRQHandler                      0x08000163   Thumb Code     0  startup_stm32f103xe.o(.text)
    CAN1_SCE_IRQHandler                      0x08000163   Thumb Code     0  startup_stm32f103xe.o(.text)
    DMA1_Channel1_IRQHandler                 0x08000163   Thumb Code     0  startup_stm32f103xe.o(.text)
    DMA1_Channel2_IRQHandler                 0x08000163   Thumb Code     0  startup_stm32f103xe.o(.text)
    DMA1_Channel3_IRQHandler                 0x08000163   Thumb Code     0  startup_stm32f103xe.o(.text)
    DMA1_Channel4_IRQHandler                 0x08000163   Thumb Code     0  startup_stm32f103xe.o(.text)
    DMA1_Channel5_IRQHandler                 0x08000163   Thumb Code     0  startup_stm32f103xe.o(.text)
    DMA1_Channel6_IRQHandler                 0x08000163   Thumb Code     0  startup_stm32f103xe.o(.text)
    DMA1_Channel7_IRQHandler                 0x08000163   Thumb Code     0  startup_stm32f103xe.o(.text)
    DMA2_Channel1_IRQHandler                 0x08000163   Thumb Code     0  startup_stm32f103xe.o(.text)
    DMA2_Channel2_IRQHandler                 0x08000163   Thumb Code     0  startup_stm32f103xe.o(.text)
    DMA2_Channel3_IRQHandler                 0x08000163   Thumb Code     0  startup_stm32f103xe.o(.text)
    DMA2_Channel4_5_IRQHandler               0x08000163   Thumb Code     0  startup_stm32f103xe.o(.text)
    EXTI0_IRQHandler                         0x08000163   Thumb Code     0  startup_stm32f103xe.o(.text)
    EXTI15_10_IRQHandler                     0x08000163   Thumb Code     0  startup_stm32f103xe.o(.text)
    EXTI1_IRQHandler                         0x08000163   Thumb Code     0  startup_stm32f103xe.o(.text)
    EXTI2_IRQHandler                         0x08000163   Thumb Code     0  startup_stm32f103xe.o(.text)
    EXTI3_IRQHandler                         0x08000163   Thumb Code     0  startup_stm32f103xe.o(.text)
    EXTI4_IRQHandler                         0x08000163   Thumb Code     0  startup_stm32f103xe.o(.text)
    EXTI9_5_IRQHandler                       0x08000163   Thumb Code     0  startup_stm32f103xe.o(.text)
    FLASH_IRQHandler                         0x08000163   Thumb Code     0  startup_stm32f103xe.o(.text)
    FSMC_IRQHandler                          0x08000163   Thumb Code     0  startup_stm32f103xe.o(.text)
    I2C1_ER_IRQHandler                       0x08000163   Thumb Code     0  startup_stm32f103xe.o(.text)
    I2C1_EV_IRQHandler                       0x08000163   Thumb Code     0  startup_stm32f103xe.o(.text)
    I2C2_ER_IRQHandler                       0x08000163   Thumb Code     0  startup_stm32f103xe.o(.text)
    I2C2_EV_IRQHandler                       0x08000163   Thumb Code     0  startup_stm32f103xe.o(.text)
    PVD_IRQHandler                           0x08000163   Thumb Code     0  startup_stm32f103xe.o(.text)
    RCC_IRQHandler                           0x08000163   Thumb Code     0  startup_stm32f103xe.o(.text)
    RTC_Alarm_IRQHandler                     0x08000163   Thumb Code     0  startup_stm32f103xe.o(.text)
    RTC_IRQHandler                           0x08000163   Thumb Code     0  startup_stm32f103xe.o(.text)
    SDIO_IRQHandler                          0x08000163   Thumb Code     0  startup_stm32f103xe.o(.text)
    SPI1_IRQHandler                          0x08000163   Thumb Code     0  startup_stm32f103xe.o(.text)
    SPI2_IRQHandler                          0x08000163   Thumb Code     0  startup_stm32f103xe.o(.text)
    SPI3_IRQHandler                          0x08000163   Thumb Code     0  startup_stm32f103xe.o(.text)
    TAMPER_IRQHandler                        0x08000163   Thumb Code     0  startup_stm32f103xe.o(.text)
    TIM1_BRK_IRQHandler                      0x08000163   Thumb Code     0  startup_stm32f103xe.o(.text)
    TIM1_CC_IRQHandler                       0x08000163   Thumb Code     0  startup_stm32f103xe.o(.text)
    TIM1_TRG_COM_IRQHandler                  0x08000163   Thumb Code     0  startup_stm32f103xe.o(.text)
    TIM1_UP_IRQHandler                       0x08000163   Thumb Code     0  startup_stm32f103xe.o(.text)
    TIM2_IRQHandler                          0x08000163   Thumb Code     0  startup_stm32f103xe.o(.text)
    TIM3_IRQHandler                          0x08000163   Thumb Code     0  startup_stm32f103xe.o(.text)
    TIM4_IRQHandler                          0x08000163   Thumb Code     0  startup_stm32f103xe.o(.text)
    TIM5_IRQHandler                          0x08000163   Thumb Code     0  startup_stm32f103xe.o(.text)
    TIM6_IRQHandler                          0x08000163   Thumb Code     0  startup_stm32f103xe.o(.text)
    TIM7_IRQHandler                          0x08000163   Thumb Code     0  startup_stm32f103xe.o(.text)
    TIM8_BRK_IRQHandler                      0x08000163   Thumb Code     0  startup_stm32f103xe.o(.text)
    TIM8_CC_IRQHandler                       0x08000163   Thumb Code     0  startup_stm32f103xe.o(.text)
    TIM8_TRG_COM_IRQHandler                  0x08000163   Thumb Code     0  startup_stm32f103xe.o(.text)
    TIM8_UP_IRQHandler                       0x08000163   Thumb Code     0  startup_stm32f103xe.o(.text)
    UART4_IRQHandler                         0x08000163   Thumb Code     0  startup_stm32f103xe.o(.text)
    UART5_IRQHandler                         0x08000163   Thumb Code     0  startup_stm32f103xe.o(.text)
    USART1_IRQHandler                        0x08000163   Thumb Code     0  startup_stm32f103xe.o(.text)
    USART2_IRQHandler                        0x08000163   Thumb Code     0  startup_stm32f103xe.o(.text)
    USART3_IRQHandler                        0x08000163   Thumb Code     0  startup_stm32f103xe.o(.text)
    USBWakeUp_IRQHandler                     0x08000163   Thumb Code     0  startup_stm32f103xe.o(.text)
    USB_HP_CAN1_TX_IRQHandler                0x08000163   Thumb Code     0  startup_stm32f103xe.o(.text)
    WWDG_IRQHandler                          0x08000163   Thumb Code     0  startup_stm32f103xe.o(.text)
    __aeabi_llsr                             0x0800016d   Thumb Code    32  llushr.o(.text)
    _ll_ushift_r                             0x0800016d   Thumb Code     0  llushr.o(.text)
    __aeabi_memcpy                           0x0800018d   Thumb Code    36  memcpya.o(.text)
    __aeabi_memcpy4                          0x0800018d   Thumb Code     0  memcpya.o(.text)
    __aeabi_memcpy8                          0x0800018d   Thumb Code     0  memcpya.o(.text)
    __aeabi_memset                           0x080001b1   Thumb Code    14  memseta.o(.text)
    __aeabi_memset4                          0x080001b1   Thumb Code     0  memseta.o(.text)
    __aeabi_memset8                          0x080001b1   Thumb Code     0  memseta.o(.text)
    __aeabi_memclr                           0x080001bf   Thumb Code     4  memseta.o(.text)
    __aeabi_memclr4                          0x080001bf   Thumb Code     0  memseta.o(.text)
    __aeabi_memclr8                          0x080001bf   Thumb Code     0  memseta.o(.text)
    _memset$wrapper                          0x080001c3   Thumb Code    18  memseta.o(.text)
    strncpy                                  0x080001d5   Thumb Code    24  strncpy.o(.text)
    strchr                                   0x080001ed   Thumb Code    20  strchr.o(.text)
    strlen                                   0x08000201   Thumb Code    14  strlen.o(.text)
    strcpy                                   0x0800020f   Thumb Code    18  strcpy.o(.text)
    __aeabi_uidiv                            0x08000221   Thumb Code     0  uidiv.o(.text)
    __aeabi_uidivmod                         0x08000221   Thumb Code    44  uidiv.o(.text)
    __aeabi_uldivmod                         0x0800024d   Thumb Code    98  uldiv.o(.text)
    __I$use$fp                               0x080002af   Thumb Code     0  iusefp.o(.text)
    __aeabi_dadd                             0x080002af   Thumb Code   322  dadd.o(.text)
    __aeabi_dsub                             0x080003f1   Thumb Code     6  dadd.o(.text)
    __aeabi_drsub                            0x080003f7   Thumb Code     6  dadd.o(.text)
    __aeabi_dmul                             0x080003fd   Thumb Code   228  dmul.o(.text)
    __aeabi_ddiv                             0x080004e1   Thumb Code   222  ddiv.o(.text)
    __aeabi_d2ulz                            0x080005bf   Thumb Code    48  dfixul.o(.text)
    __aeabi_cdrcmple                         0x080005f1   Thumb Code    48  cdrcmple.o(.text)
    __scatterload                            0x08000621   Thumb Code    28  init.o(.text)
    __scatterload_rt2                        0x08000621   Thumb Code     0  init.o(.text)
    __aeabi_llsl                             0x08000645   Thumb Code    30  llshl.o(.text)
    _ll_shift_l                              0x08000645   Thumb Code     0  llshl.o(.text)
    __aeabi_lasr                             0x08000663   Thumb Code    36  llsshr.o(.text)
    _ll_sshift_r                             0x08000663   Thumb Code     0  llsshr.o(.text)
    _double_round                            0x08000687   Thumb Code    30  depilogue.o(.text)
    _double_epilogue                         0x080006a5   Thumb Code   156  depilogue.o(.text)
    __decompress                             0x08000741   Thumb Code     0  __dczerorl2.o(.text)
    __decompress1                            0x08000741   Thumb Code    86  __dczerorl2.o(.text)
    ADC_ConversionStop_Disable               0x08000799   Thumb Code    76  stm32f1xx_hal_adc.o(i.ADC_ConversionStop_Disable)
    BusFault_Handler                         0x080007e5   Thumb Code     2  stm32f1xx_it.o(i.BusFault_Handler)
    CDC_Transmit_FS                          0x0800082d   Thumb Code    38  usbd_cdc_if.o(i.CDC_Transmit_FS)
    Callback_IPAssigned                      0x08000859   Thumb Code    22  ethernet_clp.o(i.Callback_IPAssigned)
    Callback_IPConflict                      0x080008a9   Thumb Code     6  ethernet_clp.o(i.Callback_IPConflict)
    DHCP_init                                0x080008cd   Thumb Code   142  dhcp.o(i.DHCP_init)
    DHCP_run                                 0x08000965   Thumb Code   288  dhcp.o(i.DHCP_run)
    DNS_init                                 0x08000a89   Thumb Code    14  dns.o(i.DNS_init)
    DNS_run                                  0x08000a9d   Thumb Code   148  dns.o(i.DNS_run)
    DebugMon_Handler                         0x08000b35   Thumb Code     2  stm32f1xx_it.o(i.DebugMon_Handler)
    Delay_debug                              0x08000b39   Thumb Code    76  ethernet_clp.o(i.Delay_debug)
    Error_Handler                            0x08000b99   Thumb Code     4  main.o(i.Error_Handler)
    HAL_ADC_ConfigChannel                    0x08000b9d   Thumb Code   240  stm32f1xx_hal_adc.o(i.HAL_ADC_ConfigChannel)
    HAL_ADC_Init                             0x08000c99   Thumb Code   272  stm32f1xx_hal_adc.o(i.HAL_ADC_Init)
    HAL_ADC_MspInit                          0x08000db9   Thumb Code    74  stm32f1xx_hal_msp.o(i.HAL_ADC_MspInit)
    HAL_Delay                                0x08000e11   Thumb Code    32  stm32f1xx_hal.o(i.HAL_Delay)
    HAL_GPIO_Init                            0x08000e35   Thumb Code   462  stm32f1xx_hal_gpio.o(i.HAL_GPIO_Init)
    HAL_GPIO_TogglePin                       0x0800102d   Thumb Code    16  stm32f1xx_hal_gpio.o(i.HAL_GPIO_TogglePin)
    HAL_GPIO_WritePin                        0x0800103d   Thumb Code    10  stm32f1xx_hal_gpio.o(i.HAL_GPIO_WritePin)
    HAL_GetTick                              0x08001049   Thumb Code     6  stm32f1xx_hal.o(i.HAL_GetTick)
    HAL_I2C_Init                             0x08001055   Thumb Code   376  stm32f1xx_hal_i2c.o(i.HAL_I2C_Init)
    HAL_I2C_MspInit                          0x080011dd   Thumb Code    96  stm32f1xx_hal_msp.o(i.HAL_I2C_MspInit)
    HAL_IncTick                              0x0800124d   Thumb Code    12  stm32f1xx_hal.o(i.HAL_IncTick)
    HAL_Init                                 0x0800125d   Thumb Code    32  stm32f1xx_hal.o(i.HAL_Init)
    HAL_InitTick                             0x08001281   Thumb Code    54  stm32f1xx_hal.o(i.HAL_InitTick)
    HAL_MspInit                              0x080012c1   Thumb Code    52  stm32f1xx_hal_msp.o(i.HAL_MspInit)
    HAL_NVIC_EnableIRQ                       0x080012fd   Thumb Code    26  stm32f1xx_hal_cortex.o(i.HAL_NVIC_EnableIRQ)
    HAL_NVIC_SetPriority                     0x08001319   Thumb Code    60  stm32f1xx_hal_cortex.o(i.HAL_NVIC_SetPriority)
    HAL_NVIC_SetPriorityGrouping             0x08001359   Thumb Code    26  stm32f1xx_hal_cortex.o(i.HAL_NVIC_SetPriorityGrouping)
    HAL_PCDEx_PMAConfig                      0x0800137d   Thumb Code    60  stm32f1xx_hal_pcd_ex.o(i.HAL_PCDEx_PMAConfig)
    HAL_PCDEx_SetConnectionState             0x080013b9   Thumb Code     2  usbd_conf.o(i.HAL_PCDEx_SetConnectionState)
    HAL_PCD_DataInStageCallback              0x080013bb   Thumb Code    18  usbd_conf.o(i.HAL_PCD_DataInStageCallback)
    HAL_PCD_DataOutStageCallback             0x080013cd   Thumb Code    20  usbd_conf.o(i.HAL_PCD_DataOutStageCallback)
    HAL_PCD_EP_Close                         0x080013e1   Thumb Code    76  stm32f1xx_hal_pcd.o(i.HAL_PCD_EP_Close)
    HAL_PCD_EP_ClrStall                      0x0800142d   Thumb Code    92  stm32f1xx_hal_pcd.o(i.HAL_PCD_EP_ClrStall)
    HAL_PCD_EP_GetRxCount                    0x0800178f   Thumb Code    18  stm32f1xx_hal_pcd.o(i.HAL_PCD_EP_GetRxCount)
    HAL_PCD_EP_Open                          0x080017a1   Thumb Code    96  stm32f1xx_hal_pcd.o(i.HAL_PCD_EP_Open)
    HAL_PCD_EP_Receive                       0x08001801   Thumb Code    50  stm32f1xx_hal_pcd.o(i.HAL_PCD_EP_Receive)
    HAL_PCD_EP_SetStall                      0x08001833   Thumb Code   114  stm32f1xx_hal_pcd.o(i.HAL_PCD_EP_SetStall)
    HAL_PCD_EP_Transmit                      0x080018a5   Thumb Code    52  stm32f1xx_hal_pcd.o(i.HAL_PCD_EP_Transmit)
    HAL_PCD_IRQHandler                       0x080018d9   Thumb Code   340  stm32f1xx_hal_pcd.o(i.HAL_PCD_IRQHandler)
    HAL_PCD_Init                             0x08001a2d   Thumb Code   218  stm32f1xx_hal_pcd.o(i.HAL_PCD_Init)
    HAL_PCD_MspInit                          0x08001b09   Thumb Code    50  usbd_conf.o(i.HAL_PCD_MspInit)
    HAL_PCD_ResetCallback                    0x08001b45   Thumb Code    38  usbd_conf.o(i.HAL_PCD_ResetCallback)
    HAL_PCD_ResumeCallback                   0x08001b6b   Thumb Code     8  usbd_conf.o(i.HAL_PCD_ResumeCallback)
    HAL_PCD_SOFCallback                      0x08001b73   Thumb Code     8  usbd_conf.o(i.HAL_PCD_SOFCallback)
    HAL_PCD_SetAddress                       0x08001b7b   Thumb Code    40  stm32f1xx_hal_pcd.o(i.HAL_PCD_SetAddress)
    HAL_PCD_SetupStageCallback               0x08001ba3   Thumb Code    14  usbd_conf.o(i.HAL_PCD_SetupStageCallback)
    HAL_PCD_Start                            0x08001bb1   Thumb Code    50  stm32f1xx_hal_pcd.o(i.HAL_PCD_Start)
    HAL_PCD_SuspendCallback                  0x08001be5   Thumb Code    30  usbd_conf.o(i.HAL_PCD_SuspendCallback)
    HAL_RCCEx_PeriphCLKConfig                0x08001c09   Thumb Code   224  stm32f1xx_hal_rcc_ex.o(i.HAL_RCCEx_PeriphCLKConfig)
    HAL_RCC_ClockConfig                      0x08001cf5   Thumb Code   280  stm32f1xx_hal_rcc.o(i.HAL_RCC_ClockConfig)
    HAL_RCC_GetPCLK1Freq                     0x08001e21   Thumb Code    20  stm32f1xx_hal_rcc.o(i.HAL_RCC_GetPCLK1Freq)
    HAL_RCC_GetPCLK2Freq                     0x08001e41   Thumb Code    20  stm32f1xx_hal_rcc.o(i.HAL_RCC_GetPCLK2Freq)
    HAL_RCC_GetSysClockFreq                  0x08001e61   Thumb Code    74  stm32f1xx_hal_rcc.o(i.HAL_RCC_GetSysClockFreq)
    HAL_RCC_OscConfig                        0x08001ecd   Thumb Code   778  stm32f1xx_hal_rcc.o(i.HAL_RCC_OscConfig)
    HAL_SPI_Init                             0x080021ed   Thumb Code   178  stm32f1xx_hal_spi.o(i.HAL_SPI_Init)
    HAL_SPI_MspInit                          0x080022a1   Thumb Code    98  stm32f1xx_hal_msp.o(i.HAL_SPI_MspInit)
    HAL_SPI_Receive                          0x08002311   Thumb Code   346  stm32f1xx_hal_spi.o(i.HAL_SPI_Receive)
    HAL_SPI_Transmit                         0x0800246b   Thumb Code   358  stm32f1xx_hal_spi.o(i.HAL_SPI_Transmit)
    HAL_SPI_TransmitReceive                  0x080025d1   Thumb Code   482  stm32f1xx_hal_spi.o(i.HAL_SPI_TransmitReceive)
    HAL_SYSTICK_Config                       0x080027b3   Thumb Code    40  stm32f1xx_hal_cortex.o(i.HAL_SYSTICK_Config)
    HAL_UART_Init                            0x080027db   Thumb Code    98  stm32f1xx_hal_uart.o(i.HAL_UART_Init)
    HAL_UART_MspInit                         0x0800283d   Thumb Code   100  stm32f1xx_hal_msp.o(i.HAL_UART_MspInit)
    HardFault_Handler                        0x080028ad   Thumb Code     2  stm32f1xx_it.o(i.HardFault_Handler)
    MX_USB_DEVICE_Init                       0x08002a71   Thumb Code    66  usb_device.o(i.MX_USB_DEVICE_Init)
    MemManage_Handler                        0x08002ac5   Thumb Code     2  stm32f1xx_it.o(i.MemManage_Handler)
    NMI_Handler                              0x08002ac7   Thumb Code     2  stm32f1xx_it.o(i.NMI_Handler)
    NibbleToHex                              0x08002ac9   Thumb Code    16  dhcp.o(i.NibbleToHex)
    PendSV_Handler                           0x08002dd5   Thumb Code     2  stm32f1xx_it.o(i.PendSV_Handler)
    SVC_Handler                              0x08002f0d   Thumb Code     2  stm32f1xx_it.o(i.SVC_Handler)
    SysTick_Handler                          0x08002f0f   Thumb Code     4  stm32f1xx_it.o(i.SysTick_Handler)
    SystemClock_Config                       0x08002f13   Thumb Code   126  main.o(i.SystemClock_Config)
    SystemInit                               0x08002f91   Thumb Code     2  system_stm32f1xx.o(i.SystemInit)
    UART_Printf                              0x08002f93   Thumb Code    52  uart_usb.o(i.UART_Printf)
    USBD_CDC_GetDeviceQualifierDescriptor    0x0800315d   Thumb Code     8  usbd_cdc.o(i.USBD_CDC_GetDeviceQualifierDescriptor)
    USBD_CDC_ReceivePacket                   0x08003221   Thumb Code    40  usbd_cdc.o(i.USBD_CDC_ReceivePacket)
    USBD_CDC_RegisterInterface               0x08003249   Thumb Code    16  usbd_cdc.o(i.USBD_CDC_RegisterInterface)
    USBD_CDC_SetRxBuffer                     0x08003259   Thumb Code    12  usbd_cdc.o(i.USBD_CDC_SetRxBuffer)
    USBD_CDC_SetTxBuffer                     0x08003265   Thumb Code    16  usbd_cdc.o(i.USBD_CDC_SetTxBuffer)
    USBD_CDC_TransmitPacket                  0x08003321   Thumb Code    54  usbd_cdc.o(i.USBD_CDC_TransmitPacket)
    USBD_ClrClassConfig                      0x08003357   Thumb Code    14  usbd_core.o(i.USBD_ClrClassConfig)
    USBD_CtlContinueRx                       0x08003365   Thumb Code    16  usbd_ioreq.o(i.USBD_CtlContinueRx)
    USBD_CtlContinueSendData                 0x08003375   Thumb Code    16  usbd_ioreq.o(i.USBD_CtlContinueSendData)
    USBD_CtlError                            0x08003385   Thumb Code    22  usbd_ctlreq.o(i.USBD_CtlError)
    USBD_CtlPrepareRx                        0x0800339b   Thumb Code    30  usbd_ioreq.o(i.USBD_CtlPrepareRx)
    USBD_CtlReceiveStatus                    0x080033b9   Thumb Code    22  usbd_ioreq.o(i.USBD_CtlReceiveStatus)
    USBD_CtlSendData                         0x080033cf   Thumb Code    26  usbd_ioreq.o(i.USBD_CtlSendData)
    USBD_CtlSendStatus                       0x080033e9   Thumb Code    22  usbd_ioreq.o(i.USBD_CtlSendStatus)
    USBD_FS_ConfigStrDescriptor              0x08003401   Thumb Code    16  usbd_desc.o(i.USBD_FS_ConfigStrDescriptor)
    USBD_FS_DeviceDescriptor                 0x08003421   Thumb Code     8  usbd_desc.o(i.USBD_FS_DeviceDescriptor)
    USBD_FS_InterfaceStrDescriptor           0x0800342d   Thumb Code    16  usbd_desc.o(i.USBD_FS_InterfaceStrDescriptor)
    USBD_FS_LangIDStrDescriptor              0x08003451   Thumb Code     8  usbd_desc.o(i.USBD_FS_LangIDStrDescriptor)
    USBD_FS_ManufacturerStrDescriptor        0x0800345d   Thumb Code    16  usbd_desc.o(i.USBD_FS_ManufacturerStrDescriptor)
    USBD_FS_ProductStrDescriptor             0x08003485   Thumb Code    16  usbd_desc.o(i.USBD_FS_ProductStrDescriptor)
    USBD_FS_SerialStrDescriptor              0x080034b1   Thumb Code    48  usbd_desc.o(i.USBD_FS_SerialStrDescriptor)
    USBD_GetString                           0x080035d1   Thumb Code    72  usbd_ctlreq.o(i.USBD_GetString)
    USBD_Init                                0x08003631   Thumb Code    42  usbd_core.o(i.USBD_Init)
    USBD_LL_ClearStallEP                     0x0800365b   Thumb Code    18  usbd_conf.o(i.USBD_LL_ClearStallEP)
    USBD_LL_CloseEP                          0x0800366d   Thumb Code    18  usbd_conf.o(i.USBD_LL_CloseEP)
    USBD_LL_DataInStage                      0x0800367f   Thumb Code   198  usbd_core.o(i.USBD_LL_DataInStage)
    USBD_LL_DataOutStage                     0x08003745   Thumb Code   130  usbd_core.o(i.USBD_LL_DataOutStage)
    USBD_LL_GetRxDataSize                    0x080037c7   Thumb Code     8  usbd_conf.o(i.USBD_LL_GetRxDataSize)
    USBD_LL_Init                             0x080037d1   Thumb Code   118  usbd_conf.o(i.USBD_LL_Init)
    USBD_LL_IsStallEP                        0x08003851   Thumb Code    32  usbd_conf.o(i.USBD_LL_IsStallEP)
    USBD_LL_OpenEP                           0x08003871   Thumb Code    24  usbd_conf.o(i.USBD_LL_OpenEP)
    USBD_LL_PrepareReceive                   0x08003889   Thumb Code    18  usbd_conf.o(i.USBD_LL_PrepareReceive)
    USBD_LL_Reset                            0x0800389b   Thumb Code    80  usbd_core.o(i.USBD_LL_Reset)
    USBD_LL_Resume                           0x080038eb   Thumb Code    20  usbd_core.o(i.USBD_LL_Resume)
    USBD_LL_SOF                              0x080038ff   Thumb Code    24  usbd_core.o(i.USBD_LL_SOF)
    USBD_LL_SetSpeed                         0x08003917   Thumb Code     6  usbd_core.o(i.USBD_LL_SetSpeed)
    USBD_LL_SetUSBAddress                    0x0800391d   Thumb Code    18  usbd_conf.o(i.USBD_LL_SetUSBAddress)
    USBD_LL_SetupStage                       0x0800392f   Thumb Code    90  usbd_core.o(i.USBD_LL_SetupStage)
    USBD_LL_StallEP                          0x08003989   Thumb Code    18  usbd_conf.o(i.USBD_LL_StallEP)
    USBD_LL_Start                            0x0800399b   Thumb Code    18  usbd_conf.o(i.USBD_LL_Start)
    USBD_LL_Suspend                          0x080039ad   Thumb Code    18  usbd_core.o(i.USBD_LL_Suspend)
    USBD_LL_Transmit                         0x080039bf   Thumb Code    18  usbd_conf.o(i.USBD_LL_Transmit)
    USBD_ParseSetupRequest                   0x080039d1   Thumb Code    40  usbd_ctlreq.o(i.USBD_ParseSetupRequest)
    USBD_RegisterClass                       0x080039f9   Thumb Code    16  usbd_core.o(i.USBD_RegisterClass)
    USBD_SetClassConfig                      0x08003a09   Thumb Code    22  usbd_core.o(i.USBD_SetClassConfig)
    USBD_Start                               0x08003aa5   Thumb Code    10  usbd_core.o(i.USBD_Start)
    USBD_StdDevReq                           0x08003aaf   Thumb Code   274  usbd_ctlreq.o(i.USBD_StdDevReq)
    USBD_StdEPReq                            0x08003bc1   Thumb Code   336  usbd_ctlreq.o(i.USBD_StdEPReq)
    USBD_StdItfReq                           0x08003d11   Thumb Code    78  usbd_ctlreq.o(i.USBD_StdItfReq)
    USBD_static_free                         0x08003d5f   Thumb Code     2  usbd_conf.o(i.USBD_static_free)
    USBD_static_malloc                       0x08003d61   Thumb Code     4  usbd_conf.o(i.USBD_static_malloc)
    USB_ActivateEndpoint                     0x08003d69   Thumb Code   600  stm32f1xx_ll_usb.o(i.USB_ActivateEndpoint)
    USB_CoreInit                             0x08003fc1   Thumb Code     4  stm32f1xx_ll_usb.o(i.USB_CoreInit)
    USB_DeactivateEndpoint                   0x08003fc5   Thumb Code   270  stm32f1xx_ll_usb.o(i.USB_DeactivateEndpoint)
    USB_DevConnect                           0x080040d3   Thumb Code     4  stm32f1xx_ll_usb.o(i.USB_DevConnect)
    USB_DevDisconnect                        0x080040d7   Thumb Code     4  stm32f1xx_ll_usb.o(i.USB_DevDisconnect)
    USB_DevInit                              0x080040db   Thumb Code    18  stm32f1xx_ll_usb.o(i.USB_DevInit)
    USB_DisableGlobalInt                     0x080040ed   Thumb Code    14  stm32f1xx_ll_usb.o(i.USB_DisableGlobalInt)
    USB_EP0_OutStart                         0x080040fb   Thumb Code     4  stm32f1xx_ll_usb.o(i.USB_EP0_OutStart)
    USB_EPClearStall                         0x080040ff   Thumb Code   120  stm32f1xx_ll_usb.o(i.USB_EPClearStall)
    USB_EPSetStall                           0x08004177   Thumb Code    50  stm32f1xx_ll_usb.o(i.USB_EPSetStall)
    USB_EPStartXfer                          0x080041a9   Thumb Code  1230  stm32f1xx_ll_usb.o(i.USB_EPStartXfer)
    USB_EnableGlobalInt                      0x08004677   Thumb Code    18  stm32f1xx_ll_usb.o(i.USB_EnableGlobalInt)
    USB_LP_CAN1_RX0_IRQHandler               0x08004689   Thumb Code     6  stm32f1xx_it.o(i.USB_LP_CAN1_RX0_IRQHandler)
    USB_ReadInterrupts                       0x08004695   Thumb Code     6  stm32f1xx_ll_usb.o(i.USB_ReadInterrupts)
    USB_ReadPMA                              0x0800469d   Thumb Code    44  stm32f1xx_ll_usb.o(i.USB_ReadPMA)
    USB_SetCurrentMode                       0x080046c9   Thumb Code     4  stm32f1xx_ll_usb.o(i.USB_SetCurrentMode)
    USB_SetDevAddress                        0x080046cd   Thumb Code    12  stm32f1xx_ll_usb.o(i.USB_SetDevAddress)
    USB_WritePMA                             0x080046d9   Thumb Code    38  stm32f1xx_ll_usb.o(i.USB_WritePMA)
    UsageFault_Handler                       0x080046ff   Thumb Code     2  stm32f1xx_it.o(i.UsageFault_Handler)
    W5500_ReadBuff                           0x08004701   Thumb Code    14  ethernet_clp.o(i.W5500_ReadBuff)
    W5500_WriteBuff                          0x08004715   Thumb Code    14  ethernet_clp.o(i.W5500_WriteBuff)
    WIZCHIP_READ                             0x08004729   Thumb Code    84  w5500.o(i.WIZCHIP_READ)
    WIZCHIP_READ_BUF                         0x08004781   Thumb Code   112  w5500.o(i.WIZCHIP_READ_BUF)
    WIZCHIP_WRITE                            0x080047f5   Thumb Code    90  w5500.o(i.WIZCHIP_WRITE)
    WIZCHIP_WRITE_BUF                        0x08004855   Thumb Code   108  w5500.o(i.WIZCHIP_WRITE_BUF)
    __0vsnprintf                             0x080048c5   Thumb Code    46  printfa.o(i.__0vsnprintf)
    __1vsnprintf                             0x080048c5   Thumb Code     0  printfa.o(i.__0vsnprintf)
    __2vsnprintf                             0x080048c5   Thumb Code     0  printfa.o(i.__0vsnprintf)
    __c89vsnprintf                           0x080048c5   Thumb Code     0  printfa.o(i.__0vsnprintf)
    vsnprintf                                0x080048c5   Thumb Code     0  printfa.o(i.__0vsnprintf)
    __scatterload_copy                       0x08004919   Thumb Code    14  handlers.o(i.__scatterload_copy)
    __scatterload_null                       0x08004927   Thumb Code     2  handlers.o(i.__scatterload_null)
    __scatterload_zeroinit                   0x08004929   Thumb Code    14  handlers.o(i.__scatterload_zeroinit)
    check_DHCP_leasedIP                      0x080051d9   Thumb Code    78  dhcp.o(i.check_DHCP_leasedIP)
    check_DHCP_timeout                       0x08005241   Thumb Code   106  dhcp.o(i.check_DHCP_timeout)
    check_DNS_timeout                        0x080052b1   Thumb Code    36  dns.o(i.check_DNS_timeout)
    client_request                           0x080052d9   Thumb Code   294  ethernet_client.o(i.client_request)
    close                                    0x080055ed   Thumb Code   108  socket.o(i.close)
    connect                                  0x08005661   Thumb Code   258  socket.o(i.connect)
    consulta_DNS                             0x08005769   Thumb Code    76  ethernet_clp.o(i.consulta_DNS)
    cs_desel                                 0x08005845   Thumb Code    10  ethernet_clp.o(i.cs_desel)
    cs_sel                                   0x08005855   Thumb Code    10  ethernet_clp.o(i.cs_sel)
    default_ip_assign                        0x08005865   Thumb Code    44  dhcp.o(i.default_ip_assign)
    default_ip_conflict                      0x08005895   Thumb Code    32  dhcp.o(i.default_ip_conflict)
    default_ip_update                        0x080058b9   Thumb Code    36  dhcp.o(i.default_ip_update)
    disconnect                               0x080058e1   Thumb Code   134  socket.o(i.disconnect)
    dns_answer                               0x0800596d   Thumb Code   174  dns.o(i.dns_answer)
    dns_makequery                            0x08005a1d   Thumb Code   176  dns.o(i.dns_makequery)
    dns_question                             0x08005ad1   Thumb Code    30  dns.o(i.dns_question)
    get16                                    0x08005aef   Thumb Code    12  dns.o(i.get16)
    getDHCPLeasetime                         0x08005afd   Thumb Code     6  dhcp.o(i.getDHCPLeasetime)
    getDNSfromDHCP                           0x08005b09   Thumb Code    20  dhcp.o(i.getDNSfromDHCP)
    getGWfromDHCP                            0x08005b21   Thumb Code    20  dhcp.o(i.getGWfromDHCP)
    getIPfromDHCP                            0x08005b39   Thumb Code    20  dhcp.o(i.getIPfromDHCP)
    getSNfromDHCP                            0x08005b51   Thumb Code    20  dhcp.o(i.getSNfromDHCP)
    getSn_RX_RSR                             0x08005b69   Thumb Code    76  w5500.o(i.getSn_RX_RSR)
    getSn_TX_FSR                             0x08005bb5   Thumb Code    76  w5500.o(i.getSn_TX_FSR)
    init_ethernet_dinamico                   0x08005c01   Thumb Code   264  ethernet_clp.o(i.init_ethernet_dinamico)
    main                                     0x08005d81   Thumb Code   152  main.o(i.main)
    makeDHCPMSG                              0x08005e31   Thumb Code   202  dhcp.o(i.makeDHCPMSG)
    parseDHCPMSG                             0x08005f01   Thumb Code   436  dhcp.o(i.parseDHCPMSG)
    parseDNSMSG                              0x080060b9   Thumb Code   214  dns.o(i.parseDNSMSG)
    parse_name                               0x08006191   Thumb Code   114  dns.o(i.parse_name)
    put16                                    0x08006203   Thumb Code    12  dns.o(i.put16)
    recv                                     0x08006211   Thumb Code   224  socket.o(i.recv)
    recvfrom                                 0x080062f5   Thumb Code   524  socket.o(i.recvfrom)
    reg_dhcp_cbfunc                          0x08006509   Thumb Code    32  dhcp.o(i.reg_dhcp_cbfunc)
    reg_wizchip_cs_cbfunc                    0x08006539   Thumb Code    22  wizchip_conf.o(i.reg_wizchip_cs_cbfunc)
    reg_wizchip_spi_cbfunc                   0x0800655d   Thumb Code    30  wizchip_conf.o(i.reg_wizchip_spi_cbfunc)
    reg_wizchip_spiburst_cbfunc              0x08006589   Thumb Code    30  wizchip_conf.o(i.reg_wizchip_spiburst_cbfunc)
    reset_DHCP_timeout                       0x080065b5   Thumb Code    14  dhcp.o(i.reset_DHCP_timeout)
    send                                     0x080065c9   Thumb Code   278  socket.o(i.send)
    send_DHCP_DECLINE                        0x080066e5   Thumb Code   250  dhcp.o(i.send_DHCP_DECLINE)
    send_DHCP_DISCOVER                       0x080067e5   Thumb Code   466  dhcp.o(i.send_DHCP_DISCOVER)
    send_DHCP_REQUEST                        0x080069bd   Thumb Code   650  dhcp.o(i.send_DHCP_REQUEST)
    sendto                                   0x08006c4d   Thumb Code   378  socket.o(i.sendto)
    socket                                   0x08006dcd   Thumb Code   276  socket.o(i.socket)
    spi_rb                                   0x08006ee9   Thumb Code    22  ethernet_clp.o(i.spi_rb)
    spi_wb                                   0x08006f05   Thumb Code    18  ethernet_clp.o(i.spi_wb)
    wiz_recv_data                            0x08006f1d   Thumb Code    96  w5500.o(i.wiz_recv_data)
    wiz_recv_ignore                          0x08006f7d   Thumb Code    66  w5500.o(i.wiz_recv_ignore)
    wiz_send_data                            0x08006fbf   Thumb Code    96  w5500.o(i.wiz_send_data)
    wizchip_bus_readdata                     0x0800701f   Thumb Code     4  wizchip_conf.o(i.wizchip_bus_readdata)
    wizchip_bus_writedata                    0x08007023   Thumb Code     4  wizchip_conf.o(i.wizchip_bus_writedata)
    wizchip_cris_enter                       0x08007027   Thumb Code     2  wizchip_conf.o(i.wizchip_cris_enter)
    wizchip_cris_exit                        0x08007029   Thumb Code     2  wizchip_conf.o(i.wizchip_cris_exit)
    wizchip_cs_deselect                      0x0800702b   Thumb Code     2  wizchip_conf.o(i.wizchip_cs_deselect)
    wizchip_cs_select                        0x0800702d   Thumb Code     2  wizchip_conf.o(i.wizchip_cs_select)
    wizchip_init                             0x0800702f   Thumb Code   122  wizchip_conf.o(i.wizchip_init)
    wizchip_setnetinfo                       0x080070a9   Thumb Code    82  wizchip_conf.o(i.wizchip_setnetinfo)
    wizchip_spi_readburst                    0x08007101   Thumb Code     2  wizchip_conf.o(i.wizchip_spi_readburst)
    wizchip_spi_readbyte                     0x08007103   Thumb Code     4  wizchip_conf.o(i.wizchip_spi_readbyte)
    wizchip_spi_writeburst                   0x08007107   Thumb Code     2  wizchip_conf.o(i.wizchip_spi_writeburst)
    wizchip_spi_writebyte                    0x08007109   Thumb Code     2  wizchip_conf.o(i.wizchip_spi_writebyte)
    wizchip_sw_reset                         0x0800710b   Thumb Code   116  wizchip_conf.o(i.wizchip_sw_reset)
    AHBPrescTable                            0x08007263   Data          16  system_stm32f1xx.o(.constdata)
    APBPrescTable                            0x08007273   Data           8  system_stm32f1xx.o(.constdata)
    Region$$Table$$Base                      0x080072c8   Number         0  anon$$obj.o(Region$$Table)
    Region$$Table$$Limit                     0x080072e8   Number         0  anon$$obj.o(Region$$Table)
    FS_Desc                                  0x2000000c   Data          28  usbd_desc.o(.data)
    USBD_LangIDDesc                          0x20000028   Data           4  usbd_desc.o(.data)
    USBD_FS_DeviceDesc                       0x2000002c   Data          18  usbd_desc.o(.data)
    USBD_StringSerial                        0x20000040   Data          26  usbd_desc.o(.data)
    USBD_Interface_fops_FS                   0x2000005c   Data          16  usbd_cdc_if.o(.data)
    ip_assigned                              0x20000074   Data           1  ethernet_clp.o(.data)
    dns                                      0x20000075   Data           4  ethernet_clp.o(.data)
    addr                                     0x20000079   Data           4  ethernet_clp.o(.data)
    bufSize                                  0x2000007d   Data           8  ethernet_clp.o(.data)
    uwTickFreq                               0x20000088   Data           1  stm32f1xx_hal.o(.data)
    uwTickPrio                               0x2000008c   Data           4  stm32f1xx_hal.o(.data)
    uwTick                                   0x20000090   Data           4  stm32f1xx_hal.o(.data)
    SystemCoreClock                          0x20000094   Data           4  system_stm32f1xx.o(.data)
    USBD_CDC_CfgHSDesc                       0x200000a8   Data          67  usbd_cdc.o(.data)
    USBD_CDC_CfgFSDesc                       0x200000ec   Data          67  usbd_cdc.o(.data)
    USBD_CDC_OtherSpeedCfgDesc               0x20000130   Data          67  usbd_cdc.o(.data)
    USBD_CDC                                 0x20000174   Data          56  usbd_cdc.o(.data)
    sock_pack_info                           0x200001b2   Data           8  socket.o(.data)
    WIZCHIP                                  0x200001c4   Data          44  wizchip_conf.o(.data)
    DNS_SOCKET                               0x200001f0   Data           1  dns.o(.data)
    DNS_MSGID                                0x200001f2   Data           2  dns.o(.data)
    pDNSMSG                                  0x200001f4   Data           4  dns.o(.data)
    dns_1s_tick                              0x200001f8   Data           4  dns.o(.data)
    dhcp_state                               0x200001fc   Data           1  dhcp.o(.data)
    dhcp_retry_count                         0x200001fd   Data           1  dhcp.o(.data)
    DHCP_SOCKET                              0x200001fe   Data           1  dhcp.o(.data)
    OLD_allocated_ip                         0x200001ff   Data           4  dhcp.o(.data)
    DHCP_allocated_ip                        0x20000203   Data           4  dhcp.o(.data)
    DHCP_allocated_gw                        0x20000207   Data           4  dhcp.o(.data)
    DHCP_allocated_sn                        0x2000020b   Data           4  dhcp.o(.data)
    DHCP_allocated_dns                       0x2000020f   Data           4  dhcp.o(.data)
    dhcp_lease_time                          0x20000214   Data           4  dhcp.o(.data)
    dhcp_tick_1s                             0x20000218   Data           4  dhcp.o(.data)
    dhcp_tick_next                           0x2000021c   Data           4  dhcp.o(.data)
    dhcp_ip_assign                           0x20000220   Data           4  dhcp.o(.data)
    dhcp_ip_update                           0x20000224   Data           4  dhcp.o(.data)
    dhcp_ip_conflict                         0x20000228   Data           4  dhcp.o(.data)
    DHCP_SIP                                 0x2000022c   Data           4  dhcp.o(.data)
    DHCP_REAL_SIP                            0x20000230   Data           4  dhcp.o(.data)
    DHCP_XID                                 0x20000234   Data           4  dhcp.o(.data)
    pDHCPMSG                                 0x20000238   Data           4  dhcp.o(.data)
    DHCP_CHADDR                              0x2000023c   Data           6  dhcp.o(.data)
    HOST_NAME                                0x20000242   Data           8  dhcp.o(.data)
    hadc1                                    0x2000024c   Data          48  main.o(.bss)
    hi2c1                                    0x2000027c   Data          84  main.o(.bss)
    hspi1                                    0x200002d0   Data          88  main.o(.bss)
    huart3                                   0x20000328   Data          64  main.o(.bss)
    hUsbDeviceFS                             0x20000368   Data         708  usb_device.o(.bss)
    hpcd_USB_FS                              0x2000084c   Data         748  usbd_conf.o(.bss)
    USBD_StrDesc                             0x20000b38   Data         512  usbd_desc.o(.bss)
    UserRxBufferFS                           0x20000d38   Data        1000  usbd_cdc_if.o(.bss)
    UserTxBufferFS                           0x20001120   Data        1000  usbd_cdc_if.o(.bss)
    dhcp_buffer                              0x20001d08   Data        1024  ethernet_clp.o(.bss)
    dns_buffer                               0x20002108   Data        1024  ethernet_clp.o(.bss)
    __initial_sp                             0x20002918   Data           0  startup_stm32f103xe.o(STACK)



==============================================================================

Memory Map of the image

  Image Entry point : 0x08000131

  Load Region LR_IROM1 (Base: 0x08000000, Size: 0x00007534, Max: 0x00040000, ABSOLUTE, COMPRESSED[0x000073f4])

    Execution Region ER_IROM1 (Exec base: 0x08000000, Load base: 0x08000000, Size: 0x000072e8, Max: 0x00040000, ABSOLUTE)

    Exec Addr    Load Addr    Size         Type   Attr      Idx    E Section Name        Object

    0x08000000   0x08000000   0x00000130   Data   RO            3    RESET               startup_stm32f103xe.o
    0x08000130   0x08000130   0x00000000   Code   RO         4824  * .ARM.Collect$$$$00000000  mc_w.l(entry.o)
    0x08000130   0x08000130   0x00000004   Code   RO         5104    .ARM.Collect$$$$00000001  mc_w.l(entry2.o)
    0x08000134   0x08000134   0x00000004   Code   RO         5107    .ARM.Collect$$$$00000004  mc_w.l(entry5.o)
    0x08000138   0x08000138   0x00000000   Code   RO         5109    .ARM.Collect$$$$00000008  mc_w.l(entry7b.o)
    0x08000138   0x08000138   0x00000000   Code   RO         5111    .ARM.Collect$$$$0000000A  mc_w.l(entry8b.o)
    0x08000138   0x08000138   0x00000008   Code   RO         5112    .ARM.Collect$$$$0000000B  mc_w.l(entry9a.o)
    0x08000140   0x08000140   0x00000004   Code   RO         5119    .ARM.Collect$$$$0000000E  mc_w.l(entry12b.o)
    0x08000144   0x08000144   0x00000000   Code   RO         5114    .ARM.Collect$$$$0000000F  mc_w.l(entry10a.o)
    0x08000144   0x08000144   0x00000000   Code   RO         5116    .ARM.Collect$$$$00000011  mc_w.l(entry11a.o)
    0x08000144   0x08000144   0x00000004   Code   RO         5105    .ARM.Collect$$$$00002712  mc_w.l(entry2.o)
    0x08000148   0x08000148   0x00000024   Code   RO            4    .text               startup_stm32f103xe.o
    0x0800016c   0x0800016c   0x00000020   Code   RO         4827    .text               mc_w.l(llushr.o)
    0x0800018c   0x0800018c   0x00000024   Code   RO         4829    .text               mc_w.l(memcpya.o)
    0x080001b0   0x080001b0   0x00000024   Code   RO         4831    .text               mc_w.l(memseta.o)
    0x080001d4   0x080001d4   0x00000018   Code   RO         4833    .text               mc_w.l(strncpy.o)
    0x080001ec   0x080001ec   0x00000014   Code   RO         4835    .text               mc_w.l(strchr.o)
    0x08000200   0x08000200   0x0000000e   Code   RO         4837    .text               mc_w.l(strlen.o)
    0x0800020e   0x0800020e   0x00000012   Code   RO         4839    .text               mc_w.l(strcpy.o)
    0x08000220   0x08000220   0x0000002c   Code   RO         5123    .text               mc_w.l(uidiv.o)
    0x0800024c   0x0800024c   0x00000062   Code   RO         5125    .text               mc_w.l(uldiv.o)
    0x080002ae   0x080002ae   0x00000000   Code   RO         5127    .text               mc_w.l(iusefp.o)
    0x080002ae   0x080002ae   0x0000014e   Code   RO         5128    .text               mf_w.l(dadd.o)
    0x080003fc   0x080003fc   0x000000e4   Code   RO         5130    .text               mf_w.l(dmul.o)
    0x080004e0   0x080004e0   0x000000de   Code   RO         5132    .text               mf_w.l(ddiv.o)
    0x080005be   0x080005be   0x00000030   Code   RO         5134    .text               mf_w.l(dfixul.o)
    0x080005ee   0x080005ee   0x00000002   PAD
    0x080005f0   0x080005f0   0x00000030   Code   RO         5136    .text               mf_w.l(cdrcmple.o)
    0x08000620   0x08000620   0x00000024   Code   RO         5138    .text               mc_w.l(init.o)
    0x08000644   0x08000644   0x0000001e   Code   RO         5141    .text               mc_w.l(llshl.o)
    0x08000662   0x08000662   0x00000024   Code   RO         5143    .text               mc_w.l(llsshr.o)
    0x08000686   0x08000686   0x000000ba   Code   RO         5146    .text               mf_w.l(depilogue.o)
    0x08000740   0x08000740   0x00000056   Code   RO         5156    .text               mc_w.l(__dczerorl2.o)
    0x08000796   0x08000796   0x00000002   PAD
    0x08000798   0x08000798   0x0000004c   Code   RO         2397    i.ADC_ConversionStop_Disable  stm32f1xx_hal_adc.o
    0x080007e4   0x080007e4   0x00000002   Code   RO          603    i.BusFault_Handler  stm32f1xx_it.o
    0x080007e6   0x080007e6   0x00000004   Code   RO          551    i.CDC_Control_FS    usbd_cdc_if.o
    0x080007ea   0x080007ea   0x00000004   Code   RO          552    i.CDC_DeInit_FS     usbd_cdc_if.o
    0x080007ee   0x080007ee   0x00000002   PAD
    0x080007f0   0x080007f0   0x00000024   Code   RO          553    i.CDC_Init_FS       usbd_cdc_if.o
    0x08000814   0x08000814   0x00000018   Code   RO          554    i.CDC_Receive_FS    usbd_cdc_if.o
    0x0800082c   0x0800082c   0x0000002c   Code   RO          555    i.CDC_Transmit_FS   usbd_cdc_if.o
    0x08000858   0x08000858   0x00000050   Code   RO          795    i.Callback_IPAssigned  ethernet_clp.o
    0x080008a8   0x080008a8   0x00000024   Code   RO          796    i.Callback_IPConflict  ethernet_clp.o
    0x080008cc   0x080008cc   0x00000098   Code   RO         4685    i.DHCP_init         dhcp.o
    0x08000964   0x08000964   0x00000124   Code   RO         4686    i.DHCP_run          dhcp.o
    0x08000a88   0x08000a88   0x00000014   Code   RO         4606    i.DNS_init          dns.o
    0x08000a9c   0x08000a9c   0x00000098   Code   RO         4607    i.DNS_run           dns.o
    0x08000b34   0x08000b34   0x00000002   Code   RO          604    i.DebugMon_Handler  stm32f1xx_it.o
    0x08000b36   0x08000b36   0x00000002   PAD
    0x08000b38   0x08000b38   0x00000060   Code   RO          797    i.Delay_debug       ethernet_clp.o
    0x08000b98   0x08000b98   0x00000004   Code   RO           13    i.Error_Handler     main.o
    0x08000b9c   0x08000b9c   0x000000fc   Code   RO         2403    i.HAL_ADC_ConfigChannel  stm32f1xx_hal_adc.o
    0x08000c98   0x08000c98   0x00000120   Code   RO         2412    i.HAL_ADC_Init      stm32f1xx_hal_adc.o
    0x08000db8   0x08000db8   0x00000058   Code   RO          686    i.HAL_ADC_MspInit   stm32f1xx_hal_msp.o
    0x08000e10   0x08000e10   0x00000024   Code   RO         1429    i.HAL_Delay         stm32f1xx_hal.o
    0x08000e34   0x08000e34   0x000001f8   Code   RO         1737    i.HAL_GPIO_Init     stm32f1xx_hal_gpio.o
    0x0800102c   0x0800102c   0x00000010   Code   RO         1740    i.HAL_GPIO_TogglePin  stm32f1xx_hal_gpio.o
    0x0800103c   0x0800103c   0x0000000a   Code   RO         1741    i.HAL_GPIO_WritePin  stm32f1xx_hal_gpio.o
    0x08001046   0x08001046   0x00000002   PAD
    0x08001048   0x08001048   0x0000000c   Code   RO         1433    i.HAL_GetTick       stm32f1xx_hal.o
    0x08001054   0x08001054   0x00000188   Code   RO         2684    i.HAL_I2C_Init      stm32f1xx_hal_i2c.o
    0x080011dc   0x080011dc   0x00000070   Code   RO          688    i.HAL_I2C_MspInit   stm32f1xx_hal_msp.o
    0x0800124c   0x0800124c   0x00000010   Code   RO         1439    i.HAL_IncTick       stm32f1xx_hal.o
    0x0800125c   0x0800125c   0x00000024   Code   RO         1440    i.HAL_Init          stm32f1xx_hal.o
    0x08001280   0x08001280   0x00000040   Code   RO         1441    i.HAL_InitTick      stm32f1xx_hal.o
    0x080012c0   0x080012c0   0x0000003c   Code   RO          689    i.HAL_MspInit       stm32f1xx_hal_msp.o
    0x080012fc   0x080012fc   0x0000001a   Code   RO         1897    i.HAL_NVIC_EnableIRQ  stm32f1xx_hal_cortex.o
    0x08001316   0x08001316   0x00000002   PAD
    0x08001318   0x08001318   0x00000040   Code   RO         1903    i.HAL_NVIC_SetPriority  stm32f1xx_hal_cortex.o
    0x08001358   0x08001358   0x00000024   Code   RO         1904    i.HAL_NVIC_SetPriorityGrouping  stm32f1xx_hal_cortex.o
    0x0800137c   0x0800137c   0x0000003c   Code   RO         1202    i.HAL_PCDEx_PMAConfig  stm32f1xx_hal_pcd_ex.o
    0x080013b8   0x080013b8   0x00000002   Code   RO          253    i.HAL_PCDEx_SetConnectionState  usbd_conf.o
    0x080013ba   0x080013ba   0x00000012   Code   RO          255    i.HAL_PCD_DataInStageCallback  usbd_conf.o
    0x080013cc   0x080013cc   0x00000014   Code   RO          256    i.HAL_PCD_DataOutStageCallback  usbd_conf.o
    0x080013e0   0x080013e0   0x0000004c   Code   RO          978    i.HAL_PCD_EP_Close  stm32f1xx_hal_pcd.o
    0x0800142c   0x0800142c   0x0000005c   Code   RO          979    i.HAL_PCD_EP_ClrStall  stm32f1xx_hal_pcd.o
    0x08001488   0x08001488   0x000000e6   Code   RO          980    i.HAL_PCD_EP_DB_Receive  stm32f1xx_hal_pcd.o
    0x0800156e   0x0800156e   0x00000220   Code   RO          981    i.HAL_PCD_EP_DB_Transmit  stm32f1xx_hal_pcd.o
    0x0800178e   0x0800178e   0x00000012   Code   RO          983    i.HAL_PCD_EP_GetRxCount  stm32f1xx_hal_pcd.o
    0x080017a0   0x080017a0   0x00000060   Code   RO          984    i.HAL_PCD_EP_Open   stm32f1xx_hal_pcd.o
    0x08001800   0x08001800   0x00000032   Code   RO          985    i.HAL_PCD_EP_Receive  stm32f1xx_hal_pcd.o
    0x08001832   0x08001832   0x00000072   Code   RO          986    i.HAL_PCD_EP_SetStall  stm32f1xx_hal_pcd.o
    0x080018a4   0x080018a4   0x00000034   Code   RO          987    i.HAL_PCD_EP_Transmit  stm32f1xx_hal_pcd.o
    0x080018d8   0x080018d8   0x00000154   Code   RO          989    i.HAL_PCD_IRQHandler  stm32f1xx_hal_pcd.o
    0x08001a2c   0x08001a2c   0x000000da   Code   RO          992    i.HAL_PCD_Init      stm32f1xx_hal_pcd.o
    0x08001b06   0x08001b06   0x00000002   PAD
    0x08001b08   0x08001b08   0x0000003c   Code   RO          261    i.HAL_PCD_MspInit   usbd_conf.o
    0x08001b44   0x08001b44   0x00000026   Code   RO          262    i.HAL_PCD_ResetCallback  usbd_conf.o
    0x08001b6a   0x08001b6a   0x00000008   Code   RO          263    i.HAL_PCD_ResumeCallback  usbd_conf.o
    0x08001b72   0x08001b72   0x00000008   Code   RO          264    i.HAL_PCD_SOFCallback  usbd_conf.o
    0x08001b7a   0x08001b7a   0x00000028   Code   RO          998    i.HAL_PCD_SetAddress  stm32f1xx_hal_pcd.o
    0x08001ba2   0x08001ba2   0x0000000e   Code   RO          265    i.HAL_PCD_SetupStageCallback  usbd_conf.o
    0x08001bb0   0x08001bb0   0x00000032   Code   RO         1000    i.HAL_PCD_Start     stm32f1xx_hal_pcd.o
    0x08001be2   0x08001be2   0x00000002   PAD
    0x08001be4   0x08001be4   0x00000024   Code   RO          266    i.HAL_PCD_SuspendCallback  usbd_conf.o
    0x08001c08   0x08001c08   0x000000ec   Code   RO         1700    i.HAL_RCCEx_PeriphCLKConfig  stm32f1xx_hal_rcc_ex.o
    0x08001cf4   0x08001cf4   0x0000012c   Code   RO         1597    i.HAL_RCC_ClockConfig  stm32f1xx_hal_rcc.o
    0x08001e20   0x08001e20   0x00000020   Code   RO         1604    i.HAL_RCC_GetPCLK1Freq  stm32f1xx_hal_rcc.o
    0x08001e40   0x08001e40   0x00000020   Code   RO         1605    i.HAL_RCC_GetPCLK2Freq  stm32f1xx_hal_rcc.o
    0x08001e60   0x08001e60   0x0000006c   Code   RO         1606    i.HAL_RCC_GetSysClockFreq  stm32f1xx_hal_rcc.o
    0x08001ecc   0x08001ecc   0x00000320   Code   RO         1609    i.HAL_RCC_OscConfig  stm32f1xx_hal_rcc.o
    0x080021ec   0x080021ec   0x000000b2   Code   RO         3111    i.HAL_SPI_Init      stm32f1xx_hal_spi.o
    0x0800229e   0x0800229e   0x00000002   PAD
    0x080022a0   0x080022a0   0x00000070   Code   RO          691    i.HAL_SPI_MspInit   stm32f1xx_hal_msp.o
    0x08002310   0x08002310   0x0000015a   Code   RO         3114    i.HAL_SPI_Receive   stm32f1xx_hal_spi.o
    0x0800246a   0x0800246a   0x00000166   Code   RO         3119    i.HAL_SPI_Transmit  stm32f1xx_hal_spi.o
    0x080025d0   0x080025d0   0x000001e2   Code   RO         3120    i.HAL_SPI_TransmitReceive  stm32f1xx_hal_spi.o
    0x080027b2   0x080027b2   0x00000028   Code   RO         1908    i.HAL_SYSTICK_Config  stm32f1xx_hal_cortex.o
    0x080027da   0x080027da   0x00000062   Code   RO         3483    i.HAL_UART_Init     stm32f1xx_hal_uart.o
    0x0800283c   0x0800283c   0x00000070   Code   RO          693    i.HAL_UART_MspInit  stm32f1xx_hal_msp.o
    0x080028ac   0x080028ac   0x00000002   Code   RO          605    i.HardFault_Handler  stm32f1xx_it.o
    0x080028ae   0x080028ae   0x00000002   PAD
    0x080028b0   0x080028b0   0x00000038   Code   RO          465    i.IntToUnicode      usbd_desc.o
    0x080028e8   0x080028e8   0x0000004c   Code   RO           14    i.MX_ADC1_Init      main.o
    0x08002934   0x08002934   0x000000f8   Code   RO           15    i.MX_GPIO_Init      main.o
    0x08002a2c   0x08002a2c   0x00000044   Code   RO           16    i.MX_SPI1_Init      main.o
    0x08002a70   0x08002a70   0x00000054   Code   RO          201    i.MX_USB_DEVICE_Init  usb_device.o
    0x08002ac4   0x08002ac4   0x00000002   Code   RO          606    i.MemManage_Handler  stm32f1xx_it.o
    0x08002ac6   0x08002ac6   0x00000002   Code   RO          607    i.NMI_Handler       stm32f1xx_it.o
    0x08002ac8   0x08002ac8   0x00000010   Code   RO         4689    i.NibbleToHex       dhcp.o
    0x08002ad8   0x08002ad8   0x000002fc   Code   RO         1004    i.PCD_EP_ISR_Handler  stm32f1xx_hal_pcd.o
    0x08002dd4   0x08002dd4   0x00000002   Code   RO          608    i.PendSV_Handler    stm32f1xx_it.o
    0x08002dd6   0x08002dd6   0x0000005c   Code   RO         3148    i.SPI_EndRxTransaction  stm32f1xx_hal_spi.o
    0x08002e32   0x08002e32   0x00000020   Code   RO         3149    i.SPI_EndRxTxTransaction  stm32f1xx_hal_spi.o
    0x08002e52   0x08002e52   0x00000002   PAD
    0x08002e54   0x08002e54   0x000000b8   Code   RO         3154    i.SPI_WaitFlagStateUntilTimeout  stm32f1xx_hal_spi.o
    0x08002f0c   0x08002f0c   0x00000002   Code   RO          609    i.SVC_Handler       stm32f1xx_it.o
    0x08002f0e   0x08002f0e   0x00000004   Code   RO          610    i.SysTick_Handler   stm32f1xx_it.o
    0x08002f12   0x08002f12   0x0000007e   Code   RO           17    i.SystemClock_Config  main.o
    0x08002f90   0x08002f90   0x00000002   Code   RO         3780    i.SystemInit        system_stm32f1xx.o
    0x08002f92   0x08002f92   0x00000034   Code   RO         4578    i.UART_Printf       uart_usb.o
    0x08002fc6   0x08002fc6   0x00000002   PAD
    0x08002fc8   0x08002fc8   0x000000b8   Code   RO         3509    i.UART_SetConfig    stm32f1xx_hal_uart.o
    0x08003080   0x08003080   0x00000046   Code   RO         4080    i.USBD_CDC_DataIn   usbd_cdc.o
    0x080030c6   0x080030c6   0x0000002e   Code   RO         4081    i.USBD_CDC_DataOut  usbd_cdc.o
    0x080030f4   0x080030f4   0x00000044   Code   RO         4082    i.USBD_CDC_DeInit   usbd_cdc.o
    0x08003138   0x08003138   0x00000024   Code   RO         4083    i.USBD_CDC_EP0_RxReady  usbd_cdc.o
    0x0800315c   0x0800315c   0x0000000c   Code   RO         4084    i.USBD_CDC_GetDeviceQualifierDescriptor  usbd_cdc.o
    0x08003168   0x08003168   0x0000000c   Code   RO         4085    i.USBD_CDC_GetFSCfgDesc  usbd_cdc.o
    0x08003174   0x08003174   0x0000000c   Code   RO         4086    i.USBD_CDC_GetHSCfgDesc  usbd_cdc.o
    0x08003180   0x08003180   0x0000000c   Code   RO         4087    i.USBD_CDC_GetOtherSpeedCfgDesc  usbd_cdc.o
    0x0800318c   0x0800318c   0x00000094   Code   RO         4088    i.USBD_CDC_Init     usbd_cdc.o
    0x08003220   0x08003220   0x00000028   Code   RO         4089    i.USBD_CDC_ReceivePacket  usbd_cdc.o
    0x08003248   0x08003248   0x00000010   Code   RO         4090    i.USBD_CDC_RegisterInterface  usbd_cdc.o
    0x08003258   0x08003258   0x0000000c   Code   RO         4091    i.USBD_CDC_SetRxBuffer  usbd_cdc.o
    0x08003264   0x08003264   0x00000010   Code   RO         4092    i.USBD_CDC_SetTxBuffer  usbd_cdc.o
    0x08003274   0x08003274   0x000000ac   Code   RO         4093    i.USBD_CDC_Setup    usbd_cdc.o
    0x08003320   0x08003320   0x00000036   Code   RO         4094    i.USBD_CDC_TransmitPacket  usbd_cdc.o
    0x08003356   0x08003356   0x0000000e   Code   RO         3817    i.USBD_ClrClassConfig  usbd_core.o
    0x08003364   0x08003364   0x00000010   Code   RO         4020    i.USBD_CtlContinueRx  usbd_ioreq.o
    0x08003374   0x08003374   0x00000010   Code   RO         4021    i.USBD_CtlContinueSendData  usbd_ioreq.o
    0x08003384   0x08003384   0x00000016   Code   RO         3955    i.USBD_CtlError     usbd_ctlreq.o
    0x0800339a   0x0800339a   0x0000001e   Code   RO         4022    i.USBD_CtlPrepareRx  usbd_ioreq.o
    0x080033b8   0x080033b8   0x00000016   Code   RO         4023    i.USBD_CtlReceiveStatus  usbd_ioreq.o
    0x080033ce   0x080033ce   0x0000001a   Code   RO         4024    i.USBD_CtlSendData  usbd_ioreq.o
    0x080033e8   0x080033e8   0x00000016   Code   RO         4025    i.USBD_CtlSendStatus  usbd_ioreq.o
    0x080033fe   0x080033fe   0x00000002   PAD
    0x08003400   0x08003400   0x00000020   Code   RO          466    i.USBD_FS_ConfigStrDescriptor  usbd_desc.o
    0x08003420   0x08003420   0x0000000c   Code   RO          467    i.USBD_FS_DeviceDescriptor  usbd_desc.o
    0x0800342c   0x0800342c   0x00000024   Code   RO          468    i.USBD_FS_InterfaceStrDescriptor  usbd_desc.o
    0x08003450   0x08003450   0x0000000c   Code   RO          469    i.USBD_FS_LangIDStrDescriptor  usbd_desc.o
    0x0800345c   0x0800345c   0x00000028   Code   RO          470    i.USBD_FS_ManufacturerStrDescriptor  usbd_desc.o
    0x08003484   0x08003484   0x0000002c   Code   RO          471    i.USBD_FS_ProductStrDescriptor  usbd_desc.o
    0x080034b0   0x080034b0   0x00000038   Code   RO          472    i.USBD_FS_SerialStrDescriptor  usbd_desc.o
    0x080034e8   0x080034e8   0x000000e8   Code   RO         3956    i.USBD_GetDescriptor  usbd_ctlreq.o
    0x080035d0   0x080035d0   0x00000048   Code   RO         3957    i.USBD_GetString    usbd_ctlreq.o
    0x08003618   0x08003618   0x00000018   Code   RO          267    i.USBD_Get_USB_Status  usbd_conf.o
    0x08003630   0x08003630   0x0000002a   Code   RO         3819    i.USBD_Init         usbd_core.o
    0x0800365a   0x0800365a   0x00000012   Code   RO          268    i.USBD_LL_ClearStallEP  usbd_conf.o
    0x0800366c   0x0800366c   0x00000012   Code   RO          269    i.USBD_LL_CloseEP   usbd_conf.o
    0x0800367e   0x0800367e   0x000000c6   Code   RO         3820    i.USBD_LL_DataInStage  usbd_core.o
    0x08003744   0x08003744   0x00000082   Code   RO         3821    i.USBD_LL_DataOutStage  usbd_core.o
    0x080037c6   0x080037c6   0x00000008   Code   RO          273    i.USBD_LL_GetRxDataSize  usbd_conf.o
    0x080037ce   0x080037ce   0x00000002   PAD
    0x080037d0   0x080037d0   0x00000080   Code   RO          274    i.USBD_LL_Init      usbd_conf.o
    0x08003850   0x08003850   0x00000020   Code   RO          275    i.USBD_LL_IsStallEP  usbd_conf.o
    0x08003870   0x08003870   0x00000018   Code   RO          276    i.USBD_LL_OpenEP    usbd_conf.o
    0x08003888   0x08003888   0x00000012   Code   RO          277    i.USBD_LL_PrepareReceive  usbd_conf.o
    0x0800389a   0x0800389a   0x00000050   Code   RO         3826    i.USBD_LL_Reset     usbd_core.o
    0x080038ea   0x080038ea   0x00000014   Code   RO         3827    i.USBD_LL_Resume    usbd_core.o
    0x080038fe   0x080038fe   0x00000018   Code   RO         3828    i.USBD_LL_SOF       usbd_core.o
    0x08003916   0x08003916   0x00000006   Code   RO         3829    i.USBD_LL_SetSpeed  usbd_core.o
    0x0800391c   0x0800391c   0x00000012   Code   RO          278    i.USBD_LL_SetUSBAddress  usbd_conf.o
    0x0800392e   0x0800392e   0x0000005a   Code   RO         3830    i.USBD_LL_SetupStage  usbd_core.o
    0x08003988   0x08003988   0x00000012   Code   RO          279    i.USBD_LL_StallEP   usbd_conf.o
    0x0800399a   0x0800399a   0x00000012   Code   RO          280    i.USBD_LL_Start     usbd_conf.o
    0x080039ac   0x080039ac   0x00000012   Code   RO         3831    i.USBD_LL_Suspend   usbd_core.o
    0x080039be   0x080039be   0x00000012   Code   RO          282    i.USBD_LL_Transmit  usbd_conf.o
    0x080039d0   0x080039d0   0x00000028   Code   RO         3958    i.USBD_ParseSetupRequest  usbd_ctlreq.o
    0x080039f8   0x080039f8   0x00000010   Code   RO         3832    i.USBD_RegisterClass  usbd_core.o
    0x08003a08   0x08003a08   0x00000016   Code   RO         3834    i.USBD_SetClassConfig  usbd_core.o
    0x08003a1e   0x08003a1e   0x00000002   PAD
    0x08003a20   0x08003a20   0x00000084   Code   RO         3959    i.USBD_SetConfig    usbd_ctlreq.o
    0x08003aa4   0x08003aa4   0x0000000a   Code   RO         3835    i.USBD_Start        usbd_core.o
    0x08003aae   0x08003aae   0x00000112   Code   RO         3960    i.USBD_StdDevReq    usbd_ctlreq.o
    0x08003bc0   0x08003bc0   0x00000150   Code   RO         3961    i.USBD_StdEPReq     usbd_ctlreq.o
    0x08003d10   0x08003d10   0x0000004e   Code   RO         3962    i.USBD_StdItfReq    usbd_ctlreq.o
    0x08003d5e   0x08003d5e   0x00000002   Code   RO          283    i.USBD_static_free  usbd_conf.o
    0x08003d60   0x08003d60   0x00000008   Code   RO          284    i.USBD_static_malloc  usbd_conf.o
    0x08003d68   0x08003d68   0x00000258   Code   RO         1242    i.USB_ActivateEndpoint  stm32f1xx_ll_usb.o
    0x08003fc0   0x08003fc0   0x00000004   Code   RO         1245    i.USB_CoreInit      stm32f1xx_ll_usb.o
    0x08003fc4   0x08003fc4   0x0000010e   Code   RO         1247    i.USB_DeactivateEndpoint  stm32f1xx_ll_usb.o
    0x080040d2   0x080040d2   0x00000004   Code   RO         1248    i.USB_DevConnect    stm32f1xx_ll_usb.o
    0x080040d6   0x080040d6   0x00000004   Code   RO         1249    i.USB_DevDisconnect  stm32f1xx_ll_usb.o
    0x080040da   0x080040da   0x00000012   Code   RO         1250    i.USB_DevInit       stm32f1xx_ll_usb.o
    0x080040ec   0x080040ec   0x0000000e   Code   RO         1251    i.USB_DisableGlobalInt  stm32f1xx_ll_usb.o
    0x080040fa   0x080040fa   0x00000004   Code   RO         1252    i.USB_EP0_OutStart  stm32f1xx_ll_usb.o
    0x080040fe   0x080040fe   0x00000078   Code   RO         1253    i.USB_EPClearStall  stm32f1xx_ll_usb.o
    0x08004176   0x08004176   0x00000032   Code   RO         1254    i.USB_EPSetStall    stm32f1xx_ll_usb.o
    0x080041a8   0x080041a8   0x000004ce   Code   RO         1255    i.USB_EPStartXfer   stm32f1xx_ll_usb.o
    0x08004676   0x08004676   0x00000012   Code   RO         1256    i.USB_EnableGlobalInt  stm32f1xx_ll_usb.o
    0x08004688   0x08004688   0x0000000c   Code   RO          611    i.USB_LP_CAN1_RX0_IRQHandler  stm32f1xx_it.o
    0x08004694   0x08004694   0x00000006   Code   RO         1263    i.USB_ReadInterrupts  stm32f1xx_ll_usb.o
    0x0800469a   0x0800469a   0x00000002   PAD
    0x0800469c   0x0800469c   0x0000002c   Code   RO         1264    i.USB_ReadPMA       stm32f1xx_ll_usb.o
    0x080046c8   0x080046c8   0x00000004   Code   RO         1265    i.USB_SetCurrentMode  stm32f1xx_ll_usb.o
    0x080046cc   0x080046cc   0x0000000c   Code   RO         1266    i.USB_SetDevAddress  stm32f1xx_ll_usb.o
    0x080046d8   0x080046d8   0x00000026   Code   RO         1268    i.USB_WritePMA      stm32f1xx_ll_usb.o
    0x080046fe   0x080046fe   0x00000002   Code   RO          612    i.UsageFault_Handler  stm32f1xx_it.o
    0x08004700   0x08004700   0x00000014   Code   RO          800    i.W5500_ReadBuff    ethernet_clp.o
    0x08004714   0x08004714   0x00000014   Code   RO          801    i.W5500_WriteBuff   ethernet_clp.o
    0x08004728   0x08004728   0x00000058   Code   RO         4512    i.WIZCHIP_READ      w5500.o
    0x08004780   0x08004780   0x00000074   Code   RO         4513    i.WIZCHIP_READ_BUF  w5500.o
    0x080047f4   0x080047f4   0x00000060   Code   RO         4514    i.WIZCHIP_WRITE     w5500.o
    0x08004854   0x08004854   0x00000070   Code   RO         4515    i.WIZCHIP_WRITE_BUF  w5500.o
    0x080048c4   0x080048c4   0x00000034   Code   RO         5081    i.__0vsnprintf      mc_w.l(printfa.o)
    0x080048f8   0x080048f8   0x00000020   Code   RO         1910    i.__NVIC_SetPriority  stm32f1xx_hal_cortex.o
    0x08004918   0x08004918   0x0000000e   Code   RO         5150    i.__scatterload_copy  mc_w.l(handlers.o)
    0x08004926   0x08004926   0x00000002   Code   RO         5151    i.__scatterload_null  mc_w.l(handlers.o)
    0x08004928   0x08004928   0x0000000e   Code   RO         5152    i.__scatterload_zeroinit  mc_w.l(handlers.o)
    0x08004936   0x08004936   0x00000002   PAD
    0x08004938   0x08004938   0x00000184   Code   RO         5083    i._fp_digits        mc_w.l(printfa.o)
    0x08004abc   0x08004abc   0x000006b4   Code   RO         5084    i._printf_core      mc_w.l(printfa.o)
    0x08005170   0x08005170   0x00000024   Code   RO         5085    i._printf_post_padding  mc_w.l(printfa.o)
    0x08005194   0x08005194   0x0000002e   Code   RO         5086    i._printf_pre_padding  mc_w.l(printfa.o)
    0x080051c2   0x080051c2   0x00000016   Code   RO         5087    i._snputc           mc_w.l(printfa.o)
    0x080051d8   0x080051d8   0x00000068   Code   RO         4690    i.check_DHCP_leasedIP  dhcp.o
    0x08005240   0x08005240   0x00000070   Code   RO         4691    i.check_DHCP_timeout  dhcp.o
    0x080052b0   0x080052b0   0x00000028   Code   RO         4609    i.check_DNS_timeout  dns.o
    0x080052d8   0x080052d8   0x00000314   Code   RO          757    i.client_request    ethernet_client.o
    0x080055ec   0x080055ec   0x00000074   Code   RO         4211    i.close             socket.o
    0x08005660   0x08005660   0x00000108   Code   RO         4212    i.connect           socket.o
    0x08005768   0x08005768   0x000000dc   Code   RO          803    i.consulta_DNS      ethernet_clp.o
    0x08005844   0x08005844   0x00000010   Code   RO          804    i.cs_desel          ethernet_clp.o
    0x08005854   0x08005854   0x00000010   Code   RO          805    i.cs_sel            ethernet_clp.o
    0x08005864   0x08005864   0x00000030   Code   RO         4692    i.default_ip_assign  dhcp.o
    0x08005894   0x08005894   0x00000024   Code   RO         4693    i.default_ip_conflict  dhcp.o
    0x080058b8   0x080058b8   0x00000028   Code   RO         4694    i.default_ip_update  dhcp.o
    0x080058e0   0x080058e0   0x0000008c   Code   RO         4214    i.disconnect        socket.o
    0x0800596c   0x0800596c   0x000000ae   Code   RO         4610    i.dns_answer        dns.o
    0x08005a1a   0x08005a1a   0x00000002   PAD
    0x08005a1c   0x08005a1c   0x000000b4   Code   RO         4611    i.dns_makequery     dns.o
    0x08005ad0   0x08005ad0   0x0000001e   Code   RO         4612    i.dns_question      dns.o
    0x08005aee   0x08005aee   0x0000000c   Code   RO         4613    i.get16             dns.o
    0x08005afa   0x08005afa   0x00000002   PAD
    0x08005afc   0x08005afc   0x0000000c   Code   RO         4695    i.getDHCPLeasetime  dhcp.o
    0x08005b08   0x08005b08   0x00000018   Code   RO         4696    i.getDNSfromDHCP    dhcp.o
    0x08005b20   0x08005b20   0x00000018   Code   RO         4697    i.getGWfromDHCP     dhcp.o
    0x08005b38   0x08005b38   0x00000018   Code   RO         4698    i.getIPfromDHCP     dhcp.o
    0x08005b50   0x08005b50   0x00000018   Code   RO         4699    i.getSNfromDHCP     dhcp.o
    0x08005b68   0x08005b68   0x0000004c   Code   RO         4516    i.getSn_RX_RSR      w5500.o
    0x08005bb4   0x08005bb4   0x0000004c   Code   RO         4517    i.getSn_TX_FSR      w5500.o
    0x08005c00   0x08005c00   0x00000180   Code   RO          806    i.init_ethernet_dinamico  ethernet_clp.o
    0x08005d80   0x08005d80   0x000000b0   Code   RO           18    i.main              main.o
    0x08005e30   0x08005e30   0x000000d0   Code   RO         4700    i.makeDHCPMSG       dhcp.o
    0x08005f00   0x08005f00   0x000001b8   Code   RO         4701    i.parseDHCPMSG      dhcp.o
    0x080060b8   0x080060b8   0x000000d6   Code   RO         4614    i.parseDNSMSG       dns.o
    0x0800618e   0x0800618e   0x00000002   PAD
    0x08006190   0x08006190   0x00000072   Code   RO         4615    i.parse_name        dns.o
    0x08006202   0x08006202   0x0000000c   Code   RO         4616    i.put16             dns.o
    0x0800620e   0x0800620e   0x00000002   PAD
    0x08006210   0x08006210   0x000000e4   Code   RO         4217    i.recv              socket.o
    0x080062f4   0x080062f4   0x00000214   Code   RO         4218    i.recvfrom          socket.o
    0x08006508   0x08006508   0x00000030   Code   RO         4702    i.reg_dhcp_cbfunc   dhcp.o
    0x08006538   0x08006538   0x00000024   Code   RO         4297    i.reg_wizchip_cs_cbfunc  wizchip_conf.o
    0x0800655c   0x0800655c   0x0000002c   Code   RO         4298    i.reg_wizchip_spi_cbfunc  wizchip_conf.o
    0x08006588   0x08006588   0x0000002c   Code   RO         4299    i.reg_wizchip_spiburst_cbfunc  wizchip_conf.o
    0x080065b4   0x080065b4   0x00000014   Code   RO         4703    i.reset_DHCP_timeout  dhcp.o
    0x080065c8   0x080065c8   0x0000011c   Code   RO         4219    i.send              socket.o
    0x080066e4   0x080066e4   0x00000100   Code   RO         4704    i.send_DHCP_DECLINE  dhcp.o
    0x080067e4   0x080067e4   0x000001d8   Code   RO         4705    i.send_DHCP_DISCOVER  dhcp.o
    0x080069bc   0x080069bc   0x00000290   Code   RO         4706    i.send_DHCP_REQUEST  dhcp.o
    0x08006c4c   0x08006c4c   0x00000180   Code   RO         4220    i.sendto            socket.o
    0x08006dcc   0x08006dcc   0x0000011c   Code   RO         4222    i.socket            socket.o
    0x08006ee8   0x08006ee8   0x0000001c   Code   RO          809    i.spi_rb            ethernet_clp.o
    0x08006f04   0x08006f04   0x00000018   Code   RO          810    i.spi_wb            ethernet_clp.o
    0x08006f1c   0x08006f1c   0x00000060   Code   RO         4518    i.wiz_recv_data     w5500.o
    0x08006f7c   0x08006f7c   0x00000042   Code   RO         4519    i.wiz_recv_ignore   w5500.o
    0x08006fbe   0x08006fbe   0x00000060   Code   RO         4520    i.wiz_send_data     w5500.o
    0x0800701e   0x0800701e   0x00000004   Code   RO         4300    i.wizchip_bus_readdata  wizchip_conf.o
    0x08007022   0x08007022   0x00000004   Code   RO         4301    i.wizchip_bus_writedata  wizchip_conf.o
    0x08007026   0x08007026   0x00000002   Code   RO         4303    i.wizchip_cris_enter  wizchip_conf.o
    0x08007028   0x08007028   0x00000002   Code   RO         4304    i.wizchip_cris_exit  wizchip_conf.o
    0x0800702a   0x0800702a   0x00000002   Code   RO         4305    i.wizchip_cs_deselect  wizchip_conf.o
    0x0800702c   0x0800702c   0x00000002   Code   RO         4306    i.wizchip_cs_select  wizchip_conf.o
    0x0800702e   0x0800702e   0x0000007a   Code   RO         4312    i.wizchip_init      wizchip_conf.o
    0x080070a8   0x080070a8   0x00000058   Code   RO         4314    i.wizchip_setnetinfo  wizchip_conf.o
    0x08007100   0x08007100   0x00000002   Code   RO         4317    i.wizchip_spi_readburst  wizchip_conf.o
    0x08007102   0x08007102   0x00000004   Code   RO         4318    i.wizchip_spi_readbyte  wizchip_conf.o
    0x08007106   0x08007106   0x00000002   Code   RO         4319    i.wizchip_spi_writeburst  wizchip_conf.o
    0x08007108   0x08007108   0x00000002   Code   RO         4320    i.wizchip_spi_writebyte  wizchip_conf.o
    0x0800710a   0x0800710a   0x00000074   Code   RO         4321    i.wizchip_sw_reset  wizchip_conf.o
    0x0800717e   0x0800717e   0x000000b3   Data   RO          759    .constdata          ethernet_client.o
    0x08007231   0x08007231   0x00000003   PAD
    0x08007234   0x08007234   0x0000002f   Data   RO          817    .constdata          ethernet_clp.o
    0x08007263   0x08007263   0x00000010   Data   RO         3781    .constdata          system_stm32f1xx.o
    0x08007273   0x08007273   0x00000008   Data   RO         3782    .constdata          system_stm32f1xx.o
    0x0800727b   0x0800727b   0x00000001   PAD
    0x0800727c   0x0800727c   0x00000049   Data   RO          818    .conststring        ethernet_clp.o
    0x080072c5   0x080072c5   0x00000003   PAD
    0x080072c8   0x080072c8   0x00000020   Data   RO         5148    Region$$Table       anon$$obj.o


    Execution Region RW_IRAM1 (Exec base: 0x20000000, Load base: 0x080072e8, Size: 0x00002918, Max: 0x0000c000, ABSOLUTE, COMPRESSED[0x0000010c])

    Exec Addr    Load Addr    Size         Type   Attr      Idx    E Section Name        Object

    0x20000000   COMPRESSED   0x0000000a   Data   RW           20    .data               main.o
    0x2000000a   COMPRESSED   0x00000002   PAD
    0x2000000c   COMPRESSED   0x0000001c   Data   RW          474    .data               usbd_desc.o
    0x20000028   COMPRESSED   0x00000032   Data   RW          475    .data               usbd_desc.o
    0x2000005a   COMPRESSED   0x00000002   PAD
    0x2000005c   COMPRESSED   0x00000010   Data   RW          557    .data               usbd_cdc_if.o
    0x2000006c   COMPRESSED   0x00000008   Data   RW          760    .data               ethernet_client.o
    0x20000074   COMPRESSED   0x00000011   Data   RW          819    .data               ethernet_clp.o
    0x20000085   COMPRESSED   0x00000003   PAD
    0x20000088   COMPRESSED   0x0000000c   Data   RW         1447    .data               stm32f1xx_hal.o
    0x20000094   COMPRESSED   0x00000004   Data   RW         3783    .data               system_stm32f1xx.o
    0x20000098   COMPRESSED   0x00000001   Data   RW         3963    .data               usbd_ctlreq.o
    0x20000099   COMPRESSED   0x00000003   PAD
    0x2000009c   COMPRESSED   0x000000d7   Data   RW         4095    .data               usbd_cdc.o
    0x20000173   COMPRESSED   0x00000001   PAD
    0x20000174   COMPRESSED   0x00000038   Data   RW         4096    .data               usbd_cdc.o
    0x200001ac   COMPRESSED   0x0000000e   Data   RW         4224    .data               socket.o
    0x200001ba   COMPRESSED   0x00000002   PAD
    0x200001bc   COMPRESSED   0x00000034   Data   RW         4329    .data               wizchip_conf.o
    0x200001f0   COMPRESSED   0x0000000c   Data   RW         4617    .data               dns.o
    0x200001fc   COMPRESSED   0x0000004e   Data   RW         4707    .data               dhcp.o
    0x2000024a   COMPRESSED   0x00000002   PAD
    0x2000024c        -       0x0000011c   Zero   RW           19    .bss                main.o
    0x20000368        -       0x000002c4   Zero   RW          202    .bss                usb_device.o
    0x2000062c        -       0x0000050c   Zero   RW          285    .bss                usbd_conf.o
    0x20000b38        -       0x00000200   Zero   RW          473    .bss                usbd_desc.o
    0x20000d38        -       0x000007d0   Zero   RW          556    .bss                usbd_cdc_if.o
    0x20001508        -       0x00000800   Zero   RW          758    .bss                ethernet_client.o
    0x20001d08        -       0x00000800   Zero   RW          816    .bss                ethernet_clp.o
    0x20002508        -       0x00000010   Zero   RW         4223    .bss                socket.o
    0x20002518        -       0x00000400   Zero   RW            1    STACK               startup_stm32f103xe.o


==============================================================================

Image component sizes


      Code (inc. data)   RO Data    RW Data    ZI Data      Debug   Object Name

      3008        136          0         78          0      16481   dhcp.o
       948         34          0         12          0       9131   dns.o
       788        494        179          8       2048       2021   ethernet_client.o
       940        408        120         17       2048      10182   ethernet_clp.o
       698         62          0         10        284     503441   main.o
      2232         52          0         14         16       9171   socket.o
        36          8        304          0       1024        812   startup_stm32f103xe.o
       164         28          0         12          0       6585   stm32f1xx_hal.o
       616         28          0          0          0       3392   stm32f1xx_hal_adc.o
       198         14          0          0          0      29007   stm32f1xx_hal_cortex.o
       530         42          0          0          0       3557   stm32f1xx_hal_gpio.o
       392         16          0          0          0       3103   stm32f1xx_hal_i2c.o
       484         64          0          0          0       3639   stm32f1xx_hal_msp.o
      2684          0          0          0          0      13353   stm32f1xx_hal_pcd.o
        60          0          0          0          0       1198   stm32f1xx_hal_pcd_ex.o
      1272        100          0          0          0       5260   stm32f1xx_hal_rcc.o
       236         12          0          0          0       1404   stm32f1xx_hal_rcc_ex.o
      1672          4          0          0          0       8230   stm32f1xx_hal_spi.o
       282          6          0          0          0       1944   stm32f1xx_hal_uart.o
        32          6          0          0          0       4343   stm32f1xx_it.o
      2440          0          0          0          0      16223   stm32f1xx_ll_usb.o
         2          0         24          4          0       1123   system_stm32f1xx.o
        52          0          0          0          0       1182   uart_usb.o
        84         18          0          0        708       2539   usb_device.o
       726         16          0        271          0      13242   usbd_cdc.o
       112         22          0         16       2000       3188   usbd_cdc_if.o
       556         30          0          0       1292      13725   usbd_conf.o
       670          0          0          0          0       9619   usbd_core.o
      1186         28          0          1          0       8012   usbd_ctlreq.o
       288        104          0         78        512       5761   usbd_desc.o
       132          0          0          0          0       4400   usbd_ioreq.o
       822         18          0          0          0       6734   w5500.o
       476         48          0         52          0      13253   wizchip_conf.o

    ----------------------------------------------------------------------
     24854       1798        666        588       9932     735255   Object Totals
         0          0         32          0          0          0   (incl. Generated)
        36          0          7         15          0          0   (incl. Padding)

    ----------------------------------------------------------------------

      Code (inc. data)   RO Data    RW Data    ZI Data      Debug   Library Member Name

        86          0          0          0          0          0   __dczerorl2.o
         0          0          0          0          0          0   entry.o
         0          0          0          0          0          0   entry10a.o
         0          0          0          0          0          0   entry11a.o
         4          0          0          0          0          0   entry12b.o
         8          4          0          0          0          0   entry2.o
         4          0          0          0          0          0   entry5.o
         0          0          0          0          0          0   entry7b.o
         0          0          0          0          0          0   entry8b.o
         8          4          0          0          0          0   entry9a.o
        30          0          0          0          0          0   handlers.o
        36          8          0          0          0         68   init.o
         0          0          0          0          0          0   iusefp.o
        30          0          0          0          0         68   llshl.o
        36          0          0          0          0         68   llsshr.o
        32          0          0          0          0         68   llushr.o
        36          0          0          0          0         68   memcpya.o
        36          0          0          0          0        108   memseta.o
      2260         86          0          0          0        528   printfa.o
        20          0          0          0          0         68   strchr.o
        18          0          0          0          0         68   strcpy.o
        14          0          0          0          0         68   strlen.o
        24          0          0          0          0         76   strncpy.o
        44          0          0          0          0         80   uidiv.o
        98          0          0          0          0         92   uldiv.o
        48          0          0          0          0         68   cdrcmple.o
       334          0          0          0          0        148   dadd.o
       222          0          0          0          0        100   ddiv.o
       186          0          0          0          0        176   depilogue.o
        48          0          0          0          0         68   dfixul.o
       228          0          0          0          0         96   dmul.o

    ----------------------------------------------------------------------
      3896        102          0          0          0       2084   Library Totals
         6          0          0          0          0          0   (incl. Padding)

    ----------------------------------------------------------------------

      Code (inc. data)   RO Data    RW Data    ZI Data      Debug   Library Name

      2824        102          0          0          0       1428   mc_w.l
      1066          0          0          0          0        656   mf_w.l

    ----------------------------------------------------------------------
      3896        102          0          0          0       2084   Library Totals

    ----------------------------------------------------------------------

==============================================================================


      Code (inc. data)   RO Data    RW Data    ZI Data      Debug   

     28750       1900        666        588       9932     724155   Grand Totals
     28750       1900        666        268       9932     724155   ELF Image Totals (compressed)
     28750       1900        666        268          0          0   ROM Totals

==============================================================================

    Total RO  Size (Code + RO Data)                29416 (  28.73kB)
    Total RW  Size (RW Data + ZI Data)             10520 (  10.27kB)
    Total ROM Size (Code + RO Data + RW Data)      29684 (  28.99kB)

==============================================================================

