Component: ARM Compiler 5.06 update 7 (build 960) Tool: armlink [4d3601]

==============================================================================

Section Cross References

    startup_stm32f103xe.o(RESET) refers to startup_stm32f103xe.o(STACK) for __initial_sp
    startup_stm32f103xe.o(RESET) refers to startup_stm32f103xe.o(.text) for Reset_Handler
    startup_stm32f103xe.o(RESET) refers to stm32f1xx_it.o(i.NMI_Handler) for NMI_Handler
    startup_stm32f103xe.o(RESET) refers to stm32f1xx_it.o(i.HardFault_Handler) for HardFault_Handler
    startup_stm32f103xe.o(RESET) refers to stm32f1xx_it.o(i.MemManage_Handler) for MemManage_Handler
    startup_stm32f103xe.o(RESET) refers to stm32f1xx_it.o(i.BusFault_Handler) for BusFault_Handler
    startup_stm32f103xe.o(RESET) refers to stm32f1xx_it.o(i.UsageFault_Handler) for UsageFault_Handler
    startup_stm32f103xe.o(RESET) refers to stm32f1xx_it.o(i.SVC_Handler) for SVC_Handler
    startup_stm32f103xe.o(RESET) refers to stm32f1xx_it.o(i.DebugMon_Handler) for DebugMon_Handler
    startup_stm32f103xe.o(RESET) refers to stm32f1xx_it.o(i.PendSV_Handler) for PendSV_Handler
    startup_stm32f103xe.o(RESET) refers to stm32f1xx_it.o(i.SysTick_Handler) for SysTick_Handler
    startup_stm32f103xe.o(RESET) refers to stm32f1xx_it.o(i.USB_LP_CAN1_RX0_IRQHandler) for USB_LP_CAN1_RX0_IRQHandler
    startup_stm32f103xe.o(.text) refers to system_stm32f1xx.o(i.SystemInit) for SystemInit
    startup_stm32f103xe.o(.text) refers to entry.o(.ARM.Collect$$$$00000000) for __main
    main.o(i.MX_ADC1_Init) refers to stm32f1xx_hal_adc.o(i.HAL_ADC_Init) for HAL_ADC_Init
    main.o(i.MX_ADC1_Init) refers to stm32f1xx_hal_adc.o(i.HAL_ADC_ConfigChannel) for HAL_ADC_ConfigChannel
    main.o(i.MX_ADC1_Init) refers to main.o(.bss) for .bss
    main.o(i.MX_GPIO_Init) refers to stm32f1xx_hal_gpio.o(i.HAL_GPIO_WritePin) for HAL_GPIO_WritePin
    main.o(i.MX_GPIO_Init) refers to stm32f1xx_hal_gpio.o(i.HAL_GPIO_Init) for HAL_GPIO_Init
    main.o(i.MX_SPI1_Init) refers to stm32f1xx_hal_spi.o(i.HAL_SPI_Init) for HAL_SPI_Init
    main.o(i.MX_SPI1_Init) refers to main.o(.bss) for .bss
    main.o(i.SystemClock_Config) refers to memseta.o(.text) for __aeabi_memclr4
    main.o(i.SystemClock_Config) refers to stm32f1xx_hal_rcc.o(i.HAL_RCC_OscConfig) for HAL_RCC_OscConfig
    main.o(i.SystemClock_Config) refers to stm32f1xx_hal_rcc.o(i.HAL_RCC_ClockConfig) for HAL_RCC_ClockConfig
    main.o(i.SystemClock_Config) refers to stm32f1xx_hal_rcc_ex.o(i.HAL_RCCEx_PeriphCLKConfig) for HAL_RCCEx_PeriphCLKConfig
    main.o(i.main) refers to stm32f1xx_hal.o(i.HAL_Init) for HAL_Init
    main.o(i.main) refers to main.o(i.SystemClock_Config) for SystemClock_Config
    main.o(i.main) refers to main.o(i.MX_GPIO_Init) for MX_GPIO_Init
    main.o(i.main) refers to main.o(i.MX_SPI1_Init) for MX_SPI1_Init
    main.o(i.main) refers to usb_device.o(i.MX_USB_DEVICE_Init) for MX_USB_DEVICE_Init
    main.o(i.main) refers to main.o(i.MX_ADC1_Init) for MX_ADC1_Init
    main.o(i.main) refers to stm32f1xx_hal_i2c.o(i.HAL_I2C_Init) for HAL_I2C_Init
    main.o(i.main) refers to stm32f1xx_hal_uart.o(i.HAL_UART_Init) for HAL_UART_Init
    main.o(i.main) refers to ethernet_clp.o(i.init_ethernet_dinamico) for init_ethernet_dinamico
    main.o(i.main) refers to ethernet_clp.o(i.consulta_DNS) for consulta_DNS
    main.o(i.main) refers to ethernet_ssl.o(i.init_ssl) for init_ssl
    main.o(i.main) refers to stm32f1xx_hal_gpio.o(i.HAL_GPIO_TogglePin) for HAL_GPIO_TogglePin
    main.o(i.main) refers to stm32f1xx_hal.o(i.HAL_Delay) for HAL_Delay
    main.o(i.main) refers to main.o(.bss) for .bss
    usb_device.o(i.MX_USB_DEVICE_Init) refers to usbd_core.o(i.USBD_Init) for USBD_Init
    usb_device.o(i.MX_USB_DEVICE_Init) refers to main.o(i.Error_Handler) for Error_Handler
    usb_device.o(i.MX_USB_DEVICE_Init) refers to usbd_core.o(i.USBD_RegisterClass) for USBD_RegisterClass
    usb_device.o(i.MX_USB_DEVICE_Init) refers to usbd_cdc.o(i.USBD_CDC_RegisterInterface) for USBD_CDC_RegisterInterface
    usb_device.o(i.MX_USB_DEVICE_Init) refers to usbd_core.o(i.USBD_Start) for USBD_Start
    usb_device.o(i.MX_USB_DEVICE_Init) refers to usbd_desc.o(.data) for FS_Desc
    usb_device.o(i.MX_USB_DEVICE_Init) refers to usb_device.o(.bss) for .bss
    usb_device.o(i.MX_USB_DEVICE_Init) refers to usbd_cdc.o(.data) for USBD_CDC
    usb_device.o(i.MX_USB_DEVICE_Init) refers to usbd_cdc_if.o(.data) for USBD_Interface_fops_FS
    usbd_conf.o(i.HAL_PCD_ConnectCallback) refers to usbd_core.o(i.USBD_LL_DevConnected) for USBD_LL_DevConnected
    usbd_conf.o(i.HAL_PCD_DataInStageCallback) refers to usbd_core.o(i.USBD_LL_DataInStage) for USBD_LL_DataInStage
    usbd_conf.o(i.HAL_PCD_DataOutStageCallback) refers to usbd_core.o(i.USBD_LL_DataOutStage) for USBD_LL_DataOutStage
    usbd_conf.o(i.HAL_PCD_DisconnectCallback) refers to usbd_core.o(i.USBD_LL_DevDisconnected) for USBD_LL_DevDisconnected
[...]
    mbedtls_x509_get_time                    0x080102c9   Thumb Code    74  x509.o(i.mbedtls_x509_get_time)
    mbedtls_x509_key_size_helper             0x08010319   Thumb Code    28  x509.o(i.mbedtls_x509_key_size_helper)
    mbedtls_x509_serial_gets                 0x08010345   Thumb Code   128  x509.o(i.mbedtls_x509_serial_gets)
    mbedtls_x509_sig_alg_gets                0x080103e1   Thumb Code    64  x509.o(i.mbedtls_x509_sig_alg_gets)
    mbedtls_x509_time_is_future              0x0801042d   Thumb Code     4  x509.o(i.mbedtls_x509_time_is_future)
    mbedtls_x509_time_is_past                0x08010431   Thumb Code     4  x509.o(i.mbedtls_x509_time_is_past)
    parseDHCPMSG                             0x08010979   Thumb Code   436  dhcp.o(i.parseDHCPMSG)
    parseDNSMSG                              0x08010b31   Thumb Code   214  dns.o(i.parseDNSMSG)
    parse_name                               0x08010c09   Thumb Code   114  dns.o(i.parse_name)
    put16                                    0x08010dad   Thumb Code    12  dns.o(i.put16)
    recv                                     0x08010db9   Thumb Code   224  socket.o(i.recv)
    recvfrom                                 0x08010e9d   Thumb Code   524  socket.o(i.recvfrom)
    reg_dhcp_cbfunc                          0x080110b1   Thumb Code    32  dhcp.o(i.reg_dhcp_cbfunc)
    reg_wizchip_cs_cbfunc                    0x080110e1   Thumb Code    22  wizchip_conf.o(i.reg_wizchip_cs_cbfunc)
    reg_wizchip_spi_cbfunc                   0x08011105   Thumb Code    30  wizchip_conf.o(i.reg_wizchip_spi_cbfunc)
    reg_wizchip_spiburst_cbfunc              0x08011131   Thumb Code    30  wizchip_conf.o(i.reg_wizchip_spiburst_cbfunc)
    reset_DHCP_timeout                       0x0801115d   Thumb Code    14  dhcp.o(i.reset_DHCP_timeout)
    send_DHCP_DECLINE                        0x08011575   Thumb Code   250  dhcp.o(i.send_DHCP_DECLINE)
    send_DHCP_DISCOVER                       0x08011675   Thumb Code   466  dhcp.o(i.send_DHCP_DISCOVER)
    send_DHCP_REQUEST                        0x0801184d   Thumb Code   650  dhcp.o(i.send_DHCP_REQUEST)
    sendto                                   0x08011add   Thumb Code   378  socket.o(i.sendto)
    socket                                   0x08011cad   Thumb Code   276  socket.o(i.socket)
    spi_rb                                   0x08011dc9   Thumb Code    22  ethernet_clp.o(i.spi_rb)
    spi_wb                                   0x08011de5   Thumb Code    18  ethernet_clp.o(i.spi_wb)
    wiz_recv_data                            0x08014923   Thumb Code    96  w5500.o(i.wiz_recv_data)
    wiz_recv_ignore                          0x08014983   Thumb Code    66  w5500.o(i.wiz_recv_ignore)
    wiz_send_data                            0x080149c5   Thumb Code    96  w5500.o(i.wiz_send_data)
    wiz_tls_close_notify                     0x08014a25   Thumb Code    18  sslinterface.o(i.wiz_tls_close_notify)
    wiz_tls_connect                          0x08014a3d   Thumb Code   138  sslinterface.o(i.wiz_tls_connect)
    wiz_tls_deinit                           0x08014b51   Thumb Code    56  sslinterface.o(i.wiz_tls_deinit)
    wiz_tls_init                             0x08014b89   Thumb Code   234  sslinterface.o(i.wiz_tls_init)
    wiz_tls_read                             0x08014d15   Thumb Code     6  sslinterface.o(i.wiz_tls_read)
    wiz_tls_write                            0x08014d1b   Thumb Code     6  sslinterface.o(i.wiz_tls_write)
    wizchip_bus_readdata                     0x08014d21   Thumb Code     4  wizchip_conf.o(i.wizchip_bus_readdata)
    wizchip_bus_writedata                    0x08014d25   Thumb Code     4  wizchip_conf.o(i.wizchip_bus_writedata)
    wizchip_cris_enter                       0x08014d29   Thumb Code     2  wizchip_conf.o(i.wizchip_cris_enter)
    wizchip_cris_exit                        0x08014d2b   Thumb Code     2  wizchip_conf.o(i.wizchip_cris_exit)
    wizchip_cs_deselect                      0x08014d2d   Thumb Code     2  wizchip_conf.o(i.wizchip_cs_deselect)
    wizchip_cs_select                        0x08014d2f   Thumb Code     2  wizchip_conf.o(i.wizchip_cs_select)
    wizchip_init                             0x08014d31   Thumb Code   122  wizchip_conf.o(i.wizchip_init)
    wizchip_setnetinfo                       0x08014dad   Thumb Code    82  wizchip_conf.o(i.wizchip_setnetinfo)
    wizchip_spi_readburst                    0x08014e05   Thumb Code     2  wizchip_conf.o(i.wizchip_spi_readburst)
    wizchip_spi_readbyte                     0x08014e07   Thumb Code     4  wizchip_conf.o(i.wizchip_spi_readbyte)
    wizchip_spi_writeburst                   0x08014e0b   Thumb Code     2  wizchip_conf.o(i.wizchip_spi_writeburst)
    wizchip_spi_writebyte                    0x08014e0d   Thumb Code     2  wizchip_conf.o(i.wizchip_spi_writebyte)
    wizchip_sw_reset                         0x08014e0f   Thumb Code   116  wizchip_conf.o(i.wizchip_sw_reset)
    AHBPrescTable                            0x08015f93   Data          16  system_stm32f1xx.o(.constdata)
    APBPrescTable                            0x08015fa3   Data           8  system_stm32f1xx.o(.constdata)
    self_signed_certificate                  0x08015fab   Data        1201  sslinterface.o(.constdata)
    mbedtls_cipher_definitions               0x080165f0   Data          56  cipher_wrap.o(.constdata)
    mbedtls_sha224_info                      0x08016628   Data          48  md_wrap.o(.constdata)
    mbedtls_sha256_info                      0x08016658   Data          48  md_wrap.o(.constdata)
    mbedtls_rsa_info                         0x08016a54   Data          48  pk_wrap.o(.constdata)
    mbedtls_x509_crt_profile_default         0x08016c34   Data          16  x509_crt.o(.constdata)
    mbedtls_x509_crt_profile_suiteb          0x08016cec   Data          16  x509_crt.o(.constdata)
    Region$$Table$$Base                      0x08018470   Number         0  anon$$obj.o(Region$$Table)
    Region$$Table$$Limit                     0x08018490   Number         0  anon$$obj.o(Region$$Table)
    FS_Desc                                  0x20000000   Data          28  usbd_desc.o(.data)
    USBD_LangIDDesc                          0x2000001c   Data           4  usbd_desc.o(.data)
    USBD_FS_DeviceDesc                       0x20000020   Data          18  usbd_desc.o(.data)
    USBD_StringSerial                        0x20000034   Data          26  usbd_desc.o(.data)
    USBD_Interface_fops_FS                   0x20000050   Data          16  usbd_cdc_if.o(.data)
    ip_assigned                              0x20000060   Data           1  ethernet_clp.o(.data)
    dns                                      0x20000061   Data           4  ethernet_clp.o(.data)
    addr                                     0x20000065   Data           4  ethernet_clp.o(.data)
    bufSize                                  0x20000069   Data           8  ethernet_clp.o(.data)
    uwTickFreq                               0x20000074   Data           1  stm32f1xx_hal.o(.data)
    uwTickPrio                               0x20000078   Data           4  stm32f1xx_hal.o(.data)
    uwTick                                   0x2000007c   Data           4  stm32f1xx_hal.o(.data)
    SystemCoreClock                          0x20000080   Data           4  system_stm32f1xx.o(.data)
    USBD_CDC_CfgHSDesc                       0x20000094   Data          67  usbd_cdc.o(.data)
    USBD_CDC_CfgFSDesc                       0x200000d8   Data          67  usbd_cdc.o(.data)
    USBD_CDC_OtherSpeedCfgDesc               0x2000011c   Data          67  usbd_cdc.o(.data)
    USBD_CDC                                 0x20000160   Data          56  usbd_cdc.o(.data)
    sock_pack_info                           0x2000019e   Data           8  socket.o(.data)
    WIZCHIP                                  0x200001b0   Data          44  wizchip_conf.o(.data)
    gServer_IP                               0x200001dc   Data           4  ethernet_ssl.o(.data)
    server_fd                                0x200001e0   Data           4  ethernet_ssl.o(.data)
    retorno                                  0x200001e4   Data           4  ethernet_ssl.o(.data)
    len                                      0x200001e8   Data           4  ethernet_ssl.o(.data)
    DNS_SOCKET                               0x200001ec   Data           1  dns.o(.data)
    DNS_MSGID                                0x200001ee   Data           2  dns.o(.data)
    pDNSMSG                                  0x200001f0   Data           4  dns.o(.data)
    dns_1s_tick                              0x200001f4   Data           4  dns.o(.data)
    dhcp_state                               0x200001f8   Data           1  dhcp.o(.data)
    dhcp_retry_count                         0x200001f9   Data           1  dhcp.o(.data)
    DHCP_SOCKET                              0x200001fa   Data           1  dhcp.o(.data)
    OLD_allocated_ip                         0x200001fb   Data           4  dhcp.o(.data)
    DHCP_allocated_ip                        0x200001ff   Data           4  dhcp.o(.data)
    DHCP_allocated_gw                        0x20000203   Data           4  dhcp.o(.data)
    DHCP_allocated_sn                        0x20000207   Data           4  dhcp.o(.data)
    DHCP_allocated_dns                       0x2000020b   Data           4  dhcp.o(.data)
    dhcp_lease_time                          0x20000210   Data           4  dhcp.o(.data)
    dhcp_tick_1s                             0x20000214   Data           4  dhcp.o(.data)
    dhcp_tick_next                           0x20000218   Data           4  dhcp.o(.data)
    dhcp_ip_assign                           0x2000021c   Data           4  dhcp.o(.data)
    dhcp_ip_update                           0x20000220   Data           4  dhcp.o(.data)
    dhcp_ip_conflict                         0x20000224   Data           4  dhcp.o(.data)
    DHCP_SIP                                 0x20000228   Data           4  dhcp.o(.data)
    DHCP_REAL_SIP                            0x2000022c   Data           4  dhcp.o(.data)
    DHCP_XID                                 0x20000230   Data           4  dhcp.o(.data)
    pDHCPMSG                                 0x20000234   Data           4  dhcp.o(.data)
    DHCP_CHADDR                              0x20000238   Data           6  dhcp.o(.data)
    HOST_NAME                                0x2000023e   Data           8  dhcp.o(.data)
    __stdout                                 0x20000274   Data           4  stdout.o(.data)
    __microlib_freelist                      0x2000027c   Data           4  mvars.o(.data)
    __microlib_freelist_initialised          0x20000280   Data           4  mvars.o(.data)
    hadc1                                    0x20000284   Data          48  main.o(.bss)
    hi2c1                                    0x200002b4   Data          84  main.o(.bss)
    hspi1                                    0x20000308   Data          88  main.o(.bss)
    huart3                                   0x20000360   Data          64  main.o(.bss)
    hUsbDeviceFS                             0x200003a0   Data         708  usb_device.o(.bss)
    hpcd_USB_FS                              0x20000884   Data         748  usbd_conf.o(.bss)
    USBD_StrDesc                             0x20000b70   Data         512  usbd_desc.o(.bss)
    UserRxBufferFS                           0x20000d70   Data        1000  usbd_cdc_if.o(.bss)
    UserTxBufferFS                           0x20001158   Data        1000  usbd_cdc_if.o(.bss)
    dhcp_buffer                              0x20001540   Data        1024  ethernet_clp.o(.bss)
    dns_buffer                               0x20001940   Data        1024  ethernet_clp.o(.bss)
    request_ssl                              0x20001d50   Data        2048  ethernet_ssl.o(.bss)
    __heap_base                              0x20004b78   Data           0  startup_stm32f103xe.o(HEAP)
    __heap_limit                             0x20004d78   Data           0  startup_stm32f103xe.o(HEAP)
    __initial_sp                             0x20005178   Data           0  startup_stm32f103xe.o(STACK)



==============================================================================

Memory Map of the image

  Image Entry point : 0x08000131

  Load Region LR_IROM1 (Base: 0x08000000, Size: 0x00018714, Max: 0x00040000, ABSOLUTE, COMPRESSED[0x000185a4])

    Execution Region ER_IROM1 (Exec base: 0x08000000, Load base: 0x08000000, Size: 0x00018490, Max: 0x00040000, ABSOLUTE)

    Exec Addr    Load Addr    Size         Type   Attr      Idx    E Section Name        Object

    0x08000000   0x08000000   0x00000130   Data   RO            3    RESET               startup_stm32f103xe.o
    0x08000130   0x08000130   0x00000000   Code   RO         8182  * .ARM.Collect$$$$00000000  mc_w.l(entry.o)
    0x08000130   0x08000130   0x00000004   Code   RO         8508    .ARM.Collect$$$$00000001  mc_w.l(entry2.o)
    0x08000134   0x08000134   0x00000004   Code   RO         8511    .ARM.Collect$$$$00000004  mc_w.l(entry5.o)
    0x08000138   0x08000138   0x00000000   Code   RO         8513    .ARM.Collect$$$$00000008  mc_w.l(entry7b.o)
    0x08000138   0x08000138   0x00000000   Code   RO         8515    .ARM.Collect$$$$0000000A  mc_w.l(entry8b.o)
    0x08000138   0x08000138   0x00000008   Code   RO         8516    .ARM.Collect$$$$0000000B  mc_w.l(entry9a.o)
    0x08000140   0x08000140   0x00000004   Code   RO         8523    .ARM.Collect$$$$0000000E  mc_w.l(entry12b.o)
    0x08000144   0x08000144   0x00000000   Code   RO         8518    .ARM.Collect$$$$0000000F  mc_w.l(entry10a.o)
    0x08000144   0x08000144   0x00000000   Code   RO         8520    .ARM.Collect$$$$00000011  mc_w.l(entry11a.o)
    0x08000144   0x08000144   0x00000004   Code   RO         8509    .ARM.Collect$$$$00002712  mc_w.l(entry2.o)
    0x08000148   0x08000148   0x00000024   Code   RO            4    .text               startup_stm32f103xe.o
    0x0800016c   0x0800016c   0x00000062   Code   RO         8186    .text               mc_w.l(uldiv.o)
    0x080001ce   0x080001ce   0x00000020   Code   RO         8188    .text               mc_w.l(llushr.o)
    0x080001ee   0x080001ee   0x00000002   PAD
    0x080001f0   0x080001f0   0x00000024   Code   RO         8190    .text               mc_w.l(rand.o)
    0x08000214   0x08000214   0x00000040   Code   RO         8195    .text               mc_w.l(memmovea.o)
    0x08000254   0x08000254   0x00000024   Code   RO         8197    .text               mc_w.l(memseta.o)
    0x08000278   0x08000278   0x00000024   Code   RO         8199    .text               mc_w.l(strstr.o)
    0x0800029c   0x0800029c   0x00000018   Code   RO         8201    .text               mc_w.l(strncpy.o)
    0x080002b4   0x080002b4   0x00000014   Code   RO         8203    .text               mc_w.l(strchr.o)
    0x080002c8   0x080002c8   0x0000000e   Code   RO         8205    .text               mc_w.l(strlen.o)
    0x080002d6   0x080002d6   0x0000001a   Code   RO         8209    .text               mc_w.l(memcmp.o)
    0x080002f0   0x080002f0   0x00000012   Code   RO         8211    .text               mc_w.l(strcpy.o)
    0x08000302   0x08000302   0x0000001c   Code   RO         8506    .text               mc_w.l(calloc.o)
    0x0800031e   0x0800031e   0x0000002c   Code   RO         8526    .text               mc_w.l(uidiv.o)
    0x0800034a   0x0800034a   0x0000001e   Code   RO         8528    .text               mc_w.l(llshl.o)
    0x08000368   0x08000368   0x00000000   Code   RO         8532    .text               mc_w.l(iusefp.o)
    0x08000368   0x08000368   0x0000014e   Code   RO         8533    .text               mf_w.l(dadd.o)
    0x080004b6   0x080004b6   0x000000e4   Code   RO         8535    .text               mf_w.l(dmul.o)
    0x0800059a   0x0800059a   0x000000de   Code   RO         8537    .text               mf_w.l(ddiv.o)
    0x08000678   0x08000678   0x00000030   Code   RO         8539    .text               mf_w.l(dfixul.o)
    0x080006a8   0x080006a8   0x00000030   Code   RO         8541    .text               mf_w.l(cdrcmple.o)
    0x080006d8   0x080006d8   0x00000024   Code   RO         8543    .text               mc_w.l(init.o)
    0x080006fc   0x080006fc   0x00000024   Code   RO         8546    .text               mc_w.l(llsshr.o)
    0x08000720   0x08000720   0x000000ba   Code   RO         8549    .text               mf_w.l(depilogue.o)
    0x080007da   0x080007da   0x00000056   Code   RO         8559    .text               mc_w.l(__dczerorl2.o)
    0x08000830   0x08000830   0x0000004c   Code   RO         2399    i.ADC_ConversionStop_Disable  stm32f1xx_hal_adc.o
    0x0800087c   0x0800087c   0x00000002   Code   RO          605    i.BusFault_Handler  stm32f1xx_it.o
    0x0800087e   0x0800087e   0x00000004   Code   RO          553    i.CDC_Control_FS    usbd_cdc_if.o
    0x08000882   0x08000882   0x00000004   Code   RO          554    i.CDC_DeInit_FS     usbd_cdc_if.o
    0x08000886   0x08000886   0x00000002   PAD
    0x08000888   0x08000888   0x00000024   Code   RO          555    i.CDC_Init_FS       usbd_cdc_if.o
    0x080008ac   0x080008ac   0x00000018   Code   RO          556    i.CDC_Receive_FS    usbd_cdc_if.o
    0x080008c4   0x080008c4   0x0000002c   Code   RO          557    i.CDC_Transmit_FS   usbd_cdc_if.o
    0x080008f0   0x080008f0   0x00000050   Code   RO          797    i.Callback_IPAssigned  ethernet_clp.o
    0x08000940   0x08000940   0x00000024   Code   RO          798    i.Callback_IPConflict  ethernet_clp.o
    0x08000964   0x08000964   0x00000098   Code   RO         4783    i.DHCP_init         dhcp.o
    0x080009fc   0x080009fc   0x00000124   Code   RO         4784    i.DHCP_run          dhcp.o
    0x08000b20   0x08000b20   0x00000014   Code   RO         4704    i.DNS_init          dns.o
    0x08000b34   0x08000b34   0x00000098   Code   RO         4705    i.DNS_run           dns.o
    0x08000bcc   0x08000bcc   0x00000002   Code   RO          606    i.DebugMon_Handler  stm32f1xx_it.o
    0x08000bce   0x08000bce   0x00000002   PAD
    0x08000bd0   0x08000bd0   0x00000060   Code   RO          799    i.Delay_debug       ethernet_clp.o
    0x08000c30   0x08000c30   0x00000004   Code   RO           13    i.Error_Handler     main.o
    0x08000c34   0x08000c34   0x000000fc   Code   RO         2405    i.HAL_ADC_ConfigChannel  stm32f1xx_hal_adc.o
    0x08000d30   0x08000d30   0x00000120   Code   RO         2414    i.HAL_ADC_Init      stm32f1xx_hal_adc.o
    0x08000e50   0x08000e50   0x00000058   Code   RO          688    i.HAL_ADC_MspInit   stm32f1xx_hal_msp.o
    0x08000ea8   0x08000ea8   0x00000024   Code   RO         1431    i.HAL_Delay         stm32f1xx_hal.o
    0x08000ecc   0x08000ecc   0x000001f8   Code   RO         1739    i.HAL_GPIO_Init     stm32f1xx_hal_gpio.o
    0x080010c4   0x080010c4   0x00000010   Code   RO         1742    i.HAL_GPIO_TogglePin  stm32f1xx_hal_gpio.o
    0x080010d4   0x080010d4   0x0000000a   Code   RO         1743    i.HAL_GPIO_WritePin  stm32f1xx_hal_gpio.o
    0x080010de   0x080010de   0x00000002   PAD
    0x080010e0   0x080010e0   0x0000000c   Code   RO         1435    i.HAL_GetTick       stm32f1xx_hal.o
    0x080010ec   0x080010ec   0x00000188   Code   RO         2686    i.HAL_I2C_Init      stm32f1xx_hal_i2c.o
    0x08001274   0x08001274   0x00000070   Code   RO          690    i.HAL_I2C_MspInit   stm32f1xx_hal_msp.o
    0x080012e4   0x080012e4   0x00000010   Code   RO         1441    i.HAL_IncTick       stm32f1xx_hal.o
    0x080012f4   0x080012f4   0x00000024   Code   RO         1442    i.HAL_Init          stm32f1xx_hal.o
    0x08001318   0x08001318   0x00000040   Code   RO         1443    i.HAL_InitTick      stm32f1xx_hal.o
    0x08001358   0x08001358   0x0000003c   Code   RO          691    i.HAL_MspInit       stm32f1xx_hal_msp.o
    0x08001394   0x08001394   0x0000001a   Code   RO         1899    i.HAL_NVIC_EnableIRQ  stm32f1xx_hal_cortex.o
    0x080013ae   0x080013ae   0x00000002   PAD
    0x080013b0   0x080013b0   0x00000040   Code   RO         1905    i.HAL_NVIC_SetPriority  stm32f1xx_hal_cortex.o
    0x080013f0   0x080013f0   0x00000024   Code   RO         1906    i.HAL_NVIC_SetPriorityGrouping  stm32f1xx_hal_cortex.o
    0x08001414   0x08001414   0x0000003c   Code   RO         1204    i.HAL_PCDEx_PMAConfig  stm32f1xx_hal_pcd_ex.o
    0x08001450   0x08001450   0x00000002   Code   RO          255    i.HAL_PCDEx_SetConnectionState  usbd_conf.o
    0x08001452   0x08001452   0x00000012   Code   RO          257    i.HAL_PCD_DataInStageCallback  usbd_conf.o
    0x08001464   0x08001464   0x00000014   Code   RO          258    i.HAL_PCD_DataOutStageCallback  usbd_conf.o
    0x08001478   0x08001478   0x0000004c   Code   RO          980    i.HAL_PCD_EP_Close  stm32f1xx_hal_pcd.o
    0x080014c4   0x080014c4   0x0000005c   Code   RO          981    i.HAL_PCD_EP_ClrStall  stm32f1xx_hal_pcd.o
    0x08001520   0x08001520   0x000000e6   Code   RO          982    i.HAL_PCD_EP_DB_Receive  stm32f1xx_hal_pcd.o
    0x08001606   0x08001606   0x00000220   Code   RO          983    i.HAL_PCD_EP_DB_Transmit  stm32f1xx_hal_pcd.o
    0x08001826   0x08001826   0x00000012   Code   RO          985    i.HAL_PCD_EP_GetRxCount  stm32f1xx_hal_pcd.o
    0x08001838   0x08001838   0x00000060   Code   RO          986    i.HAL_PCD_EP_Open   stm32f1xx_hal_pcd.o
    0x08001898   0x08001898   0x00000032   Code   RO          987    i.HAL_PCD_EP_Receive  stm32f1xx_hal_pcd.o
    0x080018ca   0x080018ca   0x00000072   Code   RO          988    i.HAL_PCD_EP_SetStall  stm32f1xx_hal_pcd.o
    0x0800193c   0x0800193c   0x00000034   Code   RO          989    i.HAL_PCD_EP_Transmit  stm32f1xx_hal_pcd.o
    0x08001970   0x08001970   0x00000154   Code   RO          991    i.HAL_PCD_IRQHandler  stm32f1xx_hal_pcd.o
    0x08001ac4   0x08001ac4   0x000000da   Code   RO          994    i.HAL_PCD_Init      stm32f1xx_hal_pcd.o
    0x08001b9e   0x08001b9e   0x00000002   PAD
    0x08001ba0   0x08001ba0   0x0000003c   Code   RO          263    i.HAL_PCD_MspInit   usbd_conf.o
    0x08001bdc   0x08001bdc   0x00000026   Code   RO          264    i.HAL_PCD_ResetCallback  usbd_conf.o
    0x08001c02   0x08001c02   0x00000008   Code   RO          265    i.HAL_PCD_ResumeCallback  usbd_conf.o
    0x08001c0a   0x08001c0a   0x00000008   Code   RO          266    i.HAL_PCD_SOFCallback  usbd_conf.o
    0x08001c12   0x08001c12   0x00000028   Code   RO         1000    i.HAL_PCD_SetAddress  stm32f1xx_hal_pcd.o
    0x08001c3a   0x08001c3a   0x0000000e   Code   RO          267    i.HAL_PCD_SetupStageCallback  usbd_conf.o
    0x08001c48   0x08001c48   0x00000032   Code   RO         1002    i.HAL_PCD_Start     stm32f1xx_hal_pcd.o
    0x08001c7a   0x08001c7a   0x00000002   PAD
    0x08001c7c   0x08001c7c   0x00000024   Code   RO          268    i.HAL_PCD_SuspendCallback  usbd_conf.o
    0x08001ca0   0x08001ca0   0x000000ec   Code   RO         1702    i.HAL_RCCEx_PeriphCLKConfig  stm32f1xx_hal_rcc_ex.o
    0x08001d8c   0x08001d8c   0x0000012c   Code   RO         1599    i.HAL_RCC_ClockConfig  stm32f1xx_hal_rcc.o
    0x08001eb8   0x08001eb8   0x00000020   Code   RO         1606    i.HAL_RCC_GetPCLK1Freq  stm32f1xx_hal_rcc.o
    0x08001ed8   0x08001ed8   0x00000020   Code   RO         1607    i.HAL_RCC_GetPCLK2Freq  stm32f1xx_hal_rcc.o
    0x08001ef8   0x08001ef8   0x0000006c   Code   RO         1608    i.HAL_RCC_GetSysClockFreq  stm32f1xx_hal_rcc.o
    0x08001f64   0x08001f64   0x00000320   Code   RO         1611    i.HAL_RCC_OscConfig  stm32f1xx_hal_rcc.o
    0x08002284   0x08002284   0x000000b2   Code   RO         3113    i.HAL_SPI_Init      stm32f1xx_hal_spi.o
    0x08002336   0x08002336   0x00000002   PAD
    0x08002338   0x08002338   0x00000070   Code   RO          693    i.HAL_SPI_MspInit   stm32f1xx_hal_msp.o
    0x080023a8   0x080023a8   0x0000015a   Code   RO         3116    i.HAL_SPI_Receive   stm32f1xx_hal_spi.o
    0x08002502   0x08002502   0x00000166   Code   RO         3121    i.HAL_SPI_Transmit  stm32f1xx_hal_spi.o
    0x08002668   0x08002668   0x000001e2   Code   RO         3122    i.HAL_SPI_TransmitReceive  stm32f1xx_hal_spi.o
    0x0800284a   0x0800284a   0x00000028   Code   RO         1910    i.HAL_SYSTICK_Config  stm32f1xx_hal_cortex.o
    0x08002872   0x08002872   0x00000062   Code   RO         3485    i.HAL_UART_Init     stm32f1xx_hal_uart.o
    0x080028d4   0x080028d4   0x00000070   Code   RO          695    i.HAL_UART_MspInit  stm32f1xx_hal_msp.o
    0x08002944   0x08002944   0x00000002   Code   RO          607    i.HardFault_Handler  stm32f1xx_it.o
    0x08002946   0x08002946   0x00000002   PAD
    0x08002948   0x08002948   0x00000038   Code   RO          467    i.IntToUnicode      usbd_desc.o
    0x08002980   0x08002980   0x0000004c   Code   RO           14    i.MX_ADC1_Init      main.o
    0x080029cc   0x080029cc   0x000000f8   Code   RO           15    i.MX_GPIO_Init      main.o
    0x08002ac4   0x08002ac4   0x00000044   Code   RO           16    i.MX_SPI1_Init      main.o
    0x08002b08   0x08002b08   0x00000054   Code   RO          203    i.MX_USB_DEVICE_Init  usb_device.o
    0x08002b5c   0x08002b5c   0x00000002   Code   RO          608    i.MemManage_Handler  stm32f1xx_it.o
    0x08002b5e   0x08002b5e   0x00000002   Code   RO          609    i.NMI_Handler       stm32f1xx_it.o
    0x08002b60   0x08002b60   0x00000010   Code   RO         4787    i.NibbleToHex       dhcp.o
    0x08002b70   0x08002b70   0x000002fc   Code   RO         1006    i.PCD_EP_ISR_Handler  stm32f1xx_hal_pcd.o
    0x08002e6c   0x08002e6c   0x00000002   Code   RO          610    i.PendSV_Handler    stm32f1xx_it.o
    0x08002e6e   0x08002e6e   0x0000005c   Code   RO         3150    i.SPI_EndRxTransaction  stm32f1xx_hal_spi.o
    0x08002eca   0x08002eca   0x00000020   Code   RO         3151    i.SPI_EndRxTxTransaction  stm32f1xx_hal_spi.o
    0x08002eea   0x08002eea   0x00000002   PAD
    0x08002eec   0x08002eec   0x000000b8   Code   RO         3156    i.SPI_WaitFlagStateUntilTimeout  stm32f1xx_hal_spi.o
    0x08002fa4   0x08002fa4   0x0000003a   Code   RO         4923    i.SSLRandomCB       ssl_random.o
    0x08002fde   0x08002fde   0x00000002   Code   RO          611    i.SVC_Handler       stm32f1xx_it.o
    0x08002fe0   0x08002fe0   0x00000004   Code   RO          612    i.SysTick_Handler   stm32f1xx_it.o
    0x08002fe4   0x08002fe4   0x0000007e   Code   RO           17    i.SystemClock_Config  main.o
    0x08003062   0x08003062   0x00000002   Code   RO         3782    i.SystemInit        system_stm32f1xx.o
    0x08003064   0x08003064   0x00000034   Code   RO         4580    i.UART_Printf       uart_usb.o
    0x08003098   0x08003098   0x000000b8   Code   RO         3511    i.UART_SetConfig    stm32f1xx_hal_uart.o
    0x08003150   0x08003150   0x00000046   Code   RO         4082    i.USBD_CDC_DataIn   usbd_cdc.o
    0x08003196   0x08003196   0x0000002e   Code   RO         4083    i.USBD_CDC_DataOut  usbd_cdc.o
    0x080031c4   0x080031c4   0x00000044   Code   RO         4084    i.USBD_CDC_DeInit   usbd_cdc.o
    0x08003208   0x08003208   0x00000024   Code   RO         4085    i.USBD_CDC_EP0_RxReady  usbd_cdc.o
    0x0800322c   0x0800322c   0x0000000c   Code   RO         4086    i.USBD_CDC_GetDeviceQualifierDescriptor  usbd_cdc.o
    0x08003238   0x08003238   0x0000000c   Code   RO         4087    i.USBD_CDC_GetFSCfgDesc  usbd_cdc.o
    0x08003244   0x08003244   0x0000000c   Code   RO         4088    i.USBD_CDC_GetHSCfgDesc  usbd_cdc.o
    0x08003250   0x08003250   0x0000000c   Code   RO         4089    i.USBD_CDC_GetOtherSpeedCfgDesc  usbd_cdc.o
    0x0800325c   0x0800325c   0x00000094   Code   RO         4090    i.USBD_CDC_Init     usbd_cdc.o
    0x080032f0   0x080032f0   0x00000028   Code   RO         4091    i.USBD_CDC_ReceivePacket  usbd_cdc.o
    0x08003318   0x08003318   0x00000010   Code   RO         4092    i.USBD_CDC_RegisterInterface  usbd_cdc.o
    0x08003328   0x08003328   0x0000000c   Code   RO         4093    i.USBD_CDC_SetRxBuffer  usbd_cdc.o
    0x08003334   0x08003334   0x00000010   Code   RO         4094    i.USBD_CDC_SetTxBuffer  usbd_cdc.o
    0x08003344   0x08003344   0x000000ac   Code   RO         4095    i.USBD_CDC_Setup    usbd_cdc.o
    0x080033f0   0x080033f0   0x00000036   Code   RO         4096    i.USBD_CDC_TransmitPacket  usbd_cdc.o
    0x08003426   0x08003426   0x0000000e   Code   RO         3819    i.USBD_ClrClassConfig  usbd_core.o
    0x08003434   0x08003434   0x00000010   Code   RO         4022    i.USBD_CtlContinueRx  usbd_ioreq.o
    0x08003444   0x08003444   0x00000010   Code   RO         4023    i.USBD_CtlContinueSendData  usbd_ioreq.o
    0x08003454   0x08003454   0x00000016   Code   RO         3957    i.USBD_CtlError     usbd_ctlreq.o
    0x0800346a   0x0800346a   0x0000001e   Code   RO         4024    i.USBD_CtlPrepareRx  usbd_ioreq.o
    0x08003488   0x08003488   0x00000016   Code   RO         4025    i.USBD_CtlReceiveStatus  usbd_ioreq.o
    0x0800349e   0x0800349e   0x0000001a   Code   RO         4026    i.USBD_CtlSendData  usbd_ioreq.o
    0x080034b8   0x080034b8   0x00000016   Code   RO         4027    i.USBD_CtlSendStatus  usbd_ioreq.o
    0x080034ce   0x080034ce   0x00000002   PAD
    0x080034d0   0x080034d0   0x00000020   Code   RO          468    i.USBD_FS_ConfigStrDescriptor  usbd_desc.o
    0x080034f0   0x080034f0   0x0000000c   Code   RO          469    i.USBD_FS_DeviceDescriptor  usbd_desc.o
    0x080034fc   0x080034fc   0x00000024   Code   RO          470    i.USBD_FS_InterfaceStrDescriptor  usbd_desc.o
    0x08003520   0x08003520   0x0000000c   Code   RO          471    i.USBD_FS_LangIDStrDescriptor  usbd_desc.o
    0x0800352c   0x0800352c   0x00000028   Code   RO          472    i.USBD_FS_ManufacturerStrDescriptor  usbd_desc.o
    0x08003554   0x08003554   0x0000002c   Code   RO          473    i.USBD_FS_ProductStrDescriptor  usbd_desc.o
    0x08003580   0x08003580   0x00000038   Code   RO          474    i.USBD_FS_SerialStrDescriptor  usbd_desc.o
    0x080035b8   0x080035b8   0x000000e8   Code   RO         3958    i.USBD_GetDescriptor  usbd_ctlreq.o
    0x080036a0   0x080036a0   0x00000048   Code   RO         3959    i.USBD_GetString    usbd_ctlreq.o
    0x080036e8   0x080036e8   0x00000018   Code   RO          269    i.USBD_Get_USB_Status  usbd_conf.o
    0x08003700   0x08003700   0x0000002a   Code   RO         3821    i.USBD_Init         usbd_core.o
    0x0800372a   0x0800372a   0x00000012   Code   RO          270    i.USBD_LL_ClearStallEP  usbd_conf.o
    0x0800373c   0x0800373c   0x00000012   Code   RO          271    i.USBD_LL_CloseEP   usbd_conf.o
    0x0800374e   0x0800374e   0x000000c6   Code   RO         3822    i.USBD_LL_DataInStage  usbd_core.o
    0x08003814   0x08003814   0x00000082   Code   RO         3823    i.USBD_LL_DataOutStage  usbd_core.o
    0x08003896   0x08003896   0x00000008   Code   RO          275    i.USBD_LL_GetRxDataSize  usbd_conf.o
    0x0800389e   0x0800389e   0x00000002   PAD
    0x080038a0   0x080038a0   0x00000080   Code   RO          276    i.USBD_LL_Init      usbd_conf.o
    0x08003920   0x08003920   0x00000020   Code   RO          277    i.USBD_LL_IsStallEP  usbd_conf.o
    0x08003940   0x08003940   0x00000018   Code   RO          278    i.USBD_LL_OpenEP    usbd_conf.o
    0x08003958   0x08003958   0x00000012   Code   RO          279    i.USBD_LL_PrepareReceive  usbd_conf.o
    0x0800396a   0x0800396a   0x00000050   Code   RO         3828    i.USBD_LL_Reset     usbd_core.o
    0x080039ba   0x080039ba   0x00000014   Code   RO         3829    i.USBD_LL_Resume    usbd_core.o
    0x080039ce   0x080039ce   0x00000018   Code   RO         3830    i.USBD_LL_SOF       usbd_core.o
    0x080039e6   0x080039e6   0x00000006   Code   RO         3831    i.USBD_LL_SetSpeed  usbd_core.o
    0x080039ec   0x080039ec   0x00000012   Code   RO          280    i.USBD_LL_SetUSBAddress  usbd_conf.o
    0x080039fe   0x080039fe   0x0000005a   Code   RO         3832    i.USBD_LL_SetupStage  usbd_core.o
    0x08003a58   0x08003a58   0x00000012   Code   RO          281    i.USBD_LL_StallEP   usbd_conf.o
    0x08003a6a   0x08003a6a   0x00000012   Code   RO          282    i.USBD_LL_Start     usbd_conf.o
    0x08003a7c   0x08003a7c   0x00000012   Code   RO         3833    i.USBD_LL_Suspend   usbd_core.o
    0x08003a8e   0x08003a8e   0x00000012   Code   RO          284    i.USBD_LL_Transmit  usbd_conf.o
    0x08003aa0   0x08003aa0   0x00000028   Code   RO         3960    i.USBD_ParseSetupRequest  usbd_ctlreq.o
    0x08003ac8   0x08003ac8   0x00000010   Code   RO         3834    i.USBD_RegisterClass  usbd_core.o
    0x08003ad8   0x08003ad8   0x00000016   Code   RO         3836    i.USBD_SetClassConfig  usbd_core.o
    0x08003aee   0x08003aee   0x00000002   PAD
    0x08003af0   0x08003af0   0x00000084   Code   RO         3961    i.USBD_SetConfig    usbd_ctlreq.o
    0x08003b74   0x08003b74   0x0000000a   Code   RO         3837    i.USBD_Start        usbd_core.o
    0x08003b7e   0x08003b7e   0x00000112   Code   RO         3962    i.USBD_StdDevReq    usbd_ctlreq.o
    0x08003c90   0x08003c90   0x00000150   Code   RO         3963    i.USBD_StdEPReq     usbd_ctlreq.o
    0x08003de0   0x08003de0   0x0000004e   Code   RO         3964    i.USBD_StdItfReq    usbd_ctlreq.o
    0x08003e2e   0x08003e2e   0x00000002   Code   RO          285    i.USBD_static_free  usbd_conf.o
    0x08003e30   0x08003e30   0x00000008   Code   RO          286    i.USBD_static_malloc  usbd_conf.o
    0x08003e38   0x08003e38   0x00000258   Code   RO         1244    i.USB_ActivateEndpoint  stm32f1xx_ll_usb.o
    0x08004090   0x08004090   0x00000004   Code   RO         1247    i.USB_CoreInit      stm32f1xx_ll_usb.o
    0x08004094   0x08004094   0x0000010e   Code   RO         1249    i.USB_DeactivateEndpoint  stm32f1xx_ll_usb.o
    0x080041a2   0x080041a2   0x00000004   Code   RO         1250    i.USB_DevConnect    stm32f1xx_ll_usb.o
    0x080041a6   0x080041a6   0x00000004   Code   RO         1251    i.USB_DevDisconnect  stm32f1xx_ll_usb.o
    0x080041aa   0x080041aa   0x00000012   Code   RO         1252    i.USB_DevInit       stm32f1xx_ll_usb.o
    0x080041bc   0x080041bc   0x0000000e   Code   RO         1253    i.USB_DisableGlobalInt  stm32f1xx_ll_usb.o
    0x080041ca   0x080041ca   0x00000004   Code   RO         1254    i.USB_EP0_OutStart  stm32f1xx_ll_usb.o
    0x080041ce   0x080041ce   0x00000078   Code   RO         1255    i.USB_EPClearStall  stm32f1xx_ll_usb.o
    0x08004246   0x08004246   0x00000032   Code   RO         1256    i.USB_EPSetStall    stm32f1xx_ll_usb.o
    0x08004278   0x08004278   0x000004ce   Code   RO         1257    i.USB_EPStartXfer   stm32f1xx_ll_usb.o
    0x08004746   0x08004746   0x00000012   Code   RO         1258    i.USB_EnableGlobalInt  stm32f1xx_ll_usb.o
    0x08004758   0x08004758   0x0000000c   Code   RO          613    i.USB_LP_CAN1_RX0_IRQHandler  stm32f1xx_it.o
    0x08004764   0x08004764   0x00000006   Code   RO         1265    i.USB_ReadInterrupts  stm32f1xx_ll_usb.o
    0x0800476a   0x0800476a   0x00000002   PAD
    0x0800476c   0x0800476c   0x0000002c   Code   RO         1266    i.USB_ReadPMA       stm32f1xx_ll_usb.o
    0x08004798   0x08004798   0x00000004   Code   RO         1267    i.USB_SetCurrentMode  stm32f1xx_ll_usb.o
    0x0800479c   0x0800479c   0x0000000c   Code   RO         1268    i.USB_SetDevAddress  stm32f1xx_ll_usb.o
    0x080047a8   0x080047a8   0x00000026   Code   RO         1270    i.USB_WritePMA      stm32f1xx_ll_usb.o
    0x080047ce   0x080047ce   0x00000002   Code   RO          614    i.UsageFault_Handler  stm32f1xx_it.o
    0x080047d0   0x080047d0   0x00000014   Code   RO          802    i.W5500_ReadBuff    ethernet_clp.o
    0x080047e4   0x080047e4   0x00000014   Code   RO          803    i.W5500_WriteBuff   ethernet_clp.o
    0x080047f8   0x080047f8   0x00000058   Code   RO         4514    i.WIZCHIP_READ      w5500.o
    0x08004850   0x08004850   0x00000074   Code   RO         4515    i.WIZCHIP_READ_BUF  w5500.o
    0x080048c4   0x080048c4   0x00000060   Code   RO         4516    i.WIZCHIP_WRITE     w5500.o
    0x08004924   0x08004924   0x00000070   Code   RO         4517    i.WIZCHIP_WRITE_BUF  w5500.o
    0x08004994   0x08004994   0x00000018   Code   RO         4946    i.WIZnetDebugCB     sslinterface.o
    0x080049ac   0x080049ac   0x00000008   Code   RO         4947    i.WIZnetRecv        sslinterface.o
    0x080049b4   0x080049b4   0x00000002   Code   RO         4948    i.WIZnetSend        sslinterface.o
    0x080049b6   0x080049b6   0x00000002   PAD
    0x080049b8   0x080049b8   0x00000034   Code   RO         8451    i.__0snprintf       mc_w.l(printfa.o)
    0x080049ec   0x080049ec   0x00000034   Code   RO         8455    i.__0vsnprintf      mc_w.l(printfa.o)
    0x08004a20   0x08004a20   0x00000020   Code   RO         1912    i.__NVIC_SetPriority  stm32f1xx_hal_cortex.o
    0x08004a40   0x08004a40   0x0000000e   Code   RO         8553    i.__scatterload_copy  mc_w.l(handlers.o)
    0x08004a4e   0x08004a4e   0x00000002   Code   RO         8554    i.__scatterload_null  mc_w.l(handlers.o)
    0x08004a50   0x08004a50   0x0000000e   Code   RO         8555    i.__scatterload_zeroinit  mc_w.l(handlers.o)
    0x08004a5e   0x08004a5e   0x00000002   PAD
    0x08004a60   0x08004a60   0x00000184   Code   RO         8457    i._fp_digits        mc_w.l(printfa.o)
    0x08004be4   0x08004be4   0x000006b4   Code   RO         8458    i._printf_core      mc_w.l(printfa.o)
    0x08005298   0x08005298   0x00000024   Code   RO         8459    i._printf_post_padding  mc_w.l(printfa.o)
    0x080052bc   0x080052bc   0x0000002e   Code   RO         8460    i._printf_pre_padding  mc_w.l(printfa.o)
    0x080052ea   0x080052ea   0x00000016   Code   RO         8461    i._snputc           mc_w.l(printfa.o)
    0x08005300   0x08005300   0x00000010   Code   RO         5768    i.aes_crypt_cbc_wrap  cipher_wrap.o
    0x08005310   0x08005310   0x00000004   Code   RO         5769    i.aes_crypt_ecb_wrap  cipher_wrap.o
    0x08005314   0x08005314   0x0000001c   Code   RO         5770    i.aes_ctx_alloc     cipher_wrap.o
    0x08005330   0x08005330   0x00000012   Code   RO         5771    i.aes_ctx_free      cipher_wrap.o
    0x08005342   0x08005342   0x00000002   PAD
    0x08005344   0x08005344   0x000001b4   Code   RO         5022    i.aes_gen_tables    aes.o
    0x080054f8   0x080054f8   0x00000004   Code   RO         5772    i.aes_setkey_dec_wrap  cipher_wrap.o
    0x080054fc   0x080054fc   0x00000004   Code   RO         5773    i.aes_setkey_enc_wrap  cipher_wrap.o
    0x08005500   0x08005500   0x00000068   Code   RO         4788    i.check_DHCP_leasedIP  dhcp.o
    0x08005568   0x08005568   0x00000070   Code   RO         4789    i.check_DHCP_timeout  dhcp.o
    0x080055d8   0x080055d8   0x00000028   Code   RO         4707    i.check_DNS_timeout  dns.o
    0x08005600   0x08005600   0x00000074   Code   RO         4213    i.close             socket.o
    0x08005674   0x08005674   0x00000108   Code   RO         4214    i.connect           socket.o
    0x0800577c   0x0800577c   0x000000dc   Code   RO          805    i.consulta_DNS      ethernet_clp.o
    0x08005858   0x08005858   0x00000010   Code   RO          806    i.cs_desel          ethernet_clp.o
    0x08005868   0x08005868   0x00000010   Code   RO          807    i.cs_sel            ethernet_clp.o
    0x08005878   0x08005878   0x000000c8   Code   RO         5926    i.debug_print_pk    debug.o
    0x08005940   0x08005940   0x00000010   Code   RO         5927    i.debug_send_line   debug.o
    0x08005950   0x08005950   0x00000030   Code   RO         4790    i.default_ip_assign  dhcp.o
    0x08005980   0x08005980   0x00000024   Code   RO         4791    i.default_ip_conflict  dhcp.o
    0x080059a4   0x080059a4   0x00000028   Code   RO         4792    i.default_ip_update  dhcp.o
    0x080059cc   0x080059cc   0x000000ae   Code   RO         4708    i.dns_answer        dns.o
    0x08005a7a   0x08005a7a   0x00000002   PAD
    0x08005a7c   0x08005a7c   0x000000b4   Code   RO         4709    i.dns_makequery     dns.o
    0x08005b30   0x08005b30   0x0000001e   Code   RO         4710    i.dns_question      dns.o
    0x08005b4e   0x08005b4e   0x00000002   PAD
    0x08005b50   0x08005b50   0x00000050   Code   RO         8478    i.free              mc_w.l(malloc.o)
    0x08005ba0   0x08005ba0   0x0000000c   Code   RO         4711    i.get16             dns.o
    0x08005bac   0x08005bac   0x0000000c   Code   RO         4793    i.getDHCPLeasetime  dhcp.o
    0x08005bb8   0x08005bb8   0x00000018   Code   RO         4794    i.getDNSfromDHCP    dhcp.o
    0x08005bd0   0x08005bd0   0x00000018   Code   RO         4795    i.getGWfromDHCP     dhcp.o
    0x08005be8   0x08005be8   0x00000018   Code   RO         4796    i.getIPfromDHCP     dhcp.o
    0x08005c00   0x08005c00   0x00000018   Code   RO         4797    i.getSNfromDHCP     dhcp.o
    0x08005c18   0x08005c18   0x0000004c   Code   RO         4518    i.getSn_RX_RSR      w5500.o
    0x08005c64   0x08005c64   0x0000004c   Code   RO         4519    i.getSn_TX_FSR      w5500.o
    0x08005cb0   0x08005cb0   0x00000014   Code   RO         5660    i.get_no_padding    cipher.o
    0x08005cc4   0x08005cc4   0x00000180   Code   RO          808    i.init_ethernet_dinamico  ethernet_clp.o
    0x08005e44   0x08005e44   0x000000a0   Code   RO         4611    i.init_ssl          ethernet_ssl.o
    0x08005ee4   0x08005ee4   0x000000a0   Code   RO           18    i.main              main.o
    0x08005f84   0x08005f84   0x000000d0   Code   RO         4798    i.makeDHCPMSG       dhcp.o
    0x08006054   0x08006054   0x0000006c   Code   RO         8479    i.malloc            mc_w.l(malloc.o)
    0x080060c0   0x080060c0   0x00000096   Code   RO         5023    i.mbedtls_aes_crypt_cbc  aes.o
    0x08006156   0x08006156   0x00000018   Code   RO         5024    i.mbedtls_aes_crypt_ecb  aes.o
    0x0800616e   0x0800616e   0x00000002   PAD
    0x08006170   0x08006170   0x00000016   Code   RO         5027    i.mbedtls_aes_free  aes.o
    0x08006186   0x08006186   0x00000008   Code   RO         5028    i.mbedtls_aes_init  aes.o
    0x0800618e   0x0800618e   0x00000002   PAD
    0x08006190   0x08006190   0x000000c8   Code   RO         5029    i.mbedtls_aes_setkey_dec  aes.o
    0x08006258   0x08006258   0x000001b4   Code   RO         5030    i.mbedtls_aes_setkey_enc  aes.o
    0x0800640c   0x0800640c   0x0000008a   Code   RO         5115    i.mbedtls_asn1_get_alg  asn1parse.o
    0x08006496   0x08006496   0x0000004e   Code   RO         5117    i.mbedtls_asn1_get_bitstring  asn1parse.o
    0x080064e4   0x080064e4   0x0000002c   Code   RO         5118    i.mbedtls_asn1_get_bitstring_null  asn1parse.o
    0x08006510   0x08006510   0x00000032   Code   RO         5119    i.mbedtls_asn1_get_bool  asn1parse.o
    0x08006542   0x08006542   0x0000004c   Code   RO         5120    i.mbedtls_asn1_get_int  asn1parse.o
    0x0800658e   0x0800658e   0x000000a2   Code   RO         5121    i.mbedtls_asn1_get_len  asn1parse.o
    0x08006630   0x08006630   0x0000007a   Code   RO         5123    i.mbedtls_asn1_get_sequence_of  asn1parse.o
    0x080066aa   0x080066aa   0x00000028   Code   RO         5124    i.mbedtls_asn1_get_tag  asn1parse.o
    0x080066d2   0x080066d2   0x00000002   PAD
    0x080066d4   0x080066d4   0x0000013c   Code   RO         5299    i.mbedtls_base64_decode  base64.o
    0x08006810   0x08006810   0x00000050   Code   RO         5661    i.mbedtls_cipher_crypt  cipher.o
    0x08006860   0x08006860   0x000000d8   Code   RO         5662    i.mbedtls_cipher_finish  cipher.o
    0x08006938   0x08006938   0x00000022   Code   RO         5663    i.mbedtls_cipher_free  cipher.o
    0x0800695a   0x0800695a   0x0000000e   Code   RO         5664    i.mbedtls_cipher_get_block_size  cipher.o
    0x08006968   0x08006968   0x0000000e   Code   RO         7283    i.mbedtls_cipher_get_cipher_mode  ssl_tls.o
    0x08006976   0x08006976   0x00000002   PAD
    0x08006978   0x08006978   0x00000020   Code   RO         5666    i.mbedtls_cipher_info_from_type  cipher.o
    0x08006998   0x08006998   0x00000006   Code   RO         5668    i.mbedtls_cipher_init  cipher.o
    0x0800699e   0x0800699e   0x00000002   PAD
    0x080069a0   0x080069a0   0x00000018   Code   RO         5670    i.mbedtls_cipher_reset  cipher.o
    0x080069b8   0x080069b8   0x00000040   Code   RO         5671    i.mbedtls_cipher_set_iv  cipher.o
    0x080069f8   0x080069f8   0x0000002c   Code   RO         5672    i.mbedtls_cipher_set_padding_mode  cipher.o
    0x08006a24   0x08006a24   0x00000048   Code   RO         5673    i.mbedtls_cipher_setkey  cipher.o
    0x08006a6c   0x08006a6c   0x00000038   Code   RO         5674    i.mbedtls_cipher_setup  cipher.o
    0x08006aa4   0x08006aa4   0x00000154   Code   RO         5675    i.mbedtls_cipher_update  cipher.o
    0x08006bf8   0x08006bf8   0x0000001e   Code   RO         5838    i.mbedtls_ctr_drbg_free  ctr_drbg.o
    0x08006c16   0x08006c16   0x00000008   Code   RO         5839    i.mbedtls_ctr_drbg_init  ctr_drbg.o
    0x08006c1e   0x08006c1e   0x00000002   PAD
    0x08006c20   0x08006c20   0x00000138   Code   RO         5928    i.mbedtls_debug_print_buf  debug.o
    0x08006d58   0x08006d58   0x00000100   Code   RO         5929    i.mbedtls_debug_print_crt  debug.o
    0x08006e58   0x08006e58   0x0000018c   Code   RO         5930    i.mbedtls_debug_print_mpi  debug.o
    0x08006fe4   0x08006fe4   0x0000005c   Code   RO         5931    i.mbedtls_debug_print_msg  debug.o
    0x08007040   0x08007040   0x00000074   Code   RO         5932    i.mbedtls_debug_print_ret  debug.o
    0x080070b4   0x080070b4   0x0000000c   Code   RO         5933    i.mbedtls_debug_set_threshold  debug.o
    0x080070c0   0x080070c0   0x000003f0   Code   RO         5031    i.mbedtls_internal_aes_decrypt  aes.o
    0x080074b0   0x080074b0   0x000003f0   Code   RO         5032    i.mbedtls_internal_aes_encrypt  aes.o
    0x080078a0   0x080078a0   0x0000083c   Code   RO         7046    i.mbedtls_internal_sha256_process  sha256.o
    0x080080dc   0x080080dc   0x00000020   Code   RO         6155    i.mbedtls_md        md.o
    0x080080fc   0x080080fc   0x00000036   Code   RO         6158    i.mbedtls_md_free   md.o
    0x08008132   0x08008132   0x00000008   Code   RO         6160    i.mbedtls_md_get_size  md.o
    0x0800813a   0x0800813a   0x00000002   PAD
    0x0800813c   0x0800813c   0x00000068   Code   RO         6163    i.mbedtls_md_hmac_finish  md.o
    0x080081a4   0x080081a4   0x00000030   Code   RO         6164    i.mbedtls_md_hmac_reset  md.o
    0x080081d4   0x080081d4   0x000000bc   Code   RO         6165    i.mbedtls_md_hmac_starts  md.o
    0x08008290   0x08008290   0x00000020   Code   RO         6166    i.mbedtls_md_hmac_update  md.o
    0x080082b0   0x080082b0   0x0000001c   Code   RO         6168    i.mbedtls_md_info_from_type  md.o
    0x080082cc   0x080082cc   0x0000000a   Code   RO         6169    i.mbedtls_md_init   md.o
    0x080082d6   0x080082d6   0x00000002   PAD
    0x080082d8   0x080082d8   0x00000014   Code   RO         6172    i.mbedtls_md_process  md.o
    0x080082ec   0x080082ec   0x00000044   Code   RO         6173    i.mbedtls_md_setup  md.o
    0x08008330   0x08008330   0x000000b6   Code   RO         5322    i.mbedtls_mpi_add_abs  bignum.o
    0x080083e6   0x080083e6   0x00000002   PAD
    0x080083e8   0x080083e8   0x00000030   Code   RO         5323    i.mbedtls_mpi_add_int  bignum.o
    0x08008418   0x08008418   0x0000004e   Code   RO         5324    i.mbedtls_mpi_add_mpi  bignum.o
    0x08008466   0x08008466   0x0000003e   Code   RO         5325    i.mbedtls_mpi_bitlen  bignum.o
    0x080084a4   0x080084a4   0x00000064   Code   RO         5326    i.mbedtls_mpi_cmp_abs  bignum.o
    0x08008508   0x08008508   0x00000030   Code   RO         5327    i.mbedtls_mpi_cmp_int  bignum.o
    0x08008538   0x08008538   0x0000008c   Code   RO         5328    i.mbedtls_mpi_cmp_mpi  bignum.o
    0x080085c4   0x080085c4   0x00000058   Code   RO         5329    i.mbedtls_mpi_copy  bignum.o
    0x0800861c   0x0800861c   0x0000031e   Code   RO         5331    i.mbedtls_mpi_div_mpi  bignum.o
    0x0800893a   0x0800893a   0x00000002   PAD
    0x0800893c   0x0800893c   0x00000478   Code   RO         5332    i.mbedtls_mpi_exp_mod  bignum.o
    0x08008db4   0x08008db4   0x0000003e   Code   RO         5333    i.mbedtls_mpi_fill_random  bignum.o
    0x08008df2   0x08008df2   0x00000022   Code   RO         5334    i.mbedtls_mpi_free  bignum.o
    0x08008e14   0x08008e14   0x00000100   Code   RO         5335    i.mbedtls_mpi_gcd   bignum.o
    0x08008f14   0x08008f14   0x00000020   Code   RO         5336    i.mbedtls_mpi_get_bit  bignum.o
    0x08008f34   0x08008f34   0x00000050   Code   RO         5337    i.mbedtls_mpi_grow  bignum.o
    0x08008f84   0x08008f84   0x00000010   Code   RO         5338    i.mbedtls_mpi_init  bignum.o
    0x08008f94   0x08008f94   0x00000268   Code   RO         5339    i.mbedtls_mpi_inv_mod  bignum.o
    0x080091fc   0x080091fc   0x0000002e   Code   RO         5340    i.mbedtls_mpi_lsb   bignum.o
    0x0800922a   0x0800922a   0x00000002   PAD
    0x0800922c   0x0800922c   0x0000003a   Code   RO         5341    i.mbedtls_mpi_lset  bignum.o
    0x08009266   0x08009266   0x00000062   Code   RO         5343    i.mbedtls_mpi_mod_mpi  bignum.o
    0x080092c8   0x080092c8   0x00000018   Code   RO         5344    i.mbedtls_mpi_mul_int  bignum.o
    0x080092e0   0x080092e0   0x000000c4   Code   RO         5345    i.mbedtls_mpi_mul_mpi  bignum.o
    0x080093a4   0x080093a4   0x00000070   Code   RO         5346    i.mbedtls_mpi_read_binary  bignum.o
    0x08009414   0x08009414   0x0000009e   Code   RO         5351    i.mbedtls_mpi_shift_l  bignum.o
    0x080094b2   0x080094b2   0x00000002   PAD
    0x080094b4   0x080094b4   0x00000082   Code   RO         5352    i.mbedtls_mpi_shift_r  bignum.o
    0x08009536   0x08009536   0x0000000c   Code   RO         5354    i.mbedtls_mpi_size  bignum.o
    0x08009542   0x08009542   0x0000006e   Code   RO         5355    i.mbedtls_mpi_sub_abs  bignum.o
    0x080095b0   0x080095b0   0x00000030   Code   RO         5356    i.mbedtls_mpi_sub_int  bignum.o
    0x080095e0   0x080095e0   0x00000050   Code   RO         5357    i.mbedtls_mpi_sub_mpi  bignum.o
    0x08009630   0x08009630   0x0000004a   Code   RO         5359    i.mbedtls_mpi_write_binary  bignum.o
    0x0800967a   0x0800967a   0x0000000c   Code   RO         5361    i.mbedtls_mpi_zeroize  bignum.o
    0x08009686   0x08009686   0x00000002   PAD
    0x08009688   0x08009688   0x00000040   Code   RO         6397    i.mbedtls_oid_get_attr_short_name  oid.o
    0x080096c8   0x080096c8   0x00000040   Code   RO         6399    i.mbedtls_oid_get_extended_key_usage  oid.o
    0x08009708   0x08009708   0x0000002c   Code   RO         6403    i.mbedtls_oid_get_oid_by_md  oid.o
    0x08009734   0x08009734   0x00000040   Code   RO         6406    i.mbedtls_oid_get_pk_alg  oid.o
    0x08009774   0x08009774   0x0000001e   Code   RO         6407    i.mbedtls_oid_get_sig_alg  oid.o
    0x08009792   0x08009792   0x00000018   Code   RO         6408    i.mbedtls_oid_get_sig_alg_desc  oid.o
    0x080097aa   0x080097aa   0x00000002   PAD
    0x080097ac   0x080097ac   0x00000040   Code   RO         6409    i.mbedtls_oid_get_x509_ext_type  oid.o
    0x080097ec   0x080097ec   0x00000026   Code   RO         6525    i.mbedtls_pem_free  pem.o
    0x08009812   0x08009812   0x0000000a   Code   RO         6526    i.mbedtls_pem_init  pem.o
    0x0800981c   0x0800981c   0x00000120   Code   RO         6527    i.mbedtls_pem_read_buffer  pem.o
    0x0800993c   0x0800993c   0x00000010   Code   RO         6560    i.mbedtls_pk_can_do  pk.o
    0x0800994c   0x0800994c   0x00000024   Code   RO         6562    i.mbedtls_pk_debug  pk.o
    0x08009970   0x08009970   0x0000003c   Code   RO         6564    i.mbedtls_pk_encrypt  pk.o
    0x080099ac   0x080099ac   0x00000022   Code   RO         6565    i.mbedtls_pk_free   pk.o
    0x080099ce   0x080099ce   0x00000010   Code   RO         6566    i.mbedtls_pk_get_bitlen  pk.o
    0x080099de   0x080099de   0x00000002   PAD
    0x080099e0   0x080099e0   0x0000001c   Code   RO         6567    i.mbedtls_pk_get_name  pk.o
    0x080099fc   0x080099fc   0x0000000e   Code   RO         6568    i.mbedtls_pk_get_type  pk.o
    0x08009a0a   0x08009a0a   0x00000002   PAD
    0x08009a0c   0x08009a0c   0x00000010   Code   RO         6569    i.mbedtls_pk_info_from_type  pk.o
    0x08009a1c   0x08009a1c   0x000000a8   Code   RO         6760    i.mbedtls_pk_parse_subpubkey  pkparse.o
    0x08009ac4   0x08009ac4   0x0000002c   Code   RO         6571    i.mbedtls_pk_setup  pk.o
    0x08009af0   0x08009af0   0x00000058   Code   RO         6572    i.mbedtls_pk_sign   pk.o
    0x08009b48   0x08009b48   0x00000050   Code   RO         6573    i.mbedtls_pk_verify  pk.o
    0x08009b98   0x08009b98   0x00000058   Code   RO         6574    i.mbedtls_pk_verify_ext  pk.o
    0x08009bf0   0x08009bf0   0x00000068   Code   RO         6823    i.mbedtls_rsa_check_privkey  rsa.o
    0x08009c58   0x08009c58   0x0000003c   Code   RO         6824    i.mbedtls_rsa_check_pub_priv  rsa.o
    0x08009c94   0x08009c94   0x00000050   Code   RO         6825    i.mbedtls_rsa_check_pubkey  rsa.o
    0x08009ce4   0x08009ce4   0x00000160   Code   RO         6826    i.mbedtls_rsa_complete  rsa.o
    0x08009e44   0x08009e44   0x0000006e   Code   RO         7004    i.mbedtls_rsa_deduce_crt  rsa_internal.o
    0x08009eb2   0x08009eb2   0x00000002   PAD
    0x08009eb4   0x08009eb4   0x000001ec   Code   RO         7005    i.mbedtls_rsa_deduce_primes  rsa_internal.o
    0x0800a0a0   0x0800a0a0   0x000000b8   Code   RO         7006    i.mbedtls_rsa_deduce_private_exponent  rsa_internal.o
    0x0800a158   0x0800a158   0x0000006e   Code   RO         6831    i.mbedtls_rsa_free  rsa.o
    0x0800a1c6   0x0800a1c6   0x00000004   Code   RO         6832    i.mbedtls_rsa_get_len  rsa.o
    0x0800a1ca   0x0800a1ca   0x0000007a   Code   RO         6834    i.mbedtls_rsa_import_raw  rsa.o
    0x0800a244   0x0800a244   0x00000014   Code   RO         6835    i.mbedtls_rsa_init  rsa.o
    0x0800a258   0x0800a258   0x00000030   Code   RO         6836    i.mbedtls_rsa_pkcs1_decrypt  rsa.o
    0x0800a288   0x0800a288   0x00000024   Code   RO         6837    i.mbedtls_rsa_pkcs1_encrypt  rsa.o
    0x0800a2ac   0x0800a2ac   0x00000030   Code   RO         6838    i.mbedtls_rsa_pkcs1_sign  rsa.o
    0x0800a2dc   0x0800a2dc   0x00000030   Code   RO         6839    i.mbedtls_rsa_pkcs1_verify  rsa.o
    0x0800a30c   0x0800a30c   0x0000026c   Code   RO         6840    i.mbedtls_rsa_private  rsa.o
    0x0800a578   0x0800a578   0x00000088   Code   RO         6841    i.mbedtls_rsa_public  rsa.o
    0x0800a600   0x0800a600   0x00000124   Code   RO         6842    i.mbedtls_rsa_rsaes_pkcs1_v15_decrypt  rsa.o
    0x0800a724   0x0800a724   0x000000dc   Code   RO         6843    i.mbedtls_rsa_rsaes_pkcs1_v15_encrypt  rsa.o
    0x0800a800   0x0800a800   0x000000b8   Code   RO         6844    i.mbedtls_rsa_rsassa_pkcs1_v15_sign  rsa.o
    0x0800a8b8   0x0800a8b8   0x000000bc   Code   RO         6845    i.mbedtls_rsa_rsassa_pkcs1_v15_verify  rsa.o
    0x0800a974   0x0800a974   0x0000011c   Code   RO         7007    i.mbedtls_rsa_validate_crt  rsa_internal.o
    0x0800aa90   0x0800aa90   0x00000178   Code   RO         7008    i.mbedtls_rsa_validate_params  rsa_internal.o
    0x0800ac08   0x0800ac08   0x0000001a   Code   RO         6847    i.mbedtls_safer_memcmp  rsa.o
    0x0800ac22   0x0800ac22   0x00000006   Code   RO         7048    i.mbedtls_sha256_clone  sha256.o
    0x0800ac28   0x0800ac28   0x0000012c   Code   RO         7050    i.mbedtls_sha256_finish_ret  sha256.o
    0x0800ad54   0x0800ad54   0x00000012   Code   RO         7051    i.mbedtls_sha256_free  sha256.o
    0x0800ad66   0x0800ad66   0x00000006   Code   RO         7052    i.mbedtls_sha256_init  sha256.o
    0x0800ad6c   0x0800ad6c   0x00000042   Code   RO         7054    i.mbedtls_sha256_ret  sha256.o
    0x0800adae   0x0800adae   0x00000002   PAD
    0x0800adb0   0x0800adb0   0x00000090   Code   RO         7056    i.mbedtls_sha256_starts_ret  sha256.o
    0x0800ae40   0x0800ae40   0x00000074   Code   RO         7058    i.mbedtls_sha256_update_ret  sha256.o
    0x0800aeb4   0x0800aeb4   0x0000001c   Code   RO         7143    i.mbedtls_ssl_ciphersuite_from_id  ssl_ciphersuites.o
    0x0800aed0   0x0800aed0   0x000000f8   Code   RO         7286    i.mbedtls_ssl_close_notify  ssl_tls.o
    0x0800afc8   0x0800afc8   0x0000000a   Code   RO         7287    i.mbedtls_ssl_conf_authmode  ssl_tls.o
    0x0800afd2   0x0800afd2   0x00000006   Code   RO         7288    i.mbedtls_ssl_conf_ca_chain  ssl_tls.o
    0x0800afd8   0x0800afd8   0x00000006   Code   RO         7292    i.mbedtls_ssl_conf_dbg  ssl_tls.o
    0x0800afde   0x0800afde   0x00000006   Code   RO         7299    i.mbedtls_ssl_conf_rng  ssl_tls.o
    0x0800afe4   0x0800afe4   0x0000006c   Code   RO         7303    i.mbedtls_ssl_config_defaults  ssl_tls.o
    0x0800b050   0x0800b050   0x00000020   Code   RO         7304    i.mbedtls_ssl_config_free  ssl_tls.o
    0x0800b070   0x0800b070   0x00000006   Code   RO         7305    i.mbedtls_ssl_config_init  ssl_tls.o
    0x0800b076   0x0800b076   0x00000002   PAD
    0x0800b078   0x0800b078   0x000005bc   Code   RO         7306    i.mbedtls_ssl_derive_keys  ssl_tls.o
    0x0800b634   0x0800b634   0x00000234   Code   RO         7307    i.mbedtls_ssl_fetch_input  ssl_tls.o
    0x0800b868   0x0800b868   0x000001d4   Code   RO         7308    i.mbedtls_ssl_flush_output  ssl_tls.o
    0x0800ba3c   0x0800ba3c   0x00000100   Code   RO         7309    i.mbedtls_ssl_free  ssl_tls.o
    0x0800bb3c   0x0800bb3c   0x00000010   Code   RO         7311    i.mbedtls_ssl_get_ciphersuite  ssl_tls.o
    0x0800bb4c   0x0800bb4c   0x00000018   Code   RO         7146    i.mbedtls_ssl_get_ciphersuite_name  ssl_ciphersuites.o
    0x0800bb64   0x0800bb64   0x00000148   Code   RO         7318    i.mbedtls_ssl_handle_message_type  ssl_tls.o
    0x0800bcac   0x0800bcac   0x000000a0   Code   RO         7319    i.mbedtls_ssl_handshake  ssl_tls.o
    0x0800bd4c   0x0800bd4c   0x00000160   Code   RO         7193    i.mbedtls_ssl_handshake_client_step  ssl_cli.o
    0x0800beac   0x0800beac   0x0000001e   Code   RO         7320    i.mbedtls_ssl_handshake_free  ssl_tls.o
    0x0800beca   0x0800beca   0x00000002   PAD
    0x0800becc   0x0800becc   0x00000024   Code   RO         7321    i.mbedtls_ssl_handshake_step  ssl_tls.o
    0x0800bef0   0x0800bef0   0x000000ec   Code   RO         7322    i.mbedtls_ssl_handshake_wrapup  ssl_tls.o
    0x0800bfdc   0x0800bfdc   0x00000014   Code   RO         7323    i.mbedtls_ssl_hash_from_md_alg  ssl_tls.o
    0x0800bff0   0x0800bff0   0x00000006   Code   RO         7324    i.mbedtls_ssl_init  ssl_tls.o
    0x0800bff6   0x0800bff6   0x00000002   PAD
    0x0800bff8   0x0800bff8   0x00000008   Code   RO         7149    i.mbedtls_ssl_list_ciphersuites  ssl_ciphersuites.o
    0x0800c000   0x0800c000   0x0000006c   Code   RO         7326    i.mbedtls_ssl_optimize_checksum  ssl_tls.o
    0x0800c06c   0x0800c06c   0x00000016   Code   RO         7327    i.mbedtls_ssl_own_cert  ssl_tls.o
    0x0800c082   0x0800c082   0x00000016   Code   RO         7194    i.mbedtls_ssl_own_key  ssl_cli.o
    0x0800c098   0x0800c098   0x0000043c   Code   RO         7328    i.mbedtls_ssl_parse_certificate  ssl_tls.o
    0x0800c4d4   0x0800c4d4   0x000001c0   Code   RO         7329    i.mbedtls_ssl_parse_change_cipher_spec  ssl_tls.o
    0x0800c694   0x0800c694   0x0000017c   Code   RO         7330    i.mbedtls_ssl_parse_finished  ssl_tls.o
    0x0800c810   0x0800c810   0x00000130   Code   RO         7332    i.mbedtls_ssl_prepare_handshake_record  ssl_tls.o
    0x0800c940   0x0800c940   0x000002fc   Code   RO         7333    i.mbedtls_ssl_read  ssl_tls.o
    0x0800cc3c   0x0800cc3c   0x0000012c   Code   RO         7334    i.mbedtls_ssl_read_record  ssl_tls.o
    0x0800cd68   0x0800cd68   0x00000134   Code   RO         7335    i.mbedtls_ssl_read_record_layer  ssl_tls.o
    0x0800ce9c   0x0800ce9c   0x0000000a   Code   RO         7336    i.mbedtls_ssl_read_version  ssl_tls.o
    0x0800cea6   0x0800cea6   0x00000026   Code   RO         7338    i.mbedtls_ssl_safer_memcmp  ssl_tls.o
    0x0800cecc   0x0800cecc   0x0000012c   Code   RO         7339    i.mbedtls_ssl_send_alert_message  ssl_tls.o
    0x0800cff8   0x0800cff8   0x00000022   Code   RO         7341    i.mbedtls_ssl_session_free  ssl_tls.o
    0x0800d01a   0x0800d01a   0x00000006   Code   RO         7342    i.mbedtls_ssl_session_init  ssl_tls.o
    0x0800d020   0x0800d020   0x0000000e   Code   RO         7344    i.mbedtls_ssl_set_bio  ssl_tls.o
    0x0800d02e   0x0800d02e   0x00000002   PAD
    0x0800d030   0x0800d030   0x00000074   Code   RO         7346    i.mbedtls_ssl_set_hostname  ssl_tls.o
    0x0800d0a4   0x0800d0a4   0x000000c4   Code   RO         7349    i.mbedtls_ssl_setup  ssl_tls.o
    0x0800d168   0x0800d168   0x00000010   Code   RO         7350    i.mbedtls_ssl_sig_from_pk  ssl_tls.o
    0x0800d178   0x0800d178   0x00000034   Code   RO         7355    i.mbedtls_ssl_transform_free  ssl_tls.o
    0x0800d1ac   0x0800d1ac   0x00000016   Code   RO         7356    i.mbedtls_ssl_update_handshake_status  ssl_tls.o
    0x0800d1c2   0x0800d1c2   0x00000002   PAD
    0x0800d1c4   0x0800d1c4   0x000000d4   Code   RO         7357    i.mbedtls_ssl_write  ssl_tls.o
    0x0800d298   0x0800d298   0x0000021c   Code   RO         7358    i.mbedtls_ssl_write_certificate  ssl_tls.o
    0x0800d4b4   0x0800d4b4   0x000000ec   Code   RO         7359    i.mbedtls_ssl_write_change_cipher_spec  ssl_tls.o
    0x0800d5a0   0x0800d5a0   0x00000190   Code   RO         7360    i.mbedtls_ssl_write_finished  ssl_tls.o
    0x0800d730   0x0800d730   0x00000244   Code   RO         7361    i.mbedtls_ssl_write_record  ssl_tls.o
    0x0800d974   0x0800d974   0x00000006   Code   RO         7362    i.mbedtls_ssl_write_version  ssl_tls.o
    0x0800d97a   0x0800d97a   0x00000002   PAD
    0x0800d97c   0x0800d97c   0x00001cf4   Code   RO         6084    i.mbedtls_strerror  error.o
    0x0800f670   0x0800f670   0x000000c0   Code   RO         8007    i.mbedtls_x509_crt_free  x509_crt.o
    0x0800f730   0x0800f730   0x000005b0   Code   RO         8008    i.mbedtls_x509_crt_info  x509_crt.o
    0x0800fce0   0x0800fce0   0x00000008   Code   RO         8009    i.mbedtls_x509_crt_init  x509_crt.o
    0x0800fce8   0x0800fce8   0x00000110   Code   RO         8010    i.mbedtls_x509_crt_parse  x509_crt.o
    0x0800fdf8   0x0800fdf8   0x00000074   Code   RO         8011    i.mbedtls_x509_crt_parse_der  x509_crt.o
    0x0800fe6c   0x0800fe6c   0x000001bc   Code   RO         8014    i.mbedtls_x509_crt_verify_with_profile  x509_crt.o
    0x08010028   0x08010028   0x00000100   Code   RO         7882    i.mbedtls_x509_dn_gets  x509.o
    0x08010128   0x08010128   0x00000010   Code   RO         7883    i.mbedtls_x509_get_alg  x509.o
    0x08010138   0x08010138   0x00000054   Code   RO         7885    i.mbedtls_x509_get_ext  x509.o
    0x0801018c   0x0801018c   0x00000074   Code   RO         7886    i.mbedtls_x509_get_name  x509.o
    0x08010200   0x08010200   0x00000050   Code   RO         7887    i.mbedtls_x509_get_serial  x509.o
    0x08010250   0x08010250   0x0000003c   Code   RO         7888    i.mbedtls_x509_get_sig  x509.o
    0x0801028c   0x0801028c   0x0000003c   Code   RO         7889    i.mbedtls_x509_get_sig_alg  x509.o
    0x080102c8   0x080102c8   0x00000050   Code   RO         7890    i.mbedtls_x509_get_time  x509.o
    0x08010318   0x08010318   0x0000002c   Code   RO         7891    i.mbedtls_x509_key_size_helper  x509.o
    0x08010344   0x08010344   0x0000009c   Code   RO         7892    i.mbedtls_x509_serial_gets  x509.o
    0x080103e0   0x080103e0   0x0000004c   Code   RO         7893    i.mbedtls_x509_sig_alg_gets  x509.o
    0x0801042c   0x0801042c   0x00000004   Code   RO         7894    i.mbedtls_x509_time_is_future  x509.o
    0x08010430   0x08010430   0x00000004   Code   RO         7895    i.mbedtls_x509_time_is_past  x509.o
    0x08010434   0x08010434   0x0000000e   Code   RO         5125    i.mbedtls_zeroize   asn1parse.o
    0x08010442   0x08010442   0x0000000e   Code   RO         5849    i.mbedtls_zeroize   ctr_drbg.o
    0x08010450   0x08010450   0x0000000e   Code   RO         6176    i.mbedtls_zeroize   md.o
    0x0801045e   0x0801045e   0x0000000e   Code   RO         6528    i.mbedtls_zeroize   pem.o
    0x0801046c   0x0801046c   0x0000000e   Code   RO         6848    i.mbedtls_zeroize   rsa.o
    0x0801047a   0x0801047a   0x0000000e   Code   RO         7363    i.mbedtls_zeroize   ssl_tls.o
    0x08010488   0x08010488   0x0000000e   Code   RO         8015    i.mbedtls_zeroize   x509_crt.o
    0x08010496   0x08010496   0x000000be   Code   RO         5363    i.mpi_montmul       bignum.o
    0x08010554   0x08010554   0x00000020   Code   RO         5364    i.mpi_montred       bignum.o
    0x08010574   0x08010574   0x00000382   Code   RO         5365    i.mpi_mul_hlp       bignum.o
    0x080108f6   0x080108f6   0x0000004c   Code   RO         5366    i.mpi_sub_hlp       bignum.o
    0x08010942   0x08010942   0x00000002   PAD
    0x08010944   0x08010944   0x00000034   Code   RO         6410    i.oid_sig_alg_from_asn1  oid.o
    0x08010978   0x08010978   0x000001b8   Code   RO         4799    i.parseDHCPMSG      dhcp.o
    0x08010b30   0x08010b30   0x000000d6   Code   RO         4712    i.parseDNSMSG       dns.o
    0x08010c06   0x08010c06   0x00000002   PAD
    0x08010c08   0x08010c08   0x00000072   Code   RO         4713    i.parse_name        dns.o
    0x08010c7a   0x08010c7a   0x00000002   PAD
    0x08010c7c   0x08010c7c   0x0000004c   Code   RO         6761    i.pk_get_pk_alg     pkparse.o
    0x08010cc8   0x08010cc8   0x000000c4   Code   RO         6762    i.pk_get_rsapubkey  pkparse.o
    0x08010d8c   0x08010d8c   0x00000020   Code   RO         6575    i.pk_hashlen_helper  pk.o
    0x08010dac   0x08010dac   0x0000000c   Code   RO         4714    i.put16             dns.o
    0x08010db8   0x08010db8   0x000000e4   Code   RO         4219    i.recv              socket.o
    0x08010e9c   0x08010e9c   0x00000214   Code   RO         4220    i.recvfrom          socket.o
    0x080110b0   0x080110b0   0x00000030   Code   RO         4800    i.reg_dhcp_cbfunc   dhcp.o
    0x080110e0   0x080110e0   0x00000024   Code   RO         4299    i.reg_wizchip_cs_cbfunc  wizchip_conf.o
    0x08011104   0x08011104   0x0000002c   Code   RO         4300    i.reg_wizchip_spi_cbfunc  wizchip_conf.o
    0x08011130   0x08011130   0x0000002c   Code   RO         4301    i.reg_wizchip_spiburst_cbfunc  wizchip_conf.o
    0x0801115c   0x0801115c   0x00000014   Code   RO         4801    i.reset_DHCP_timeout  dhcp.o
    0x08011170   0x08011170   0x0000001a   Code   RO         6668    i.rsa_alloc_wrap    pk_wrap.o
    0x0801118a   0x0801118a   0x00000010   Code   RO         6669    i.rsa_can_do        pk_wrap.o
    0x0801119a   0x0801119a   0x00000002   PAD
    0x0801119c   0x0801119c   0x000000b4   Code   RO         6849    i.rsa_check_context  rsa.o
    0x08011250   0x08011250   0x00000004   Code   RO         6670    i.rsa_check_pair_wrap  pk_wrap.o
    0x08011254   0x08011254   0x0000002c   Code   RO         6671    i.rsa_debug         pk_wrap.o
    0x08011280   0x08011280   0x00000044   Code   RO         6672    i.rsa_decrypt_wrap  pk_wrap.o
    0x080112c4   0x080112c4   0x00000040   Code   RO         6673    i.rsa_encrypt_wrap  pk_wrap.o
    0x08011304   0x08011304   0x00000012   Code   RO         6674    i.rsa_free_wrap     pk_wrap.o
    0x08011316   0x08011316   0x0000000a   Code   RO         6675    i.rsa_get_bitlen    pk_wrap.o
    0x08011320   0x08011320   0x000000b8   Code   RO         6850    i.rsa_prepare_blinding  rsa.o
    0x080113d8   0x080113d8   0x00000114   Code   RO         6851    i.rsa_rsassa_pkcs1_v15_encode  rsa.o
    0x080114ec   0x080114ec   0x00000034   Code   RO         6676    i.rsa_sign_wrap     pk_wrap.o
    0x08011520   0x08011520   0x00000054   Code   RO         6677    i.rsa_verify_wrap   pk_wrap.o
    0x08011574   0x08011574   0x00000100   Code   RO         4802    i.send_DHCP_DECLINE  dhcp.o
    0x08011674   0x08011674   0x000001d8   Code   RO         4803    i.send_DHCP_DISCOVER  dhcp.o
    0x0801184c   0x0801184c   0x00000290   Code   RO         4804    i.send_DHCP_REQUEST  dhcp.o
    0x08011adc   0x08011adc   0x00000180   Code   RO         4222    i.sendto            socket.o
    0x08011c5c   0x08011c5c   0x00000004   Code   RO         6299    i.sha224_clone_wrap  md_wrap.o
    0x08011c60   0x08011c60   0x00000016   Code   RO         6300    i.sha224_ctx_alloc  md_wrap.o
    0x08011c76   0x08011c76   0x00000012   Code   RO         6301    i.sha224_ctx_free   md_wrap.o
    0x08011c88   0x08011c88   0x00000004   Code   RO         6302    i.sha224_finish_wrap  md_wrap.o
    0x08011c8c   0x08011c8c   0x00000004   Code   RO         6303    i.sha224_process_wrap  md_wrap.o
    0x08011c90   0x08011c90   0x00000006   Code   RO         6304    i.sha224_starts_wrap  md_wrap.o
    0x08011c96   0x08011c96   0x00000004   Code   RO         6305    i.sha224_update_wrap  md_wrap.o
    0x08011c9a   0x08011c9a   0x00000006   Code   RO         6306    i.sha224_wrap       md_wrap.o
    0x08011ca0   0x08011ca0   0x00000006   Code   RO         6307    i.sha256_starts_wrap  md_wrap.o
    0x08011ca6   0x08011ca6   0x00000006   Code   RO         6308    i.sha256_wrap       md_wrap.o
    0x08011cac   0x08011cac   0x0000011c   Code   RO         4224    i.socket            socket.o
    0x08011dc8   0x08011dc8   0x0000001c   Code   RO          811    i.spi_rb            ethernet_clp.o
    0x08011de4   0x08011de4   0x00000018   Code   RO          812    i.spi_wb            ethernet_clp.o
    0x08011dfc   0x08011dfc   0x00000170   Code   RO         7364    i.ssl_calc_finished_tls_sha256  ssl_tls.o
    0x08011f6c   0x08011f6c   0x000000dc   Code   RO         7365    i.ssl_calc_verify_tls_sha256  ssl_tls.o
    0x08012048   0x08012048   0x000004f4   Code   RO         7366    i.ssl_decrypt_buf   ssl_tls.o
    0x0801253c   0x0801253c   0x00000328   Code   RO         7367    i.ssl_encrypt_buf   ssl_tls.o
    0x08012864   0x08012864   0x00000138   Code   RO         7368    i.ssl_handshake_init  ssl_tls.o
    0x0801299c   0x0801299c   0x00000094   Code   RO         7369    i.ssl_handshake_wrapup_free_hs_transform  ssl_tls.o
    0x08012a30   0x08012a30   0x000002c0   Code   RO         7195    i.ssl_parse_certificate_request  ssl_cli.o
    0x08012cf0   0x08012cf0   0x000001e4   Code   RO         7370    i.ssl_parse_record_header  ssl_tls.o
    0x08012ed4   0x08012ed4   0x000007a8   Code   RO         7196    i.ssl_parse_server_hello  ssl_cli.o
    0x0801367c   0x0801367c   0x00000148   Code   RO         7197    i.ssl_parse_server_hello_done  ssl_cli.o
    0x080137c4   0x080137c4   0x00000224   Code   RO         7198    i.ssl_parse_server_key_exchange  ssl_cli.o
    0x080139e8   0x080139e8   0x00000114   Code   RO         7371    i.ssl_prepare_record_content  ssl_tls.o
    0x08013afc   0x08013afc   0x00000074   Code   RO         7374    i.ssl_set_timer     ssl_tls.o
    0x08013b70   0x08013b70   0x00000008   Code   RO         7375    i.ssl_update_checksum_sha256  ssl_tls.o
    0x08013b78   0x08013b78   0x00000008   Code   RO         7376    i.ssl_update_checksum_start  ssl_tls.o
    0x08013b80   0x08013b80   0x000002b8   Code   RO         7199    i.ssl_write_certificate_verify  ssl_cli.o
    0x08013e38   0x08013e38   0x000004cc   Code   RO         7200    i.ssl_write_client_hello  ssl_cli.o
    0x08014304   0x08014304   0x00000140   Code   RO         7201    i.ssl_write_client_key_exchange  ssl_cli.o
    0x08014444   0x08014444   0x000001e8   Code   RO         7202    i.ssl_write_encrypted_pms  ssl_cli.o
    0x0801462c   0x0801462c   0x0000009c   Code   RO         7377    i.ssl_write_real    ssl_tls.o
    0x080146c8   0x080146c8   0x00000120   Code   RO         7203    i.ssl_write_signature_algorithms_ext  ssl_cli.o
    0x080147e8   0x080147e8   0x0000011c   Code   RO         7378    i.tls_prf_generic   ssl_tls.o
    0x08014904   0x08014904   0x0000001e   Code   RO         7379    i.tls_prf_sha256    ssl_tls.o
    0x08014922   0x08014922   0x00000060   Code   RO         4520    i.wiz_recv_data     w5500.o
    0x08014982   0x08014982   0x00000042   Code   RO         4521    i.wiz_recv_ignore   w5500.o
    0x080149c4   0x080149c4   0x00000060   Code   RO         4522    i.wiz_send_data     w5500.o
    0x08014a24   0x08014a24   0x00000018   Code   RO         4949    i.wiz_tls_close_notify  sslinterface.o
    0x08014a3c   0x08014a3c   0x00000114   Code   RO         4950    i.wiz_tls_connect   sslinterface.o
    0x08014b50   0x08014b50   0x00000038   Code   RO         4951    i.wiz_tls_deinit    sslinterface.o
    0x08014b88   0x08014b88   0x0000018c   Code   RO         4952    i.wiz_tls_init      sslinterface.o
    0x08014d14   0x08014d14   0x00000006   Code   RO         4953    i.wiz_tls_read      sslinterface.o
    0x08014d1a   0x08014d1a   0x00000006   Code   RO         4954    i.wiz_tls_write     sslinterface.o
    0x08014d20   0x08014d20   0x00000004   Code   RO         4302    i.wizchip_bus_readdata  wizchip_conf.o
    0x08014d24   0x08014d24   0x00000004   Code   RO         4303    i.wizchip_bus_writedata  wizchip_conf.o
    0x08014d28   0x08014d28   0x00000002   Code   RO         4305    i.wizchip_cris_enter  wizchip_conf.o
    0x08014d2a   0x08014d2a   0x00000002   Code   RO         4306    i.wizchip_cris_exit  wizchip_conf.o
    0x08014d2c   0x08014d2c   0x00000002   Code   RO         4307    i.wizchip_cs_deselect  wizchip_conf.o
    0x08014d2e   0x08014d2e   0x00000002   Code   RO         4308    i.wizchip_cs_select  wizchip_conf.o
    0x08014d30   0x08014d30   0x0000007a   Code   RO         4314    i.wizchip_init      wizchip_conf.o
    0x08014daa   0x08014daa   0x00000002   PAD
    0x08014dac   0x08014dac   0x00000058   Code   RO         4316    i.wizchip_setnetinfo  wizchip_conf.o
    0x08014e04   0x08014e04   0x00000002   Code   RO         4319    i.wizchip_spi_readburst  wizchip_conf.o
    0x08014e06   0x08014e06   0x00000004   Code   RO         4320    i.wizchip_spi_readbyte  wizchip_conf.o
    0x08014e0a   0x08014e0a   0x00000002   Code   RO         4321    i.wizchip_spi_writeburst  wizchip_conf.o
    0x08014e0c   0x08014e0c   0x00000002   Code   RO         4322    i.wizchip_spi_writebyte  wizchip_conf.o
    0x08014e0e   0x08014e0e   0x00000074   Code   RO         4323    i.wizchip_sw_reset  wizchip_conf.o
    0x08014e82   0x08014e82   0x00000054   Code   RO         8016    i.x509_check_wildcard  x509_crt.o
    0x08014ed6   0x08014ed6   0x00000054   Code   RO         8017    i.x509_crt_check_parent  x509_crt.o
    0x08014f2a   0x08014f2a   0x00000002   PAD
    0x08014f2c   0x08014f2c   0x00000308   Code   RO         8018    i.x509_crt_parse_der_core  x509_crt.o
    0x08015234   0x08015234   0x000001d0   Code   RO         8019    i.x509_crt_verify_child  x509_crt.o
    0x08015404   0x08015404   0x000001b8   Code   RO         8020    i.x509_crt_verify_top  x509_crt.o
    0x080155bc   0x080155bc   0x0000007c   Code   RO         7896    i.x509_date_is_valid  x509.o
    0x08015638   0x08015638   0x0000009c   Code   RO         7897    i.x509_get_attr_type_value  x509.o
    0x080156d4   0x080156d4   0x0000007c   Code   RO         8021    i.x509_get_basic_constraints  x509_crt.o
    0x08015750   0x08015750   0x000001e4   Code   RO         8022    i.x509_get_crt_ext  x509_crt.o
    0x08015934   0x08015934   0x000000b4   Code   RO         8023    i.x509_get_subject_alt_name  x509_crt.o
    0x080159e8   0x080159e8   0x00000036   Code   RO         8024    i.x509_get_uid      x509_crt.o
    0x08015a1e   0x08015a1e   0x00000002   PAD
    0x08015a20   0x08015a20   0x00000184   Code   RO         8025    i.x509_info_cert_type  x509_crt.o
    0x08015ba4   0x08015ba4   0x000001c8   Code   RO         8026    i.x509_info_key_usage  x509_crt.o
    0x08015d6c   0x08015d6c   0x00000030   Code   RO         8027    i.x509_memcasecmp   x509_crt.o
    0x08015d9c   0x08015d9c   0x00000082   Code   RO         8028    i.x509_name_cmp     x509_crt.o
    0x08015e1e   0x08015e1e   0x00000002   PAD
    0x08015e20   0x08015e20   0x0000003c   Code   RO         7898    i.x509_parse_int    x509.o
    0x08015e5c   0x08015e5c   0x000000b8   Code   RO         7899    i.x509_parse_time   x509.o
    0x08015f14   0x08015f14   0x00000024   Code   RO         8029    i.x509_profile_check_key  x509_crt.o
    0x08015f38   0x08015f38   0x00000016   Code   RO         8030    i.x509_profile_check_md_alg  x509_crt.o
    0x08015f4e   0x08015f4e   0x00000016   Code   RO         8031    i.x509_profile_check_pk_alg  x509_crt.o
    0x08015f64   0x08015f64   0x0000002f   Data   RO          819    .constdata          ethernet_clp.o
    0x08015f93   0x08015f93   0x00000010   Data   RO         3783    .constdata          system_stm32f1xx.o
    0x08015fa3   0x08015fa3   0x00000008   Data   RO         3784    .constdata          system_stm32f1xx.o
    0x08015fab   0x08015fab   0x000004c1   Data   RO         4957    .constdata          sslinterface.o
    0x0801646c   0x0801646c   0x000000c0   Data   RO         5301    .constdata          base64.o
    0x0801652c   0x0801652c   0x0000001c   Data   RO         5775    .constdata          cipher_wrap.o
    0x08016548   0x08016548   0x0000001c   Data   RO         5776    .constdata          cipher_wrap.o
    0x08016564   0x08016564   0x0000001c   Data   RO         5777    .constdata          cipher_wrap.o
    0x08016580   0x08016580   0x0000001c   Data   RO         5778    .constdata          cipher_wrap.o
    0x0801659c   0x0801659c   0x0000001c   Data   RO         5779    .constdata          cipher_wrap.o
    0x080165b8   0x080165b8   0x0000001c   Data   RO         5780    .constdata          cipher_wrap.o
    0x080165d4   0x080165d4   0x0000001c   Data   RO         5781    .constdata          cipher_wrap.o
    0x080165f0   0x080165f0   0x00000038   Data   RO         5782    .constdata          cipher_wrap.o
    0x08016628   0x08016628   0x00000030   Data   RO         6309    .constdata          md_wrap.o
    0x08016658   0x08016658   0x00000030   Data   RO         6310    .constdata          md_wrap.o
    0x08016688   0x08016688   0x000003cc   Data   RO         6411    .constdata          oid.o
    0x08016a54   0x08016a54   0x00000030   Data   RO         6678    .constdata          pk_wrap.o
    0x08016a84   0x08016a84   0x00000140   Data   RO         7059    .constdata          sha256.o
    0x08016bc4   0x08016bc4   0x00000070   Data   RO         7150    .constdata          ssl_ciphersuites.o
    0x08016c34   0x08016c34   0x000000b8   Data   RO         8032    .constdata          x509_crt.o
    0x08016cec   0x08016cec   0x00000010   Data   RO         8034    .constdata          x509_crt.o
    0x08016cfc   0x08016cfc   0x00000049   Data   RO          820    .conststring        ethernet_clp.o
    0x08016d45   0x08016d45   0x00000003   PAD
    0x08016d48   0x08016d48   0x0000000c   Data   RO         5783    .conststring        cipher_wrap.o
    0x08016d54   0x08016d54   0x0000000c   Data   RO         5784    .conststring        cipher_wrap.o
    0x08016d60   0x08016d60   0x0000000c   Data   RO         5785    .conststring        cipher_wrap.o
    0x08016d6c   0x08016d6c   0x0000000c   Data   RO         5786    .conststring        cipher_wrap.o
    0x08016d78   0x08016d78   0x0000000c   Data   RO         5787    .conststring        cipher_wrap.o
    0x08016d84   0x08016d84   0x0000000c   Data   RO         5788    .conststring        cipher_wrap.o
    0x08016d90   0x08016d90   0x00000a22   Data   RO         6085    .conststring        error.o
    0x080177b2   0x080177b2   0x00000002   PAD
    0x080177b4   0x080177b4   0x0000077b   Data   RO         6412    .conststring        oid.o
    0x08017f2f   0x08017f2f   0x00000001   PAD
    0x08017f30   0x08017f30   0x00000041   Data   RO         7151    .conststring        ssl_ciphersuites.o
    0x08017f71   0x08017f71   0x00000003   PAD
    0x08017f74   0x08017f74   0x000000a4   Data   RO         7204    .conststring        ssl_cli.o
    0x08018018   0x08018018   0x0000004e   Data   RO         7380    .conststring        ssl_tls.o
    0x08018066   0x08018066   0x00000002   PAD
    0x08018068   0x08018068   0x00000406   Data   RO         8035    .conststring        x509_crt.o
    0x0801846e   0x0801846e   0x00000002   PAD
    0x08018470   0x08018470   0x00000020   Data   RO         8551    Region$$Table       anon$$obj.o


    Execution Region RW_IRAM1 (Exec base: 0x20000000, Load base: 0x08018490, Size: 0x00005178, Max: 0x0000c000, ABSOLUTE, COMPRESSED[0x00000114])

    Exec Addr    Load Addr    Size         Type   Attr      Idx    E Section Name        Object

    0x20000000   COMPRESSED   0x0000001c   Data   RW          476    .data               usbd_desc.o
    0x2000001c   COMPRESSED   0x00000032   Data   RW          477    .data               usbd_desc.o
    0x2000004e   COMPRESSED   0x00000002   PAD
    0x20000050   COMPRESSED   0x00000010   Data   RW          559    .data               usbd_cdc_if.o
    0x20000060   COMPRESSED   0x00000011   Data   RW          821    .data               ethernet_clp.o
    0x20000071   COMPRESSED   0x00000003   PAD
    0x20000074   COMPRESSED   0x0000000c   Data   RW         1449    .data               stm32f1xx_hal.o
    0x20000080   COMPRESSED   0x00000004   Data   RW         3785    .data               system_stm32f1xx.o
    0x20000084   COMPRESSED   0x00000001   Data   RW         3965    .data               usbd_ctlreq.o
    0x20000085   COMPRESSED   0x00000003   PAD
    0x20000088   COMPRESSED   0x000000d7   Data   RW         4097    .data               usbd_cdc.o
    0x2000015f   COMPRESSED   0x00000001   PAD
    0x20000160   COMPRESSED   0x00000038   Data   RW         4098    .data               usbd_cdc.o
    0x20000198   COMPRESSED   0x0000000e   Data   RW         4226    .data               socket.o
    0x200001a6   COMPRESSED   0x00000002   PAD
    0x200001a8   COMPRESSED   0x00000034   Data   RW         4331    .data               wizchip_conf.o
    0x200001dc   COMPRESSED   0x00000010   Data   RW         4613    .data               ethernet_ssl.o
    0x200001ec   COMPRESSED   0x0000000c   Data   RW         4715    .data               dns.o
    0x200001f8   COMPRESSED   0x0000004e   Data   RW         4805    .data               dhcp.o
    0x20000246   COMPRESSED   0x00000002   PAD
    0x20000248   COMPRESSED   0x00000004   Data   RW         5034    .data               aes.o
    0x2000024c   COMPRESSED   0x00000004   Data   RW         5934    .data               debug.o
    0x20000250   COMPRESSED   0x00000024   Data   RW         7381    .data               ssl_tls.o
    0x20000274   COMPRESSED   0x00000004   Data   RW         8185    .data               mc_w.l(stdout.o)
    0x20000278   COMPRESSED   0x00000004   Data   RW         8191    .data               mc_w.l(rand.o)
    0x2000027c   COMPRESSED   0x00000004   Data   RW         8530    .data               mc_w.l(mvars.o)
    0x20000280   COMPRESSED   0x00000004   Data   RW         8531    .data               mc_w.l(mvars.o)
    0x20000284        -       0x0000011c   Zero   RW           19    .bss                main.o
    0x200003a0        -       0x000002c4   Zero   RW          204    .bss                usb_device.o
    0x20000664        -       0x0000050c   Zero   RW          287    .bss                usbd_conf.o
    0x20000b70        -       0x00000200   Zero   RW          475    .bss                usbd_desc.o
    0x20000d70        -       0x000007d0   Zero   RW          558    .bss                usbd_cdc_if.o
    0x20001540        -       0x00000800   Zero   RW          818    .bss                ethernet_clp.o
    0x20001d40        -       0x00000010   Zero   RW         4225    .bss                socket.o
    0x20001d50        -       0x00000800   Zero   RW         4612    .bss                ethernet_ssl.o
    0x20002550        -       0x00000400   Zero   RW         4956    .bss                sslinterface.o
    0x20002950        -       0x00002228   Zero   RW         5033    .bss                aes.o
    0x20004b78        -       0x00000200   Zero   RW            2    HEAP                startup_stm32f103xe.o
    0x20004d78        -       0x00000400   Zero   RW            1    STACK               startup_stm32f103xe.o


==============================================================================

Image component sizes


      Code (inc. data)   RO Data    RW Data    ZI Data      Debug   Object Name

      3292         68          0          4       8744      11706   aes.o
       724          0          0          0          0      11617   asn1parse.o
       316          6        192          0          0       2052   base64.o
      6138          0          0          0          0      33926   bignum.o
      1002         64          0          0          0      16331   cipher.o
        74          0        324          0          0      11038   cipher_wrap.o
        52          0          0          0          0       3492   ctr_drbg.o
      1400        228          0          4          0      48365   debug.o
      3008        136          0         78          0      16481   dhcp.o
       948         34          0         12          0       9531   dns.o
      7412       5380       2594          0          0       9083   error.o
       940        408        120         17       2048      10182   ethernet_clp.o
       160         66          0         16       2048      29510   ethernet_ssl.o
       682         58          0          0        284     503973   main.o
       606         42          0          0          0      11012   md.o
        80          0         96          0          0       7770   md_wrap.o
       406         34       2887          0          0      32805   oid.o
       350         38          0          0          0       3664   pem.o
       552         60          0          0          0      13222   pk.o
       386         38         48          0          0      10443   pk_wrap.o
       440         20          0          0          0       5245   pkparse.o
      3352         98          0          0          0      25203   rsa.o
      1446         72          0          0          0       5920   rsa_internal.o
      2764         74        320          0          0       8072   sha256.o
      1808         40          0         14         16       7475   socket.o
        60         18        177          0          0       2969   ssl_ciphersuites.o
      6934       3006        164          0          0      36616   ssl_cli.o
        58          0          0          0          0       2238   ssl_random.o
     15020       5916         78         36          0      80643   ssl_tls.o
       798        314       1217          0       1024       7276   sslinterface.o
        36          8        304          0       1536        812   startup_stm32f103xe.o
       164         28          0         12          0       6585   stm32f1xx_hal.o
       616         28          0          0          0       3392   stm32f1xx_hal_adc.o
       198         14          0          0          0      29007   stm32f1xx_hal_cortex.o
       530         42          0          0          0       3557   stm32f1xx_hal_gpio.o
       392         16          0          0          0       3103   stm32f1xx_hal_i2c.o
       484         64          0          0          0       3639   stm32f1xx_hal_msp.o
      2684          0          0          0          0      13353   stm32f1xx_hal_pcd.o
        60          0          0          0          0       1198   stm32f1xx_hal_pcd_ex.o
      1272        100          0          0          0       5260   stm32f1xx_hal_rcc.o
       236         12          0          0          0       1404   stm32f1xx_hal_rcc_ex.o
      1672          4          0          0          0       8230   stm32f1xx_hal_spi.o
       282          6          0          0          0       1944   stm32f1xx_hal_uart.o
        32          6          0          0          0       4343   stm32f1xx_it.o
      2440          0          0          0          0      16223   stm32f1xx_ll_usb.o
         2          0         24          4          0       1123   system_stm32f1xx.o
        52          0          0          0          0       1182   uart_usb.o
        84         18          0          0        708       2539   usb_device.o
       726         16          0        271          0      13242   usbd_cdc.o
       112         22          0         16       2000       3188   usbd_cdc_if.o
       556         30          0          0       1292      13725   usbd_conf.o
       670          0          0          0          0       9619   usbd_core.o
      1186         28          0          1          0       8012   usbd_ctlreq.o
       288        104          0         78        512       5761   usbd_desc.o
       132          0          0          0          0       4400   usbd_ioreq.o
       822         18          0          0          0       6734   w5500.o
       476         48          0         52          0      13253   wizchip_conf.o
      1560        152          0          0          0      15285   x509.o
      6294        912       1230          0          0      29806   x509_crt.o

    ----------------------------------------------------------------------
     85364      17894       9820        628      20212    1207779   Object Totals
         0          0         32          0          0          0   (incl. Generated)
        98          0         13         13          0          0   (incl. Padding)

    ----------------------------------------------------------------------

      Code (inc. data)   RO Data    RW Data    ZI Data      Debug   Library Member Name

        86          0          0          0          0          0   __dczerorl2.o
        28          0          0          0          0         76   calloc.o
         0          0          0          0          0          0   entry.o
         0          0          0          0          0          0   entry10a.o
         0          0          0          0          0          0   entry11a.o
         4          0          0          0          0          0   entry12b.o
         8          4          0          0          0          0   entry2.o
         4          0          0          0          0          0   entry5.o
         0          0          0          0          0          0   entry7b.o
         0          0          0          0          0          0   entry8b.o
         8          4          0          0          0          0   entry9a.o
        30          0          0          0          0          0   handlers.o
        36          8          0          0          0         68   init.o
         0          0          0          0          0          0   iusefp.o
        30          0          0          0          0         68   llshl.o
        36          0          0          0          0         68   llsshr.o
        32          0          0          0          0         68   llushr.o
       188         20          0          0          0        160   malloc.o
        26          0          0          0          0         80   memcmp.o
        64          0          0          0          0         76   memmovea.o
        36          0          0          0          0        108   memseta.o
         0          0          0          8          0          0   mvars.o
      2312         90          0          0          0        616   printfa.o
        36         10          0          4          0        136   rand.o
         0          0          0          4          0          0   stdout.o
        20          0          0          0          0         68   strchr.o
        18          0          0          0          0         68   strcpy.o
        14          0          0          0          0         68   strlen.o
        24          0          0          0          0         76   strncpy.o
        36          0          0          0          0         80   strstr.o
        44          0          0          0          0         80   uidiv.o
        98          0          0          0          0         92   uldiv.o
        48          0          0          0          0         68   cdrcmple.o
       334          0          0          0          0        148   dadd.o
       222          0          0          0          0        100   ddiv.o
       186          0          0          0          0        176   depilogue.o
        48          0          0          0          0         68   dfixul.o
       228          0          0          0          0         96   dmul.o

    ----------------------------------------------------------------------
      4288        136          0         16          0       2712   Library Totals
         4          0          0          0          0          0   (incl. Padding)

    ----------------------------------------------------------------------

      Code (inc. data)   RO Data    RW Data    ZI Data      Debug   Library Name

      3218        136          0         16          0       2056   mc_w.l
      1066          0          0          0          0        656   mf_w.l

    ----------------------------------------------------------------------
      4288        136          0         16          0       2712   Library Totals

    ----------------------------------------------------------------------

==============================================================================


      Code (inc. data)   RO Data    RW Data    ZI Data      Debug   

     89652      18030       9820        644      20212    1181083   Grand Totals
     89652      18030       9820        276      20212    1181083   ELF Image Totals (compressed)
     89652      18030       9820        276          0          0   ROM Totals

==============================================================================

    Total RO  Size (Code + RO Data)                99472 (  97.14kB)
    Total RW  Size (RW Data + ZI Data)             20856 (  20.37kB)
    Total ROM Size (Code + RO Data + RW Data)      99748 (  97.41kB)

==============================================================================

